Product: MDK-ARM Standard 5.10
Component: ARM Compiler 5.04 update 1 (build 49)
Tool: armlink [5040049]

==============================================================================

Section Cross References

    main.o(i.advertising_init) refers to memseta.o(.text) for __aeabi_memclr4
    main.o(i.advertising_init) refers to ble_advdata.o(i.ble_advdata_set) for ble_advdata_set
    main.o(i.advertising_init) refers to main.o(i.app_error_handler) for app_error_handler
    main.o(i.advertising_init) refers to main.o(.bss) for advdata
    main.o(i.advertising_init) refers to main.o(.data) for flags
    main.o(i.advertising_start) refers to memseta.o(.text) for __aeabi_memclr4
    main.o(i.advertising_start) refers to main.o(i.app_error_handler) for app_error_handler
    main.o(i.assert_nrf_callback) refers to main.o(i.app_error_handler) for app_error_handler
    main.o(i.battery_start) refers to uidiv.o(.text) for __aeabi_uidivmod
    main.o(i.ble_evt_dispatch) refers to main.o(i.on_ble_evt) for on_ble_evt
    main.o(i.ble_stack_init) refers to softdevice_handler.o(i.softdevice_handler_init) for softdevice_handler_init
    main.o(i.ble_stack_init) refers to main.o(i.app_error_handler) for app_error_handler
    main.o(i.ble_stack_init) refers to softdevice_handler.o(i.softdevice_ble_evt_handler_set) for softdevice_ble_evt_handler_set
    main.o(i.ble_stack_init) refers to softdevice_handler.o(i.softdevice_sys_evt_handler_set) for softdevice_sys_evt_handler_set
    main.o(i.ble_stack_init) refers to main.o(.bss) for BLE_EVT_BUFFER
    main.o(i.ble_stack_init) refers to main.o(i.ble_evt_dispatch) for ble_evt_dispatch
    main.o(i.ble_stack_init) refers to main.o(i.sys_evt_dispatch) for sys_evt_dispatch
    main.o(i.char_notify) refers to pstorage.o(i.pstorage_block_identifier_get) for pstorage_block_identifier_get
    main.o(i.char_notify) refers to main.o(i.app_error_handler) for app_error_handler
    main.o(i.char_notify) refers to pstorage.o(i.pstorage_load) for pstorage_load
    main.o(i.char_notify) refers to main.o(.data) for m_conn_handle
    main.o(i.char_notify) refers to main.o(.bss) for m_bas
    main.o(i.conn_params_error_handler) refers to main.o(i.app_error_handler) for app_error_handler
    main.o(i.conn_params_init) refers to memseta.o(.text) for __aeabi_memclr4
    main.o(i.conn_params_init) refers to ble_conn_params.o(i.ble_conn_params_init) for ble_conn_params_init
    main.o(i.conn_params_init) refers to main.o(i.app_error_handler) for app_error_handler
    main.o(i.conn_params_init) refers to main.o(i.on_conn_params_evt) for on_conn_params_evt
    main.o(i.conn_params_init) refers to main.o(i.conn_params_error_handler) for conn_params_error_handler
    main.o(i.gap_params_init) refers to main.o(i.char_hex) for char_hex
    main.o(i.gap_params_init) refers to main.o(i.app_error_handler) for app_error_handler
    main.o(i.gap_params_init) refers to main.o(.data) for device_name
    main.o(i.get_data) refers to _scanf_int.o(.text) for _scanf_int
    main.o(i.get_data) refers to simple_uart.o(i.simple_uart_config) for simple_uart_config
    main.o(i.get_data) refers to simple_uart.o(i.simple_uart_get_with_timeout) for simple_uart_get_with_timeout
    main.o(i.get_data) refers to __0sscanf.o(.text) for __0sscanf
    main.o(i.get_data) refers to main.o(i.nrf_gpio_pin_clear) for nrf_gpio_pin_clear
    main.o(i.get_data) refers to main.o(i.battery_start) for battery_start
    main.o(i.get_data) refers to pstorage.o(i.pstorage_store) for pstorage_store
    main.o(i.get_data) refers to main.o(i.app_error_handler) for app_error_handler
    main.o(i.get_data) refers to main.o(.bss) for uart_data
    main.o(i.get_data) refers to main.o(.data) for timer_counter
    main.o(i.main) refers to app_timer.o(i.app_timer_init) for app_timer_init
    main.o(i.main) refers to main.o(i.app_error_handler) for app_error_handler
    main.o(i.main) refers to app_timer.o(i.app_timer_create) for app_timer_create
    main.o(i.main) refers to main.o(i.ble_stack_init) for ble_stack_init
    main.o(i.main) refers to main.o(i.nrf_gpio_pin_clear) for nrf_gpio_pin_clear
    main.o(i.main) refers to nrf_delay.o(i.nrf_delay_ms) for nrf_delay_ms
    main.o(i.main) refers to pstorage.o(i.pstorage_init) for pstorage_init
    main.o(i.main) refers to pstorage.o(i.pstorage_register) for pstorage_register
    main.o(i.main) refers to pstorage.o(i.pstorage_clear) for pstorage_clear
    main.o(i.main) refers to app_timer.o(i.app_timer_start) for app_timer_start
    main.o(i.main) refers to main.o(i.power_manage) for power_manage
    main.o(i.main) refers to main.o(.bss) for APP_TIMER_BUF
    main.o(i.main) refers to main.o(i.weakup_timeout_handler) for weakup_timeout_handler
    main.o(i.main) refers to main.o(.data) for weakup_id
    main.o(i.main) refers to main.o(i.weakup_meantimeout_handler) for weakup_meantimeout_handler
    main.o(i.main) refers to main.o(i.example_cb_handler) for example_cb_handler
[...]
    main.o(i.on_write) refers to main.o(i.char_notify) for char_notify
    main.o(i.on_write) refers to main.o(.bss) for m_bas
    main.o(i.on_write) refers to main.o(.data) for notify_id
    main.o(i.power_manage) refers to main.o(i.app_error_handler) for app_error_handler
    main.o(i.sec_params_init) refers to main.o(.data) for m_sec_params
    main.o(i.service_add) refers to main.o(i.app_error_handler) for app_error_handler
    main.o(i.service_add) refers to memseta.o(.text) for __aeabi_memclr4
    main.o(i.service_add) refers to main.o(.data) for m_service_handle
    main.o(i.service_add) refers to main.o(.bss) for m_bas
    main.o(i.sys_evt_dispatch) refers to pstorage.o(i.pstorage_sys_event_handler) for pstorage_sys_event_handler
    main.o(i.weakup_meantimeout_handler) refers to main.o(i.advertising_start) for advertising_start
    main.o(i.weakup_meantimeout_handler) refers to main.o(.data) for adv_interval
    main.o(i.weakup_timeout_handler) refers to uidiv.o(.text) for __aeabi_uidivmod
    main.o(i.weakup_timeout_handler) refers to main.o(i.app_error_handler) for app_error_handler
    main.o(i.weakup_timeout_handler) refers to pstorage.o(i.pstorage_block_identifier_get) for pstorage_block_identifier_get
    main.o(i.weakup_timeout_handler) refers to main.o(i.get_data) for get_data
    main.o(i.weakup_timeout_handler) refers to pstorage.o(i.pstorage_clear) for pstorage_clear
    main.o(i.weakup_timeout_handler) refers to main.o(i.advertising_init) for advertising_init
    main.o(i.weakup_timeout_handler) refers to main.o(i.advertising_start) for advertising_start
    main.o(i.weakup_timeout_handler) refers to main.o(.data) for timer_counter
    simple_uart.o(i.simple_uart_config) refers to simple_uart.o(i.nrf_gpio_cfg_output) for nrf_gpio_cfg_output
    simple_uart.o(i.simple_uart_config) refers to simple_uart.o(i.nrf_gpio_cfg_input) for nrf_gpio_cfg_input
    simple_uart.o(i.simple_uart_get_with_timeout) refers to simple_uart.o(.emb_text) for __asm___13_simple_uart_c_5dda6715__nrf_delay_us
    simple_uart.o(i.simple_uart_putstring) refers to simple_uart.o(i.simple_uart_put) for simple_uart_put
    arm_startup_nrf51.o(RESET) refers to arm_startup_nrf51.o(STACK) for __initial_sp
    arm_startup_nrf51.o(RESET) refers to arm_startup_nrf51.o(.text) for Reset_Handler
    arm_startup_nrf51.o(RESET) refers to app_gpiote.o(i.GPIOTE_IRQHandler) for GPIOTE_IRQHandler
    arm_startup_nrf51.o(RESET) refers to app_timer.o(i.RTC1_IRQHandler) for RTC1_IRQHandler
    arm_startup_nrf51.o(RESET) refers to app_timer.o(i.SWI0_IRQHandler) for SWI0_IRQHandler
    arm_startup_nrf51.o(RESET) refers to softdevice_handler.o(i.SWI2_IRQHandler) for SWI2_IRQHandler
    arm_startup_nrf51.o(.text) refers to system_nrf51.o(i.SystemInit) for SystemInit
    arm_startup_nrf51.o(.text) refers to entry.o(.ARM.Collect$$$$00000000) for __main
    system_nrf51.o(i.SystemCoreClockUpdate) refers to system_nrf51.o(.data) for SystemCoreClock
    system_nrf51.o(i.SystemInit) refers to system_nrf51.o(i.is_manual_peripheral_setup_needed) for is_manual_peripheral_setup_needed
    system_nrf51.o(i.SystemInit) refers to system_nrf51.o(i.is_disabled_in_debug_needed) for is_disabled_in_debug_needed
    ble_nus.o(i.ble_nus_init) refers to ble_nus.o(i.rx_char_add) for rx_char_add
    ble_nus.o(i.ble_nus_init) refers to ble_nus.o(i.tx_char_add) for tx_char_add
    ble_nus.o(i.ble_nus_init) refers to ble_nus.o(.constdata) for .constdata
    ble_nus.o(i.ble_nus_on_ble_evt) refers to ble_nus.o(i.on_connect) for on_connect
    ble_nus.o(i.ble_nus_on_ble_evt) refers to ble_nus.o(i.on_disconnect) for on_disconnect
    ble_nus.o(i.ble_nus_on_ble_evt) refers to ble_nus.o(i.on_write) for on_write
    ble_nus.o(i.rx_char_add) refers to memseta.o(.text) for __aeabi_memclr4
    ble_nus.o(i.tx_char_add) refers to memseta.o(.text) for __aeabi_memclr4
    ble_srv_common.o(i.ble_srv_ascii_to_utf8) refers to strlen.o(.text) for strlen
    ble_srv_common.o(i.ble_srv_report_ref_encode) refers to main.o(i.app_error_handler) for app_error_handler
    ble_advdata.o(i.adv_data_encode) refers to ble_advdata.o(i.name_encode) for name_encode
    ble_advdata.o(i.adv_data_encode) refers to ble_advdata.o(i.appearance_encode) for appearance_encode
    ble_advdata.o(i.adv_data_encode) refers to ble_advdata.o(i.tx_power_level_encode) for tx_power_level_encode
    ble_advdata.o(i.adv_data_encode) refers to ble_advdata.o(i.uuid_list_encode) for uuid_list_encode
    ble_advdata.o(i.adv_data_encode) refers to ble_advdata.o(i.conn_int_encode) for conn_int_encode
    ble_advdata.o(i.adv_data_encode) refers to ble_advdata.o(i.manuf_specific_data_encode) for manuf_specific_data_encode
    ble_advdata.o(i.adv_data_encode) refers to ble_advdata.o(i.service_data_encode) for service_data_encode
    ble_advdata.o(i.appearance_encode) refers to ble_advdata.o(i.uint16_encode) for uint16_encode
    ble_advdata.o(i.ble_advdata_set) refers to ble_advdata.o(i.advdata_check) for advdata_check
    ble_advdata.o(i.ble_advdata_set) refers to ble_advdata.o(i.adv_data_encode) for adv_data_encode
    ble_advdata.o(i.ble_advdata_set) refers to ble_advdata.o(i.srdata_check) for srdata_check
    ble_advdata.o(i.conn_int_encode) refers to ble_advdata.o(i.conn_int_check) for conn_int_check
    ble_advdata.o(i.conn_int_encode) refers to ble_advdata.o(i.uint16_encode) for uint16_encode
    ble_advdata.o(i.manuf_specific_data_encode) refers to ble_advdata.o(i.uint16_encode) for uint16_encode
    ble_advdata.o(i.manuf_specific_data_encode) refers to memcpya.o(.text) for __aeabi_memcpy
    ble_advdata.o(i.service_data_encode) refers to ble_advdata.o(i.uint16_encode) for uint16_encode
    ble_advdata.o(i.service_data_encode) refers to memcpya.o(.text) for __aeabi_memcpy
    ble_advdata.o(i.uuid_list_encode) refers to ble_advdata.o(i.uuid_list_sized_encode) for uuid_list_sized_encode
    ble_conn_params.o(i.ble_conn_params_change_conn_params) refers to memcpya.o(.text) for __aeabi_memcpy
    ble_conn_params.o(i.ble_conn_params_change_conn_params) refers to ble_conn_params.o(i.is_conn_params_ok) for is_conn_params_ok
    ble_conn_params.o(i.ble_conn_params_change_conn_params) refers to ble_conn_params.o(.data) for m_preferred_conn_params
    ble_conn_params.o(i.ble_conn_params_change_conn_params) refers to ble_conn_params.o(.bss) for m_conn_params_config
    ble_conn_params.o(i.ble_conn_params_init) refers to memcpya.o(.text) for __aeabi_memcpy4
    ble_conn_params.o(i.ble_conn_params_init) refers to app_timer.o(i.app_timer_create) for app_timer_create
    ble_conn_params.o(i.ble_conn_params_init) refers to ble_conn_params.o(.bss) for m_conn_params_config
    ble_conn_params.o(i.ble_conn_params_init) refers to ble_conn_params.o(.data) for m_change_param
    ble_conn_params.o(i.ble_conn_params_init) refers to ble_conn_params.o(i.update_timeout_handler) for update_timeout_handler
    ble_conn_params.o(i.ble_conn_params_on_ble_evt) refers to ble_conn_params.o(i.on_connect) for on_connect
    ble_conn_params.o(i.ble_conn_params_on_ble_evt) refers to ble_conn_params.o(i.on_disconnect) for on_disconnect
    ble_conn_params.o(i.ble_conn_params_on_ble_evt) refers to ble_conn_params.o(i.on_write) for on_write
    ble_conn_params.o(i.ble_conn_params_on_ble_evt) refers to ble_conn_params.o(i.on_conn_params_update) for on_conn_params_update
    ble_conn_params.o(i.ble_conn_params_stop) refers to app_timer.o(i.app_timer_stop) for app_timer_stop
    ble_conn_params.o(i.ble_conn_params_stop) refers to ble_conn_params.o(.data) for m_conn_params_timer_id
    ble_conn_params.o(i.conn_params_negotiation) refers to ble_conn_params.o(i.is_conn_params_ok) for is_conn_params_ok
    ble_conn_params.o(i.conn_params_negotiation) refers to app_timer.o(i.app_timer_start) for app_timer_start
    ble_conn_params.o(i.conn_params_negotiation) refers to ble_conn_params.o(.data) for m_current_conn_params
    ble_conn_params.o(i.conn_params_negotiation) refers to ble_conn_params.o(.bss) for m_conn_params_config
    ble_conn_params.o(i.is_conn_params_ok) refers to ble_conn_params.o(.data) for m_preferred_conn_params
    ble_conn_params.o(i.on_conn_params_update) refers to memcpya.o(.text) for __aeabi_memcpy
    ble_conn_params.o(i.on_conn_params_update) refers to ble_conn_params.o(i.conn_params_negotiation) for conn_params_negotiation
    ble_conn_params.o(i.on_conn_params_update) refers to ble_conn_params.o(.data) for m_current_conn_params
    ble_conn_params.o(i.on_connect) refers to memcpya.o(.text) for __aeabi_memcpy
    ble_conn_params.o(i.on_connect) refers to ble_conn_params.o(i.conn_params_negotiation) for conn_params_negotiation
    ble_conn_params.o(i.on_connect) refers to ble_conn_params.o(.data) for m_conn_handle
    ble_conn_params.o(i.on_connect) refers to ble_conn_params.o(.bss) for m_conn_params_config
    ble_conn_params.o(i.on_disconnect) refers to app_timer.o(i.app_timer_stop) for app_timer_stop
    ble_conn_params.o(i.on_disconnect) refers to ble_conn_params.o(.data) for m_conn_handle
    ble_conn_params.o(i.on_disconnect) refers to ble_conn_params.o(.bss) for m_conn_params_config
    ble_conn_params.o(i.on_write) refers to ble_conn_params.o(i.conn_params_negotiation) for conn_params_negotiation
    ble_conn_params.o(i.on_write) refers to app_timer.o(i.app_timer_stop) for app_timer_stop
    ble_conn_params.o(i.on_write) refers to ble_conn_params.o(.bss) for m_conn_params_config
    ble_conn_params.o(i.on_write) refers to ble_conn_params.o(.data) for m_conn_params_timer_id
    ble_conn_params.o(i.update_timeout_handler) refers to ble_conn_params.o(.data) for m_conn_handle
    ble_conn_params.o(i.update_timeout_handler) refers to ble_conn_params.o(.bss) for m_conn_params_config
    nrf_delay.o(i.nrf_delay_ms) refers to nrf_delay.o(.emb_text) for __asm___11_nrf_delay_c_532987f3__nrf_delay_us
    pstorage.o(i.app_notify) refers to pstorage.o(.bss) for m_app_table
    pstorage.o(i.cmd_process) refers to pstorage.o(i.pstorage_flash_page_size) for pstorage_flash_page_size
    pstorage.o(i.cmd_process) refers to uidiv.o(.text) for __aeabi_uidivmod
    pstorage.o(i.cmd_process) refers to pstorage.o(i.swap_state_process) for swap_state_process
    pstorage.o(i.cmd_process) refers to pstorage.o(.bss) for m_cmd_queue
    pstorage.o(i.cmd_process) refers to pstorage.o(.data) for m_round_val
    pstorage.o(i.cmd_queue_dequeue) refers to pstorage.o(i.cmd_process) for cmd_process
    pstorage.o(i.cmd_queue_dequeue) refers to pstorage.o(.bss) for m_cmd_queue
    pstorage.o(i.cmd_queue_element_init) refers to pstorage.o(.bss) for m_cmd_queue
    pstorage.o(i.cmd_queue_enqueue) refers to pstorage.o(i.cmd_process) for cmd_process
    pstorage.o(i.cmd_queue_enqueue) refers to pstorage.o(.bss) for m_cmd_queue
    pstorage.o(i.cmd_queue_init) refers to pstorage.o(i.cmd_queue_element_init) for cmd_queue_element_init
    pstorage.o(i.cmd_queue_init) refers to pstorage.o(.data) for m_round_val
    pstorage.o(i.cmd_queue_init) refers to pstorage.o(.bss) for m_cmd_queue
    pstorage.o(i.pstorage_access_status_get) refers to pstorage.o(.data) for m_module_initialized
    pstorage.o(i.pstorage_access_status_get) refers to pstorage.o(.bss) for m_cmd_queue
    pstorage.o(i.pstorage_block_identifier_get) refers to pstorage.o(.data) for m_module_initialized
    pstorage.o(i.pstorage_block_identifier_get) refers to pstorage.o(.bss) for m_app_table
    pstorage.o(i.pstorage_clear) refers to pstorage.o(i.is_word_aligned) for is_word_aligned
    pstorage.o(i.pstorage_clear) refers to uidiv.o(.text) for __aeabi_uidivmod
    pstorage.o(i.pstorage_clear) refers to pstorage.o(i.cmd_queue_enqueue) for cmd_queue_enqueue
    pstorage.o(i.pstorage_clear) refers to pstorage.o(.data) for m_module_initialized
    pstorage.o(i.pstorage_clear) refers to pstorage.o(.bss) for m_app_table
    pstorage.o(i.pstorage_flash_page_end) refers to pstorage.o(i.pstorage_flash_page_size) for pstorage_flash_page_size
    pstorage.o(i.pstorage_flash_page_end) refers to uidiv.o(.text) for __aeabi_uidivmod
    pstorage.o(i.pstorage_init) refers to pstorage.o(i.cmd_queue_init) for cmd_queue_init
    pstorage.o(i.pstorage_init) refers to pstorage.o(i.pstorage_flash_page_end) for pstorage_flash_page_end
    pstorage.o(i.pstorage_init) refers to pstorage.o(i.pstorage_flash_page_size) for pstorage_flash_page_size
    pstorage.o(i.pstorage_init) refers to uidiv.o(.text) for __aeabi_uidivmod
    pstorage.o(i.pstorage_init) refers to pstorage.o(.data) for m_next_app_instance
    pstorage.o(i.pstorage_init) refers to pstorage.o(.bss) for m_app_table
    pstorage.o(i.pstorage_load) refers to pstorage.o(i.is_word_aligned) for is_word_aligned
    pstorage.o(i.pstorage_load) refers to memcpya.o(.text) for __aeabi_memcpy
    pstorage.o(i.pstorage_load) refers to pstorage.o(.data) for m_module_initialized
    pstorage.o(i.pstorage_load) refers to pstorage.o(.bss) for m_app_table
    pstorage.o(i.pstorage_register) refers to pstorage.o(i.pstorage_flash_page_size) for pstorage_flash_page_size
    pstorage.o(i.pstorage_register) refers to pstorage.o(i.pstorage_flash_page_end) for pstorage_flash_page_end
    pstorage.o(i.pstorage_register) refers to idiv.o(.text) for __aeabi_idivmod
    pstorage.o(i.pstorage_register) refers to pstorage.o(.data) for m_module_initialized
    pstorage.o(i.pstorage_register) refers to pstorage.o(.bss) for m_app_table
    pstorage.o(i.pstorage_store) refers to pstorage.o(i.is_word_aligned) for is_word_aligned
    pstorage.o(i.pstorage_store) refers to pstorage.o(i.cmd_queue_enqueue) for cmd_queue_enqueue
    pstorage.o(i.pstorage_store) refers to pstorage.o(.data) for m_module_initialized
    pstorage.o(i.pstorage_store) refers to pstorage.o(.bss) for m_app_table
    pstorage.o(i.pstorage_sys_event_handler) refers to pstorage.o(i.cmd_queue_dequeue) for cmd_queue_dequeue
    pstorage.o(i.pstorage_sys_event_handler) refers to pstorage.o(i.app_notify) for app_notify
    pstorage.o(i.pstorage_sys_event_handler) refers to pstorage.o(i.cmd_queue_element_init) for cmd_queue_element_init
    pstorage.o(i.pstorage_sys_event_handler) refers to pstorage.o(i.cmd_process) for cmd_process
    pstorage.o(i.pstorage_sys_event_handler) refers to pstorage.o(.bss) for m_cmd_queue
    pstorage.o(i.pstorage_sys_event_handler) refers to pstorage.o(.data) for m_swap_state
    pstorage.o(i.pstorage_update) refers to pstorage.o(i.is_word_aligned) for is_word_aligned
    pstorage.o(i.pstorage_update) refers to pstorage.o(i.cmd_queue_enqueue) for cmd_queue_enqueue
    pstorage.o(i.pstorage_update) refers to pstorage.o(.data) for m_module_initialized
    pstorage.o(i.pstorage_update) refers to pstorage.o(.bss) for m_app_table
    pstorage.o(i.swap_state_process) refers to pstorage.o(i.__ARM_common_switch8) for __ARM_common_switch8
    pstorage.o(i.swap_state_process) refers to pstorage.o(i.pstorage_flash_page_size) for pstorage_flash_page_size
    pstorage.o(i.swap_state_process) refers to pstorage.o(i.pstorage_flash_page_end) for pstorage_flash_page_end
    pstorage.o(i.swap_state_process) refers to uidiv.o(.text) for __aeabi_uidivmod
    pstorage.o(i.swap_state_process) refers to pstorage.o(.data) for m_swap_state
    app_gpiote.o(i.GPIOTE_IRQHandler) refers to app_gpiote.o(i.sense_level_toggle) for sense_level_toggle
    app_gpiote.o(i.GPIOTE_IRQHandler) refers to app_gpiote.o(.data) for mp_users
    app_gpiote.o(i.app_gpiote_init) refers to memseta.o(.text) for __aeabi_memclr4
    app_gpiote.o(i.app_gpiote_init) refers to app_gpiote.o(i.NVIC_SetPriority) for NVIC_SetPriority
    app_gpiote.o(i.app_gpiote_init) refers to app_gpiote.o(.data) for mp_users
    app_gpiote.o(i.app_gpiote_pins_state_get) refers to app_gpiote.o(.data) for mp_users
    app_gpiote.o(i.app_gpiote_user_disable) refers to app_gpiote.o(i.pins_sense_disable) for pins_sense_disable
    app_gpiote.o(i.app_gpiote_user_disable) refers to app_gpiote.o(.data) for mp_users
    app_gpiote.o(i.app_gpiote_user_enable) refers to app_gpiote.o(.data) for mp_users
    app_gpiote.o(i.app_gpiote_user_register) refers to app_gpiote.o(i.pins_sense_disable) for pins_sense_disable
    app_gpiote.o(i.app_gpiote_user_register) refers to app_gpiote.o(.data) for mp_users
    app_gpiote.o(i.pins_sense_disable) refers to app_gpiote.o(.data) for mp_users
    app_timer.o(i.RTC1_IRQHandler) refers to app_timer.o(i.timer_timeouts_check) for timer_timeouts_check
    app_timer.o(i.SWI0_IRQHandler) refers to app_timer.o(i.timer_list_handler) for timer_list_handler
    app_timer.o(i.app_timer_cnt_diff_compute) refers to app_timer.o(i.ticks_diff_get) for ticks_diff_get
    app_timer.o(i.app_timer_cnt_get) refers to app_timer.o(i.rtc1_counter_get) for rtc1_counter_get
    app_timer.o(i.app_timer_create) refers to app_timer.o(.data) for mp_nodes
    app_timer.o(i.app_timer_init) refers to app_timer.o(i.rtc1_stop) for rtc1_stop
    app_timer.o(i.app_timer_init) refers to app_timer.o(i.NVIC_ClearPendingIRQ) for NVIC_ClearPendingIRQ
    app_timer.o(i.app_timer_init) refers to app_timer.o(i.NVIC_SetPriority) for NVIC_SetPriority
    app_timer.o(i.app_timer_init) refers to app_timer.o(i.NVIC_EnableIRQ) for NVIC_EnableIRQ
    app_timer.o(i.app_timer_init) refers to app_timer.o(i.rtc1_init) for rtc1_init
    app_timer.o(i.app_timer_init) refers to app_timer.o(i.rtc1_counter_get) for rtc1_counter_get
    app_timer.o(i.app_timer_init) refers to app_timer.o(.data) for m_evt_schedule_func
    app_timer.o(i.app_timer_start) refers to app_timer.o(i.user_id_get) for user_id_get
    app_timer.o(i.app_timer_start) refers to app_timer.o(i.timer_start_op_schedule) for timer_start_op_schedule
    app_timer.o(i.app_timer_start) refers to app_timer.o(.data) for mp_nodes
    app_timer.o(i.app_timer_stop) refers to app_timer.o(i.user_id_get) for user_id_get
    app_timer.o(i.app_timer_stop) refers to app_timer.o(i.timer_stop_op_schedule) for timer_stop_op_schedule
    app_timer.o(i.app_timer_stop) refers to app_timer.o(.data) for mp_nodes
    app_timer.o(i.app_timer_stop_all) refers to app_timer.o(i.user_id_get) for user_id_get
    app_timer.o(i.app_timer_stop_all) refers to app_timer.o(i.timer_stop_all_op_schedule) for timer_stop_all_op_schedule
    app_timer.o(i.app_timer_stop_all) refers to app_timer.o(.data) for mp_nodes
    app_timer.o(i.compare_reg_update) refers to app_timer.o(i.rtc1_counter_get) for rtc1_counter_get
    app_timer.o(i.compare_reg_update) refers to app_timer.o(i.ticks_diff_get) for ticks_diff_get
    app_timer.o(i.compare_reg_update) refers to app_timer.o(i.rtc1_start) for rtc1_start
    app_timer.o(i.compare_reg_update) refers to app_timer.o(i.timer_timeouts_check_sched) for timer_timeouts_check_sched
    app_timer.o(i.compare_reg_update) refers to app_timer.o(i.rtc1_stop) for rtc1_stop
    app_timer.o(i.compare_reg_update) refers to app_timer.o(.data) for m_timer_id_head
    app_timer.o(i.elapsed_ticks_acquire) refers to app_timer.o(.data) for m_ticks_elapsed_q_read_ind
    app_timer.o(i.expired_timers_handler) refers to app_timer.o(.data) for m_timer_id_head
    app_timer.o(i.list_deletions_handler) refers to app_timer.o(i.timer_list_remove) for timer_list_remove
    app_timer.o(i.list_deletions_handler) refers to app_timer.o(.data) for m_timer_id_head
    app_timer.o(i.list_insertions_handler) refers to app_timer.o(i.ticks_diff_get) for ticks_diff_get
    app_timer.o(i.list_insertions_handler) refers to app_timer.o(i.timer_list_insert) for timer_list_insert
    app_timer.o(i.list_insertions_handler) refers to app_timer.o(.data) for m_timer_id_head
    app_timer.o(i.rtc1_init) refers to app_timer.o(i.NVIC_SetPriority) for NVIC_SetPriority
    app_timer.o(i.rtc1_start) refers to app_timer.o(i.NVIC_ClearPendingIRQ) for NVIC_ClearPendingIRQ
    app_timer.o(i.rtc1_start) refers to app_timer.o(i.NVIC_EnableIRQ) for NVIC_EnableIRQ
    app_timer.o(i.rtc1_start) refers to app_timer.o(.emb_text) for __asm___11_app_timer_c_cd27f9c3__nrf_delay_us
    app_timer.o(i.rtc1_start) refers to app_timer.o(.data) for m_rtc1_running
    app_timer.o(i.rtc1_stop) refers to app_timer.o(.emb_text) for __asm___11_app_timer_c_cd27f9c3__nrf_delay_us
    app_timer.o(i.rtc1_stop) refers to app_timer.o(.data) for m_ticks_latest
    app_timer.o(i.timeout_handler_exec) refers to main.o(i.app_error_handler) for app_error_handler
    app_timer.o(i.timeout_handler_exec) refers to app_timer.o(.data) for m_evt_schedule_func
    app_timer.o(i.timer_list_handler) refers to app_timer.o(i.elapsed_ticks_acquire) for elapsed_ticks_acquire
    app_timer.o(i.timer_list_handler) refers to app_timer.o(i.list_deletions_handler) for list_deletions_handler
    app_timer.o(i.timer_list_handler) refers to app_timer.o(i.expired_timers_handler) for expired_timers_handler
    app_timer.o(i.timer_list_handler) refers to app_timer.o(i.list_insertions_handler) for list_insertions_handler
    app_timer.o(i.timer_list_handler) refers to app_timer.o(i.compare_reg_update) for compare_reg_update
    app_timer.o(i.timer_list_handler) refers to app_timer.o(.data) for m_ticks_latest
    app_timer.o(i.timer_list_handler_sched) refers to app_timer.o(i.NVIC_SetPendingIRQ) for NVIC_SetPendingIRQ
    app_timer.o(i.timer_list_insert) refers to app_timer.o(.data) for mp_nodes
    app_timer.o(i.timer_list_remove) refers to app_timer.o(.data) for m_timer_id_head
    app_timer.o(i.timer_start_op_schedule) refers to app_timer.o(i.user_op_alloc) for user_op_alloc
    app_timer.o(i.timer_start_op_schedule) refers to app_timer.o(i.rtc1_counter_get) for rtc1_counter_get
    app_timer.o(i.timer_start_op_schedule) refers to app_timer.o(i.user_op_enque) for user_op_enque
    app_timer.o(i.timer_start_op_schedule) refers to app_timer.o(i.timer_list_handler_sched) for timer_list_handler_sched
    app_timer.o(i.timer_start_op_schedule) refers to app_timer.o(.data) for mp_users
    app_timer.o(i.timer_stop_all_op_schedule) refers to app_timer.o(i.user_op_alloc) for user_op_alloc
    app_timer.o(i.timer_stop_all_op_schedule) refers to app_timer.o(i.user_op_enque) for user_op_enque
    app_timer.o(i.timer_stop_all_op_schedule) refers to app_timer.o(i.timer_list_handler_sched) for timer_list_handler_sched
    app_timer.o(i.timer_stop_all_op_schedule) refers to app_timer.o(.data) for mp_users
    app_timer.o(i.timer_stop_op_schedule) refers to app_timer.o(i.user_op_alloc) for user_op_alloc
    app_timer.o(i.timer_stop_op_schedule) refers to app_timer.o(i.user_op_enque) for user_op_enque
    app_timer.o(i.timer_stop_op_schedule) refers to app_timer.o(i.timer_list_handler_sched) for timer_list_handler_sched
    app_timer.o(i.timer_stop_op_schedule) refers to app_timer.o(.data) for mp_users
    app_timer.o(i.timer_timeouts_check) refers to app_timer.o(i.rtc1_counter_get) for rtc1_counter_get
    app_timer.o(i.timer_timeouts_check) refers to app_timer.o(i.ticks_diff_get) for ticks_diff_get
    app_timer.o(i.timer_timeouts_check) refers to app_timer.o(i.timeout_handler_exec) for timeout_handler_exec
    app_timer.o(i.timer_timeouts_check) refers to app_timer.o(i.timer_list_handler_sched) for timer_list_handler_sched
    app_timer.o(i.timer_timeouts_check) refers to app_timer.o(.data) for m_timer_id_head
    app_timer.o(i.timer_timeouts_check_sched) refers to app_timer.o(i.NVIC_SetPendingIRQ) for NVIC_SetPendingIRQ
    app_timer.o(i.user_id_get) refers to app_timer.o(i.current_int_priority_get) for current_int_priority_get
    softdevice_handler.o(i.SWI2_IRQHandler) refers to main.o(i.app_error_handler) for app_error_handler
    softdevice_handler.o(i.SWI2_IRQHandler) refers to softdevice_handler.o(i.intern_softdevice_events_execute) for intern_softdevice_events_execute
    softdevice_handler.o(i.SWI2_IRQHandler) refers to softdevice_handler.o(.data) for m_evt_schedule_func
    softdevice_handler.o(i.intern_softdevice_events_execute) refers to main.o(i.app_error_handler) for app_error_handler
    softdevice_handler.o(i.intern_softdevice_events_execute) refers to softdevice_handler.o(.data) for m_softdevice_enabled
    softdevice_handler.o(i.softdevice_assertion_handler) refers (Weak) to main.o(i.assert_nrf_callback) for assert_nrf_callback
    softdevice_handler.o(i.softdevice_ble_evt_handler_set) refers to softdevice_handler.o(.data) for m_ble_evt_handler
    softdevice_handler.o(i.softdevice_handler_init) refers to softdevice_handler.o(.data) for mp_ble_evt_buffer
    softdevice_handler.o(i.softdevice_handler_init) refers to softdevice_handler.o(i.softdevice_assertion_handler) for softdevice_assertion_handler
    softdevice_handler.o(i.softdevice_handler_sd_disable) refers to softdevice_handler.o(.data) for m_softdevice_enabled
    softdevice_handler.o(i.softdevice_sys_evt_handler_set) refers to softdevice_handler.o(.data) for m_sys_evt_handler
    entry.o(.ARM.Collect$$$$00000000) refers (Special) to entry10a.o(.ARM.Collect$$$$0000000D) for __rt_final_cpp
    entry.o(.ARM.Collect$$$$00000000) refers (Special) to entry11a.o(.ARM.Collect$$$$0000000F) for __rt_final_exit
    entry.o(.ARM.Collect$$$$00000000) refers (Special) to entry7b.o(.ARM.Collect$$$$00000008) for _main_clock
    entry.o(.ARM.Collect$$$$00000000) refers (Special) to entry8b.o(.ARM.Collect$$$$0000000A) for _main_cpp_init
    entry.o(.ARM.Collect$$$$00000000) refers (Special) to entry9a.o(.ARM.Collect$$$$0000000B) for _main_init
    entry.o(.ARM.Collect$$$$00000000) refers (Special) to entry5.o(.ARM.Collect$$$$00000004) for _main_scatterload
    entry.o(.ARM.Collect$$$$00000000) refers (Special) to entry2.o(.ARM.Collect$$$$00000001) for _main_stk
    idiv.o(.text) refers to uidiv.o(.text) for __aeabi_uidivmod
    __0sscanf.o(.text) refers to scanf_char.o(.text) for __vfscanf_char
    __0sscanf.o(.text) refers to _sgetc.o(.text) for _sgetc
    _scanf_int.o(.text) refers to _chval.o(.text) for _chval
    entry2.o(.ARM.Collect$$$$00000001) refers to entry2.o(.ARM.Collect$$$$00002712) for __lit__00000000
    entry2.o(.ARM.Collect$$$$00002712) refers to arm_startup_nrf51.o(STACK) for __initial_sp
    entry2.o(__vectab_stack_and_reset_area) refers to arm_startup_nrf51.o(STACK) for __initial_sp
    entry2.o(__vectab_stack_and_reset_area) refers to entry.o(.ARM.Collect$$$$00000000) for __main
    entry5.o(.ARM.Collect$$$$00000004) refers to init.o(.text) for __scatterload
    entry9a.o(.ARM.Collect$$$$0000000B) refers to main.o(i.main) for main
    entry9b.o(.ARM.Collect$$$$0000000C) refers to main.o(i.main) for main
    scanf_char.o(.text) refers to _scanf.o(.text) for __vfscanf
    scanf_char.o(.text) refers to isspace_c.o(.text) for isspace
    init.o(.text) refers to entry5.o(.ARM.Collect$$$$00000004) for __main_after_scatterload
    isspace_c.o(.text) refers to ctype_c.o(.text) for __ctype_lookup
    _scanf.o(.text) refers (Weak) to _scanf_int.o(.text) for _scanf_int
    ctype_c.o(.text) refers to ctype_c.o(.constdata) for .constdata


==============================================================================

Removing Unused input sections from the image.

    Removing main.o(.rev16_text), (4 bytes).
    Removing main.o(.revsh_text), (4 bytes).
    Removing main.o(i.assert_nrf_callback), (20 bytes).
    Removing main.o(i.char_hex), (24 bytes).
    Removing main.o(i.char_notify), (264 bytes).
    Removing main.o(i.conn_params_error_handler), (14 bytes).
    Removing main.o(i.conn_params_init), (92 bytes).
    Removing main.o(i.gap_params_init), (304 bytes).
    Removing main.o(i.on_conn_params_evt), (48 bytes).
    Removing main.o(i.on_write), (132 bytes).
    Removing main.o(i.sec_params_init), (68 bytes).
    Removing main.o(i.service_add), (608 bytes).
    Removing simple_uart.o(.rev16_text), (4 bytes).
    Removing simple_uart.o(.revsh_text), (4 bytes).
    Removing simple_uart.o(i.simple_uart_get), (32 bytes).
    Removing simple_uart.o(i.simple_uart_put), (32 bytes).
    Removing simple_uart.o(i.simple_uart_putstring), (32 bytes).
    Removing arm_startup_nrf51.o(HEAP), (2048 bytes).
    Removing system_nrf51.o(.rev16_text), (4 bytes).
    Removing system_nrf51.o(.revsh_text), (4 bytes).
    Removing system_nrf51.o(i.SystemCoreClockUpdate), (16 bytes).
    Removing ble_nus.o(i.ble_nus_init), (132 bytes).
    Removing ble_nus.o(i.ble_nus_on_ble_evt), (70 bytes).
    Removing ble_nus.o(i.ble_nus_string_send), (88 bytes).
    Removing ble_nus.o(i.on_connect), (6 bytes).
    Removing ble_nus.o(i.on_disconnect), (8 bytes).
    Removing ble_nus.o(i.on_write), (84 bytes).
    Removing ble_nus.o(i.rx_char_add), (292 bytes).
    Removing ble_nus.o(i.tx_char_add), (222 bytes).
    Removing ble_nus.o(.constdata), (16 bytes).
    Removing ble_srv_common.o(i.ble_srv_ascii_to_utf8), (18 bytes).
    Removing ble_srv_common.o(i.ble_srv_report_ref_encode), (62 bytes).
    Removing ble_conn_params.o(i.ble_conn_params_change_conn_params), (112 bytes).
    Removing ble_conn_params.o(i.ble_conn_params_init), (120 bytes).
    Removing ble_conn_params.o(i.ble_conn_params_on_ble_evt), (62 bytes).
    Removing ble_conn_params.o(i.ble_conn_params_stop), (16 bytes).
    Removing ble_conn_params.o(i.conn_params_negotiation), (148 bytes).
    Removing ble_conn_params.o(i.is_conn_params_ok), (36 bytes).
    Removing ble_conn_params.o(i.on_conn_params_update), (24 bytes).
    Removing ble_conn_params.o(i.on_connect), (60 bytes).
    Removing ble_conn_params.o(i.on_disconnect), (68 bytes).
    Removing ble_conn_params.o(i.on_write), (92 bytes).
    Removing ble_conn_params.o(i.update_timeout_handler), (156 bytes).
    Removing ble_conn_params.o(.bss), (28 bytes).
    Removing ble_conn_params.o(.data), (25 bytes).
    Removing nrf_delay.o(.rev16_text), (4 bytes).
    Removing nrf_delay.o(.revsh_text), (4 bytes).
    Removing pstorage.o(.rev16_text), (4 bytes).
    Removing pstorage.o(.revsh_text), (4 bytes).
    Removing pstorage.o(i.pstorage_access_status_get), (44 bytes).
    Removing pstorage.o(i.pstorage_update), (212 bytes).
    Removing app_error.o(.rev16_text), (4 bytes).
    Removing app_error.o(.revsh_text), (4 bytes).
    Removing app_error.o(i.app_error_handler), (32 bytes).
    Removing app_gpiote.o(.rev16_text), (4 bytes).
    Removing app_gpiote.o(.revsh_text), (4 bytes).
    Removing app_gpiote.o(i.NVIC_SetPriority), (120 bytes).
    Removing app_gpiote.o(i.app_gpiote_init), (144 bytes).
    Removing app_gpiote.o(i.app_gpiote_pins_state_get), (64 bytes).
    Removing app_gpiote.o(i.app_gpiote_user_disable), (84 bytes).
    Removing app_gpiote.o(i.app_gpiote_user_enable), (252 bytes).
    Removing app_gpiote.o(i.app_gpiote_user_register), (152 bytes).
    Removing app_gpiote.o(i.pins_sense_disable), (104 bytes).
    Removing app_timer.o(.rev16_text), (4 bytes).
    Removing app_timer.o(.revsh_text), (4 bytes).
    Removing app_timer.o(i.app_timer_cnt_diff_compute), (22 bytes).
    Removing app_timer.o(i.app_timer_cnt_get), (14 bytes).
    Removing app_timer.o(i.app_timer_stop_all), (32 bytes).
    Removing app_timer.o(i.timer_stop_all_op_schedule), (64 bytes).
    Removing softdevice_handler.o(.rev16_text), (4 bytes).
    Removing softdevice_handler.o(.revsh_text), (4 bytes).
    Removing softdevice_handler.o(i.softdevice_handler_sd_disable), (28 bytes).

72 unused section(s) (total 7119 bytes) removed from the image.

==============================================================================

Image Symbol Table

    Local Symbols

    Symbol Name                              Value     Ov Type        Size  Object(Section)

    ../clib/microlib/ctype/ctype.c           0x00000000   Number         0  isspace_c.o ABSOLUTE
    ../clib/microlib/ctype/ctype.c           0x00000000   Number         0  ctype_c.o ABSOLUTE
    ../clib/microlib/division.c              0x00000000   Number         0  idiv.o ABSOLUTE
    ../clib/microlib/division.c              0x00000000   Number         0  uidiv.o ABSOLUTE
    ../clib/microlib/init/entry.s            0x00000000   Number         0  entry.o ABSOLUTE
    ../clib/microlib/init/entry.s            0x00000000   Number         0  entry5.o ABSOLUTE
    ../clib/microlib/init/entry.s            0x00000000   Number         0  entry7a.o ABSOLUTE
    ../clib/microlib/init/entry.s            0x00000000   Number         0  entry2.o ABSOLUTE
    ../clib/microlib/init/entry.s            0x00000000   Number         0  entry7b.o ABSOLUTE
    ../clib/microlib/init/entry.s            0x00000000   Number         0  entry8a.o ABSOLUTE
    ../clib/microlib/init/entry.s            0x00000000   Number         0  entry8b.o ABSOLUTE
    ../clib/microlib/init/entry.s            0x00000000   Number         0  entry9a.o ABSOLUTE
    ../clib/microlib/init/entry.s            0x00000000   Number         0  entry9b.o ABSOLUTE
    ../clib/microlib/init/entry.s            0x00000000   Number         0  entry10b.o ABSOLUTE
    ../clib/microlib/init/entry.s            0x00000000   Number         0  entry11a.o ABSOLUTE
    ../clib/microlib/init/entry.s            0x00000000   Number         0  entry11b.o ABSOLUTE
    ../clib/microlib/init/entry.s            0x00000000   Number         0  entry10a.o ABSOLUTE
    ../clib/microlib/string/memcpy.c         0x00000000   Number         0  memcpyb.o ABSOLUTE
    ../clib/microlib/string/memcpy.c         0x00000000   Number         0  memcpya.o ABSOLUTE
    ../clib/microlib/string/memset.c         0x00000000   Number         0  memseta.o ABSOLUTE
    ../clib/microlib/string/strlen.c         0x00000000   Number         0  strlen.o ABSOLUTE
    ../clib/scanf.c                          0x00000000   Number         0  _scanf_int.o ABSOLUTE
    ../clib/scanf.c                          0x00000000   Number         0  _chval.o ABSOLUTE
    ../clib/scanf.c                          0x00000000   Number         0  __0sscanf.o ABSOLUTE
    ../clib/scanf.c                          0x00000000   Number         0  scanf_char.o ABSOLUTE
    ../clib/scanf.c                          0x00000000   Number         0  _sgetc.o ABSOLUTE
    ../clib/scanf.c                          0x00000000   Number         0  _scanf.o ABSOLUTE
    ..\..\main.c                             0x00000000   Number         0  main.o ABSOLUTE
    ..\..\simple_uart.c                      0x00000000   Number         0  simple_uart.o ABSOLUTE
    ..\\..\\main.c                           0x00000000   Number         0  main.o ABSOLUTE
    ..\\..\\simple_uart.c                    0x00000000   Number         0  simple_uart.o ABSOLUTE
    C:\Keil_v5\ARM\PACK\NordicSemiconductor\nRF_BLE\2.0.0\ble_services\ble_nus\ble_nus.c 0x00000000   Number         0  ble_nus.o ABSOLUTE
    C:\Keil_v5\ARM\PACK\NordicSemiconductor\nRF_BLE\2.0.0\common\ble_srv_common.c 0x00000000   Number         0  ble_srv_common.o ABSOLUTE
    C:\Keil_v5\ARM\PACK\NordicSemiconductor\nRF_Drivers\2.0.0\hal\nrf_delay.c 0x00000000   Number         0  nrf_delay.o ABSOLUTE
    C:\\Keil_v5\\ARM\\PACK\\NordicSemiconductor\\nRF_Drivers\\2.0.0\\hal\\nrf_delay.c 0x00000000   Number         0  nrf_delay.o ABSOLUTE
    RTE\Device\nRF51822_xxAA\arm_startup_nrf51.s 0x00000000   Number         0  arm_startup_nrf51.o ABSOLUTE
    RTE\Device\nRF51822_xxAA\system_nrf51.c  0x00000000   Number         0  system_nrf51.o ABSOLUTE
    RTE\\Device\\nRF51822_xxAA\\system_nrf51.c 0x00000000   Number         0  system_nrf51.o ABSOLUTE
    RTE\\nRF_Drivers\\nRF51822_xxAA\\pstorage.c 0x00000000   Number         0  pstorage.o ABSOLUTE
    RTE\\nRF_Libraries\\nRF51822_xxAA\\app_error.c 0x00000000   Number         0  app_error.o ABSOLUTE
    RTE\\nRF_Libraries\\nRF51822_xxAA\\app_gpiote.c 0x00000000   Number         0  app_gpiote.o ABSOLUTE
    RTE\\nRF_Libraries\\nRF51822_xxAA\\app_timer.c 0x00000000   Number         0  app_timer.o ABSOLUTE
    RTE\\nRF_SoftDevice\\nRF51822_xxAA\\softdevice_handler.c 0x00000000   Number         0  softdevice_handler.o ABSOLUTE
    RTE\nRF_BLE\nRF51822_xxAA\ble_advdata.c  0x00000000   Number         0  ble_advdata.o ABSOLUTE
    RTE\nRF_BLE\nRF51822_xxAA\ble_conn_params.c 0x00000000   Number         0  ble_conn_params.o ABSOLUTE
    RTE\nRF_Drivers\nRF51822_xxAA\pstorage.c 0x00000000   Number         0  pstorage.o ABSOLUTE
    RTE\nRF_Libraries\nRF51822_xxAA\app_error.c 0x00000000   Number         0  app_error.o ABSOLUTE
    RTE\nRF_Libraries\nRF51822_xxAA\app_gpiote.c 0x00000000   Number         0  app_gpiote.o ABSOLUTE
    RTE\nRF_Libraries\nRF51822_xxAA\app_timer.c 0x00000000   Number         0  app_timer.o ABSOLUTE
    RTE\nRF_Libraries\nRF51822_xxAA\nrf_assert.c 0x00000000   Number         0  nrf_assert.o ABSOLUTE
    RTE\nRF_SoftDevice\nRF51822_xxAA\softdevice_handler.c 0x00000000   Number         0  softdevice_handler.o ABSOLUTE
    dc.s                                     0x00000000   Number         0  dc.o ABSOLUTE
    handlers.s                               0x00000000   Number         0  handlers.o ABSOLUTE
    init.s                                   0x00000000   Number         0  init.o ABSOLUTE
    RESET                                    0x00018000   Section      192  arm_startup_nrf51.o(RESET)
    .ARM.Collect$$$$00000000                 0x000180c0   Section        0  entry.o(.ARM.Collect$$$$00000000)
    .ARM.Collect$$$$00000001                 0x000180c0   Section        4  entry2.o(.ARM.Collect$$$$00000001)
    .ARM.Collect$$$$00000004                 0x000180c4   Section        4  entry5.o(.ARM.Collect$$$$00000004)
    .ARM.Collect$$$$00000008                 0x000180c8   Section        0  entry7b.o(.ARM.Collect$$$$00000008)
    .ARM.Collect$$$$0000000A                 0x000180c8   Section        0  entry8b.o(.ARM.Collect$$$$0000000A)
    .ARM.Collect$$$$0000000B                 0x000180c8   Section        8  entry9a.o(.ARM.Collect$$$$0000000B)
    .ARM.Collect$$$$0000000D                 0x000180d0   Section        0  entry10a.o(.ARM.Collect$$$$0000000D)
    .ARM.Collect$$$$0000000F                 0x000180d0   Section        0  entry11a.o(.ARM.Collect$$$$0000000F)
    .ARM.Collect$$$$00002712                 0x000180d0   Section        4  entry2.o(.ARM.Collect$$$$00002712)
    __lit__00000000                          0x000180d0   Data           4  entry2.o(.ARM.Collect$$$$00002712)
    .emb_text                                0x000180d4   Section       30  simple_uart.o(.emb_text)
    .emb_text                                0x000180f4   Section       30  nrf_delay.o(.emb_text)
    .emb_text                                0x00018114   Section       30  app_timer.o(.emb_text)
    .text                                    0x00018134   Section       56  arm_startup_nrf51.o(.text)
    .text                                    0x0001816c   Section        0  uidiv.o(.text)
    .text                                    0x00018198   Section        0  idiv.o(.text)
    .text                                    0x000181c0   Section        0  memcpya.o(.text)
    .text                                    0x000181e4   Section        0  memseta.o(.text)
    .text                                    0x00018208   Section        0  __0sscanf.o(.text)
    .text                                    0x00018244   Section        0  _scanf_int.o(.text)
    .text                                    0x0001838e   Section        0  _chval.o(.text)
    .text                                    0x000183ac   Section        0  scanf_char.o(.text)
    _scanf_char_input                        0x000183ad   Thumb Code    12  scanf_char.o(.text)
    .text                                    0x000183d8   Section        0  _sgetc.o(.text)
    .text                                    0x0001841c   Section       36  init.o(.text)
    .text                                    0x00018440   Section        0  isspace_c.o(.text)
    .text                                    0x00018450   Section        0  _scanf.o(.text)
    .text                                    0x00018784   Section        0  ctype_c.o(.text)
    i.GPIOTE_IRQHandler                      0x000187a8   Section        0  app_gpiote.o(i.GPIOTE_IRQHandler)
    i.NVIC_ClearPendingIRQ                   0x00018884   Section        0  app_timer.o(i.NVIC_ClearPendingIRQ)
    NVIC_ClearPendingIRQ                     0x00018885   Thumb Code    14  app_timer.o(i.NVIC_ClearPendingIRQ)
    i.NVIC_EnableIRQ                         0x00018898   Section        0  app_timer.o(i.NVIC_EnableIRQ)
    NVIC_EnableIRQ                           0x00018899   Thumb Code    14  app_timer.o(i.NVIC_EnableIRQ)
    i.NVIC_SetPendingIRQ                     0x000188ac   Section        0  app_timer.o(i.NVIC_SetPendingIRQ)
    NVIC_SetPendingIRQ                       0x000188ad   Thumb Code    14  app_timer.o(i.NVIC_SetPendingIRQ)
    i.NVIC_SetPriority                       0x000188c0   Section        0  app_timer.o(i.NVIC_SetPriority)
    NVIC_SetPriority                         0x000188c1   Thumb Code   110  app_timer.o(i.NVIC_SetPriority)
    i.RTC1_IRQHandler                        0x00018938   Section        0  app_timer.o(i.RTC1_IRQHandler)
    i.SWI0_IRQHandler                        0x00018960   Section        0  app_timer.o(i.SWI0_IRQHandler)
    i.SWI2_IRQHandler                        0x00018968   Section        0  softdevice_handler.o(i.SWI2_IRQHandler)
    i.SystemInit                             0x000189a0   Section        0  system_nrf51.o(i.SystemInit)
    i.__ARM_common_switch8                   0x000189d8   Section        0  pstorage.o(i.__ARM_common_switch8)
    i.__scatterload_copy                     0x000189f4   Section       14  handlers.o(i.__scatterload_copy)
    i.__scatterload_null                     0x00018a02   Section        2  handlers.o(i.__scatterload_null)
    i.__scatterload_zeroinit                 0x00018a04   Section       14  handlers.o(i.__scatterload_zeroinit)
    i.adv_data_encode                        0x00018a12   Section        0  ble_advdata.o(i.adv_data_encode)
    adv_data_encode                          0x00018a13   Thumb Code   310  ble_advdata.o(i.adv_data_encode)
    i.advdata_check                          0x00018b48   Section        0  ble_advdata.o(i.advdata_check)
    advdata_check                            0x00018b49   Thumb Code    20  ble_advdata.o(i.advdata_check)
    i.advertising_init                       0x00018b5c   Section        0  main.o(i.advertising_init)
    advertising_init                         0x00018b5d   Thumb Code   120  main.o(i.advertising_init)
    i.advertising_start                      0x00018bf8   Section        0  main.o(i.advertising_start)
    advertising_start                        0x00018bf9   Thumb Code    66  main.o(i.advertising_start)
    i.app_error_handler                      0x00018c3c   Section        0  main.o(i.app_error_handler)
    i.app_notify                             0x00018c5c   Section        0  pstorage.o(i.app_notify)
    app_notify                               0x00018c5d   Thumb Code    34  pstorage.o(i.app_notify)
    i.app_timer_create                       0x00018c84   Section        0  app_timer.o(i.app_timer_create)
    i.app_timer_init                         0x00018cf8   Section        0  app_timer.o(i.app_timer_init)
    i.app_timer_start                        0x00018de8   Section        0  app_timer.o(i.app_timer_start)
    i.app_timer_stop                         0x00018e54   Section        0  app_timer.o(i.app_timer_stop)
    i.appearance_encode                      0x00018e98   Section        0  ble_advdata.o(i.appearance_encode)
    appearance_encode                        0x00018e99   Thumb Code    74  ble_advdata.o(i.appearance_encode)
    i.battery_start                          0x00018ee4   Section        0  main.o(i.battery_start)
    i.ble_advdata_set                        0x00018f54   Section        0  ble_advdata.o(i.ble_advdata_set)
    i.ble_evt_dispatch                       0x00018fce   Section        0  main.o(i.ble_evt_dispatch)
    ble_evt_dispatch                         0x00018fcf   Thumb Code    12  main.o(i.ble_evt_dispatch)
    i.ble_stack_init                         0x00018fdc   Section        0  main.o(i.ble_stack_init)
    ble_stack_init                           0x00018fdd   Thumb Code   176  main.o(i.ble_stack_init)
    i.cmd_process                            0x00019098   Section        0  pstorage.o(i.cmd_process)
    cmd_process                              0x00019099   Thumb Code   346  pstorage.o(i.cmd_process)
    i.cmd_queue_dequeue                      0x00019200   Section        0  pstorage.o(i.cmd_queue_dequeue)
    cmd_queue_dequeue                        0x00019201   Thumb Code    40  pstorage.o(i.cmd_queue_dequeue)
    i.cmd_queue_element_init                 0x0001922c   Section        0  pstorage.o(i.cmd_queue_element_init)
    cmd_queue_element_init                   0x0001922d   Thumb Code    56  pstorage.o(i.cmd_queue_element_init)
    i.cmd_queue_enqueue                      0x00019268   Section        0  pstorage.o(i.cmd_queue_enqueue)
    cmd_queue_enqueue                        0x00019269   Thumb Code   148  pstorage.o(i.cmd_queue_enqueue)
    i.cmd_queue_init                         0x00019300   Section        0  pstorage.o(i.cmd_queue_init)
    cmd_queue_init                           0x00019301   Thumb Code    38  pstorage.o(i.cmd_queue_init)
    i.compare_reg_update                     0x00019334   Section        0  app_timer.o(i.compare_reg_update)
    compare_reg_update                       0x00019335   Thumb Code   124  app_timer.o(i.compare_reg_update)
    i.conn_int_check                         0x000193c4   Section        0  ble_advdata.o(i.conn_int_check)
    conn_int_check                           0x000193c5   Thumb Code    88  ble_advdata.o(i.conn_int_check)
    i.conn_int_encode                        0x00019420   Section        0  ble_advdata.o(i.conn_int_encode)
    conn_int_encode                          0x00019421   Thumb Code    92  ble_advdata.o(i.conn_int_encode)
    i.current_int_priority_get               0x0001947c   Section        0  app_timer.o(i.current_int_priority_get)
    current_int_priority_get                 0x0001947d   Thumb Code    84  app_timer.o(i.current_int_priority_get)
    i.elapsed_ticks_acquire                  0x000194d8   Section        0  app_timer.o(i.elapsed_ticks_acquire)
    elapsed_ticks_acquire                    0x000194d9   Thumb Code    82  app_timer.o(i.elapsed_ticks_acquire)
    i.example_cb_handler                     0x0001953c   Section        0  main.o(i.example_cb_handler)
    example_cb_handler                       0x0001953d   Thumb Code     6  main.o(i.example_cb_handler)
    i.expired_timers_handler                 0x00019544   Section        0  app_timer.o(i.expired_timers_handler)
    expired_timers_handler                   0x00019545   Thumb Code   100  app_timer.o(i.expired_timers_handler)
    i.get_data                               0x000195b0   Section        0  main.o(i.get_data)
    get_data                                 0x000195b1   Thumb Code   218  main.o(i.get_data)
    i.intern_softdevice_events_execute       0x000196b0   Section        0  softdevice_handler.o(i.intern_softdevice_events_execute)
    i.is_disabled_in_debug_needed            0x0001976c   Section        0  system_nrf51.o(i.is_disabled_in_debug_needed)
    is_disabled_in_debug_needed              0x0001976d   Thumb Code    52  system_nrf51.o(i.is_disabled_in_debug_needed)
    i.is_manual_peripheral_setup_needed      0x000197a4   Section        0  system_nrf51.o(i.is_manual_peripheral_setup_needed)
    is_manual_peripheral_setup_needed        0x000197a5   Thumb Code   104  system_nrf51.o(i.is_manual_peripheral_setup_needed)
    i.is_word_aligned                        0x00019810   Section        0  pstorage.o(i.is_word_aligned)
    is_word_aligned                          0x00019811   Thumb Code    18  pstorage.o(i.is_word_aligned)
    i.list_deletions_handler                 0x00019824   Section        0  app_timer.o(i.list_deletions_handler)
    list_deletions_handler                   0x00019825   Thumb Code   176  app_timer.o(i.list_deletions_handler)
    i.list_insertions_handler                0x000198e4   Section        0  app_timer.o(i.list_insertions_handler)
    list_insertions_handler                  0x000198e5   Thumb Code   276  app_timer.o(i.list_insertions_handler)
    i.main                                   0x00019a14   Section        0  main.o(i.main)
    i.manuf_specific_data_encode             0x00019b4c   Section        0  ble_advdata.o(i.manuf_specific_data_encode)
    manuf_specific_data_encode               0x00019b4d   Thumb Code   106  ble_advdata.o(i.manuf_specific_data_encode)
    i.name_encode                            0x00019bb6   Section        0  ble_advdata.o(i.name_encode)
    name_encode                              0x00019bb7   Thumb Code   150  ble_advdata.o(i.name_encode)
    i.nrf_delay_ms                           0x00019c4c   Section        0  nrf_delay.o(i.nrf_delay_ms)
    i.nrf_gpio_cfg_input                     0x00019c68   Section        0  simple_uart.o(i.nrf_gpio_cfg_input)
    nrf_gpio_cfg_input                       0x00019c69   Thumb Code    20  simple_uart.o(i.nrf_gpio_cfg_input)
    i.nrf_gpio_cfg_output                    0x00019c7c   Section        0  simple_uart.o(i.nrf_gpio_cfg_output)
    nrf_gpio_cfg_output                      0x00019c7d   Thumb Code    18  simple_uart.o(i.nrf_gpio_cfg_output)
    i.nrf_gpio_pin_clear                     0x00019c90   Section        0  main.o(i.nrf_gpio_pin_clear)
    nrf_gpio_pin_clear                       0x00019c91   Thumb Code    10  main.o(i.nrf_gpio_pin_clear)
    i.on_ble_evt                             0x00019ca0   Section        0  main.o(i.on_ble_evt)
    on_ble_evt                               0x00019ca1   Thumb Code   236  main.o(i.on_ble_evt)
    i.power_manage                           0x00019dac   Section        0  main.o(i.power_manage)
    power_manage                             0x00019dad   Thumb Code    30  main.o(i.power_manage)
    i.pstorage_block_identifier_get          0x00019dcc   Section        0  pstorage.o(i.pstorage_block_identifier_get)
    i.pstorage_clear                         0x00019e5c   Section        0  pstorage.o(i.pstorage_clear)
    i.pstorage_flash_page_end                0x00019f0c   Section        0  pstorage.o(i.pstorage_flash_page_end)
    pstorage_flash_page_end                  0x00019f0d   Thumb Code    36  pstorage.o(i.pstorage_flash_page_end)
    i.pstorage_flash_page_size               0x00019f34   Section        0  pstorage.o(i.pstorage_flash_page_size)
    pstorage_flash_page_size                 0x00019f35   Thumb Code    10  pstorage.o(i.pstorage_flash_page_size)
    i.pstorage_init                          0x00019f40   Section        0  pstorage.o(i.pstorage_init)
    i.pstorage_load                          0x00019fdc   Section        0  pstorage.o(i.pstorage_load)
    i.pstorage_register                      0x0001a0c8   Section        0  pstorage.o(i.pstorage_register)
    i.pstorage_store                         0x0001a20c   Section        0  pstorage.o(i.pstorage_store)
    i.pstorage_sys_event_handler             0x0001a2e0   Section        0  pstorage.o(i.pstorage_sys_event_handler)
    i.rtc1_counter_get                       0x0001a4a4   Section        0  app_timer.o(i.rtc1_counter_get)
    rtc1_counter_get                         0x0001a4a5   Thumb Code     6  app_timer.o(i.rtc1_counter_get)
    i.rtc1_init                              0x0001a4b0   Section        0  app_timer.o(i.rtc1_init)
    rtc1_init                                0x0001a4b1   Thumb Code    18  app_timer.o(i.rtc1_init)
    i.rtc1_start                             0x0001a4c8   Section        0  app_timer.o(i.rtc1_start)
    rtc1_start                               0x0001a4c9   Thumb Code    48  app_timer.o(i.rtc1_start)
    i.rtc1_stop                              0x0001a504   Section        0  app_timer.o(i.rtc1_stop)
    rtc1_stop                                0x0001a505   Thumb Code    66  app_timer.o(i.rtc1_stop)
    i.sense_level_toggle                     0x0001a55c   Section        0  app_gpiote.o(i.sense_level_toggle)
    sense_level_toggle                       0x0001a55d   Thumb Code   128  app_gpiote.o(i.sense_level_toggle)
    i.service_data_encode                    0x0001a5dc   Section        0  ble_advdata.o(i.service_data_encode)
    service_data_encode                      0x0001a5dd   Thumb Code   140  ble_advdata.o(i.service_data_encode)
    i.simple_uart_config                     0x0001a668   Section        0  simple_uart.o(i.simple_uart_config)
    i.simple_uart_get_with_timeout           0x0001a6d0   Section        0  simple_uart.o(i.simple_uart_get_with_timeout)
    i.softdevice_assertion_handler           0x0001a718   Section        0  softdevice_handler.o(i.softdevice_assertion_handler)
    i.softdevice_ble_evt_handler_set         0x0001a72c   Section        0  softdevice_handler.o(i.softdevice_ble_evt_handler_set)
    i.softdevice_handler_init                0x0001a744   Section        0  softdevice_handler.o(i.softdevice_handler_init)
    i.softdevice_sys_evt_handler_set         0x0001a7ac   Section        0  softdevice_handler.o(i.softdevice_sys_evt_handler_set)
    i.srdata_check                           0x0001a7c4   Section        0  ble_advdata.o(i.srdata_check)
    srdata_check                             0x0001a7c5   Thumb Code    16  ble_advdata.o(i.srdata_check)
    i.swap_state_process                     0x0001a7d4   Section        0  pstorage.o(i.swap_state_process)
    swap_state_process                       0x0001a7d5   Thumb Code   430  pstorage.o(i.swap_state_process)
    i.sys_evt_dispatch                       0x0001a988   Section        0  main.o(i.sys_evt_dispatch)
    sys_evt_dispatch                         0x0001a989   Thumb Code    12  main.o(i.sys_evt_dispatch)
    i.ticks_diff_get                         0x0001a994   Section        0  app_timer.o(i.ticks_diff_get)
    ticks_diff_get                           0x0001a995   Thumb Code    10  app_timer.o(i.ticks_diff_get)
    i.timeout_handler_exec                   0x0001a9a0   Section        0  app_timer.o(i.timeout_handler_exec)
    timeout_handler_exec                     0x0001a9a1   Thumb Code    58  app_timer.o(i.timeout_handler_exec)
    i.timer_list_handler                     0x0001a9e0   Section        0  app_timer.o(i.timer_list_handler)
    timer_list_handler                       0x0001a9e1   Thumb Code    76  app_timer.o(i.timer_list_handler)
    i.timer_list_handler_sched               0x0001aa38   Section        0  app_timer.o(i.timer_list_handler_sched)
    timer_list_handler_sched                 0x0001aa39   Thumb Code    10  app_timer.o(i.timer_list_handler_sched)
    i.timer_list_insert                      0x0001aa44   Section        0  app_timer.o(i.timer_list_insert)
    timer_list_insert                        0x0001aa45   Thumb Code   212  app_timer.o(i.timer_list_insert)
    i.timer_list_remove                      0x0001ab20   Section        0  app_timer.o(i.timer_list_remove)
    timer_list_remove                        0x0001ab21   Thumb Code   184  app_timer.o(i.timer_list_remove)
    i.timer_start_op_schedule                0x0001abec   Section        0  app_timer.o(i.timer_start_op_schedule)
    timer_start_op_schedule                  0x0001abed   Thumb Code    80  app_timer.o(i.timer_start_op_schedule)
    i.timer_stop_op_schedule                 0x0001ac40   Section        0  app_timer.o(i.timer_stop_op_schedule)
    timer_stop_op_schedule                   0x0001ac41   Thumb Code    58  app_timer.o(i.timer_stop_op_schedule)
    i.timer_timeouts_check                   0x0001ac80   Section        0  app_timer.o(i.timer_timeouts_check)
    timer_timeouts_check                     0x0001ac81   Thumb Code   132  app_timer.o(i.timer_timeouts_check)
    i.timer_timeouts_check_sched             0x0001ad1c   Section        0  app_timer.o(i.timer_timeouts_check_sched)
    timer_timeouts_check_sched               0x0001ad1d   Thumb Code    10  app_timer.o(i.timer_timeouts_check_sched)
    i.tx_power_level_encode                  0x0001ad26   Section        0  ble_advdata.o(i.tx_power_level_encode)
    tx_power_level_encode                    0x0001ad27   Thumb Code    48  ble_advdata.o(i.tx_power_level_encode)
    i.uint16_encode                          0x0001ad56   Section        0  ble_advdata.o(i.uint16_encode)
    uint16_encode                            0x0001ad57   Thumb Code    18  ble_advdata.o(i.uint16_encode)
    i.user_id_get                            0x0001ad68   Section        0  app_timer.o(i.user_id_get)
    user_id_get                              0x0001ad69   Thumb Code    34  app_timer.o(i.user_id_get)
    i.user_op_alloc                          0x0001ad8a   Section        0  app_timer.o(i.user_op_alloc)
    user_op_alloc                            0x0001ad8b   Thumb Code    44  app_timer.o(i.user_op_alloc)
    i.user_op_enque                          0x0001adb6   Section        0  app_timer.o(i.user_op_enque)
    user_op_enque                            0x0001adb7   Thumb Code     4  app_timer.o(i.user_op_enque)
    i.uuid_list_encode                       0x0001adba   Section        0  ble_advdata.o(i.uuid_list_encode)
    uuid_list_encode                         0x0001adbb   Thumb Code    64  ble_advdata.o(i.uuid_list_encode)
    i.uuid_list_sized_encode                 0x0001adfa   Section        0  ble_advdata.o(i.uuid_list_sized_encode)
    uuid_list_sized_encode                   0x0001adfb   Thumb Code   196  ble_advdata.o(i.uuid_list_sized_encode)
    i.weakup_meantimeout_handler             0x0001aec0   Section        0  main.o(i.weakup_meantimeout_handler)
    weakup_meantimeout_handler               0x0001aec1   Thumb Code    26  main.o(i.weakup_meantimeout_handler)
    i.weakup_timeout_handler                 0x0001aee0   Section        0  main.o(i.weakup_timeout_handler)
    weakup_timeout_handler                   0x0001aee1   Thumb Code   376  main.o(i.weakup_timeout_handler)
    .constdata                               0x0001b080   Section       64  ctype_c.o(.constdata)
    .data                                    0x20002000   Section       92  main.o(.data)
    adv_interval                             0x20002000   Data           2  main.o(.data)
    m_sec_params                             0x20002002   Data           5  main.o(.data)
    m_conn_handle                            0x20002008   Data           2  main.o(.data)
    m_service_handle                         0x2000200a   Data           2  main.o(.data)
    m_is_notifying_enabled                   0x2000200c   Data           1  main.o(.data)
    timer_counter                            0x20002024   Data           4  main.o(.data)
    pstorage_wait_handle                     0x20002028   Data           4  main.o(.data)
    flash_base_handle                        0x2000202c   Data           8  main.o(.data)
    pstorage_block_id                        0x20002034   Data           4  main.o(.data)
    pstorage_next_adv                        0x20002038   Data           4  main.o(.data)
    connect_time_out                         0x2000203c   Data           2  main.o(.data)
    flash_handle                             0x20002040   Data           8  main.o(.data)
    weakup_meantimer_id                      0x20002048   Data           4  main.o(.data)
    notify_id                                0x2000204c   Data           2  main.o(.data)
    len                                      0x2000204e   Data           2  main.o(.data)
    err_code                                 0x20002050   Data           4  main.o(.data)
    flags                                    0x20002054   Data           1  main.o(.data)
    weakup_id                                0x20002058   Data           4  main.o(.data)
    .data                                    0x2000205c   Section        4  system_nrf51.o(.data)
    __tagsym$$used                           0x2000205c   Number         0  system_nrf51.o(.data)
    .data                                    0x20002060   Section       12  pstorage.o(.data)
    m_next_app_instance                      0x20002060   Data           2  pstorage.o(.data)
    m_next_page_addr                         0x20002064   Data           4  pstorage.o(.data)
    m_round_val                              0x20002068   Data           2  pstorage.o(.data)
    m_module_initialized                     0x2000206a   Data           1  pstorage.o(.data)
    m_swap_state                             0x2000206b   Data           1  pstorage.o(.data)
    .data                                    0x2000206c   Section       12  app_gpiote.o(.data)
    m_enabled_users_mask                     0x2000206c   Data           4  app_gpiote.o(.data)
    m_user_array_size                        0x20002070   Data           1  app_gpiote.o(.data)
    m_user_count                             0x20002071   Data           1  app_gpiote.o(.data)
    mp_users                                 0x20002074   Data           4  app_gpiote.o(.data)
    .data                                    0x20002078   Section       42  app_timer.o(.data)
    m_node_array_size                        0x20002078   Data           1  app_timer.o(.data)
    mp_nodes                                 0x2000207c   Data           4  app_timer.o(.data)
    m_user_array_size                        0x20002080   Data           1  app_timer.o(.data)
    mp_users                                 0x20002084   Data           4  app_timer.o(.data)
    m_timer_id_head                          0x20002088   Data           4  app_timer.o(.data)
    m_ticks_latest                           0x2000208c   Data           4  app_timer.o(.data)
    m_ticks_elapsed                          0x20002090   Data           8  app_timer.o(.data)
    m_ticks_elapsed_q_read_ind               0x20002098   Data           1  app_timer.o(.data)
    m_ticks_elapsed_q_write_ind              0x20002099   Data           1  app_timer.o(.data)
    m_evt_schedule_func                      0x2000209c   Data           4  app_timer.o(.data)
    m_rtc1_running                           0x200020a0   Data           1  app_timer.o(.data)
    m_rtc1_reset                             0x200020a1   Data           1  app_timer.o(.data)
    .data                                    0x200020a4   Section       24  softdevice_handler.o(.data)
    m_evt_schedule_func                      0x200020a4   Data           4  softdevice_handler.o(.data)
    m_softdevice_enabled                     0x200020a8   Data           1  softdevice_handler.o(.data)
    mp_ble_evt_buffer                        0x200020ac   Data           4  softdevice_handler.o(.data)
    m_ble_evt_buffer_size                    0x200020b0   Data           2  softdevice_handler.o(.data)
    m_ble_evt_handler                        0x200020b4   Data           4  softdevice_handler.o(.data)
    m_sys_evt_handler                        0x200020b8   Data           4  softdevice_handler.o(.data)
    .bss                                     0x200020bc   Section      900  main.o(.bss)
    m_bas                                    0x200020bc   Data          40  main.o(.bss)
    data_array                               0x200020e4   Data          32  main.o(.bss)
    notify_data                              0x20002104   Data          16  main.o(.bss)
    advdata                                  0x20002114   Data          48  main.o(.bss)
    scanrsp                                  0x20002144   Data          48  main.o(.bss)
    manuf_data                               0x20002174   Data          12  main.o(.bss)
    uart_data                                0x20002180   Data          16  main.o(.bss)
    log_data                                 0x20002190   Data          16  main.o(.bss)
    s_sec_keyset                             0x200021a0   Data          24  main.o(.bss)
    BLE_EVT_BUFFER                           0x200021b8   Data          72  main.o(.bss)
    APP_TIMER_BUF                            0x20002200   Data         576  main.o(.bss)
    .bss                                     0x20002440   Section      236  pstorage.o(.bss)
    m_cmd_queue                              0x20002440   Data         204  pstorage.o(.bss)
    m_app_table                              0x2000250c   Data          32  pstorage.o(.bss)
    STACK                                    0x20002530   Section     2048  arm_startup_nrf51.o(STACK)

    Global Symbols

    Symbol Name                              Value     Ov Type        Size  Object(Section)

    BuildAttributes$$THM_ISAv3M$S$PE$A:L22$X:L11$S22$IEEE1$IW$USESV6$~STKCKD$USESV7$~SHL$OSPACE$EBA8$MICROLIB$REQ8$PRES8$EABIv2 0x00000000   Number         0  anon$$obj.o ABSOLUTE
    __ARM_use_no_argv                        0x00000000   Number         0  main.o ABSOLUTE
    __cpp_initialize__aeabi_                  - Undefined Weak Reference
    __cxa_finalize                            - Undefined Weak Reference
    __decompress                              - Undefined Weak Reference
    _clock_init                               - Undefined Weak Reference
    _microlib_exit                            - Undefined Weak Reference
    _scanf_longlong                           - Undefined Weak Reference
    _scanf_real                               - Undefined Weak Reference
    _scanf_string                             - Undefined Weak Reference
    __Vectors_Size                           0x000000c0   Number         0  arm_startup_nrf51.o ABSOLUTE
    __Vectors                                0x00018000   Data           4  arm_startup_nrf51.o(RESET)
    __Vectors_End                            0x000180c0   Data           0  arm_startup_nrf51.o(RESET)
    __main                                   0x000180c1   Thumb Code     0  entry.o(.ARM.Collect$$$$00000000)
    _main_stk                                0x000180c1   Thumb Code     0  entry2.o(.ARM.Collect$$$$00000001)
    _main_scatterload                        0x000180c5   Thumb Code     0  entry5.o(.ARM.Collect$$$$00000004)
    __main_after_scatterload                 0x000180c9   Thumb Code     0  entry5.o(.ARM.Collect$$$$00000004)
    _main_clock                              0x000180c9   Thumb Code     0  entry7b.o(.ARM.Collect$$$$00000008)
    _main_cpp_init                           0x000180c9   Thumb Code     0  entry8b.o(.ARM.Collect$$$$0000000A)
    _main_init                               0x000180c9   Thumb Code     0  entry9a.o(.ARM.Collect$$$$0000000B)
    __rt_final_cpp                           0x000180d1   Thumb Code     0  entry10a.o(.ARM.Collect$$$$0000000D)
    __rt_final_exit                          0x000180d1   Thumb Code     0  entry11a.o(.ARM.Collect$$$$0000000F)
    __asm___13_simple_uart_c_5dda6715__nrf_delay_us 0x000180d5   Thumb Code    30  simple_uart.o(.emb_text)
    __asm___11_nrf_delay_c_532987f3__nrf_delay_us 0x000180f5   Thumb Code    30  nrf_delay.o(.emb_text)
    __asm___11_app_timer_c_cd27f9c3__nrf_delay_us 0x00018115   Thumb Code    30  app_timer.o(.emb_text)
    Reset_Handler                            0x00018135   Thumb Code    26  arm_startup_nrf51.o(.text)
    NMI_Handler                              0x0001814f   Thumb Code     2  arm_startup_nrf51.o(.text)
    HardFault_Handler                        0x00018151   Thumb Code     2  arm_startup_nrf51.o(.text)
    SVC_Handler                              0x00018153   Thumb Code     2  arm_startup_nrf51.o(.text)
    PendSV_Handler                           0x00018155   Thumb Code     2  arm_startup_nrf51.o(.text)
    SysTick_Handler                          0x00018157   Thumb Code     2  arm_startup_nrf51.o(.text)
    ADC_IRQHandler                           0x00018159   Thumb Code     0  arm_startup_nrf51.o(.text)
    CCM_AAR_IRQHandler                       0x00018159   Thumb Code     0  arm_startup_nrf51.o(.text)
    ECB_IRQHandler                           0x00018159   Thumb Code     0  arm_startup_nrf51.o(.text)
    LPCOMP_IRQHandler                        0x00018159   Thumb Code     0  arm_startup_nrf51.o(.text)
    POWER_CLOCK_IRQHandler                   0x00018159   Thumb Code     0  arm_startup_nrf51.o(.text)
    QDEC_IRQHandler                          0x00018159   Thumb Code     0  arm_startup_nrf51.o(.text)
    RADIO_IRQHandler                         0x00018159   Thumb Code     0  arm_startup_nrf51.o(.text)
    RNG_IRQHandler                           0x00018159   Thumb Code     0  arm_startup_nrf51.o(.text)
    RTC0_IRQHandler                          0x00018159   Thumb Code     0  arm_startup_nrf51.o(.text)
    SPI0_TWI0_IRQHandler                     0x00018159   Thumb Code     0  arm_startup_nrf51.o(.text)
    SPI1_TWI1_IRQHandler                     0x00018159   Thumb Code     0  arm_startup_nrf51.o(.text)
    SWI1_IRQHandler                          0x00018159   Thumb Code     0  arm_startup_nrf51.o(.text)
    SWI3_IRQHandler                          0x00018159   Thumb Code     0  arm_startup_nrf51.o(.text)
    SWI4_IRQHandler                          0x00018159   Thumb Code     0  arm_startup_nrf51.o(.text)
    SWI5_IRQHandler                          0x00018159   Thumb Code     0  arm_startup_nrf51.o(.text)
    TEMP_IRQHandler                          0x00018159   Thumb Code     0  arm_startup_nrf51.o(.text)
    TIMER0_IRQHandler                        0x00018159   Thumb Code     0  arm_startup_nrf51.o(.text)
    TIMER1_IRQHandler                        0x00018159   Thumb Code     0  arm_startup_nrf51.o(.text)
    TIMER2_IRQHandler                        0x00018159   Thumb Code     0  arm_startup_nrf51.o(.text)
    UART0_IRQHandler                         0x00018159   Thumb Code     0  arm_startup_nrf51.o(.text)
    WDT_IRQHandler                           0x00018159   Thumb Code     0  arm_startup_nrf51.o(.text)
    __aeabi_uidiv                            0x0001816d   Thumb Code     0  uidiv.o(.text)
    __aeabi_uidivmod                         0x0001816d   Thumb Code    44  uidiv.o(.text)
    __aeabi_idiv                             0x00018199   Thumb Code     0  idiv.o(.text)
    __aeabi_idivmod                          0x00018199   Thumb Code    40  idiv.o(.text)
    __aeabi_memcpy                           0x000181c1   Thumb Code    36  memcpya.o(.text)
    __aeabi_memcpy4                          0x000181c1   Thumb Code     0  memcpya.o(.text)
    __aeabi_memcpy8                          0x000181c1   Thumb Code     0  memcpya.o(.text)
    __aeabi_memset                           0x000181e5   Thumb Code    14  memseta.o(.text)
    __aeabi_memset4                          0x000181e5   Thumb Code     0  memseta.o(.text)
    __aeabi_memset8                          0x000181e5   Thumb Code     0  memseta.o(.text)
    __aeabi_memclr                           0x000181f3   Thumb Code     4  memseta.o(.text)
    __aeabi_memclr4                          0x000181f3   Thumb Code     0  memseta.o(.text)
    __aeabi_memclr8                          0x000181f3   Thumb Code     0  memseta.o(.text)
    _memset$wrapper                          0x000181f7   Thumb Code    18  memseta.o(.text)
    __0sscanf                                0x00018209   Thumb Code    50  __0sscanf.o(.text)
    _scanf_int                               0x00018245   Thumb Code   330  _scanf_int.o(.text)
    _chval                                   0x0001838f   Thumb Code    30  _chval.o(.text)
    __vfscanf_char                           0x000183b9   Thumb Code    24  scanf_char.o(.text)
    _sgetc                                   0x000183d9   Thumb Code    32  _sgetc.o(.text)
    _sbackspace                              0x000183f9   Thumb Code    36  _sgetc.o(.text)
    __scatterload                            0x0001841d   Thumb Code    28  init.o(.text)
    __scatterload_rt2                        0x0001841d   Thumb Code     0  init.o(.text)
    isspace                                  0x00018441   Thumb Code    14  isspace_c.o(.text)
    __vfscanf                                0x00018451   Thumb Code   806  _scanf.o(.text)
    __ctype_lookup                           0x00018785   Thumb Code    32  ctype_c.o(.text)
    GPIOTE_IRQHandler                        0x000187a9   Thumb Code   200  app_gpiote.o(i.GPIOTE_IRQHandler)
    RTC1_IRQHandler                          0x00018939   Thumb Code    34  app_timer.o(i.RTC1_IRQHandler)
    SWI0_IRQHandler                          0x00018961   Thumb Code     8  app_timer.o(i.SWI0_IRQHandler)
    SWI2_IRQHandler                          0x00018969   Thumb Code    50  softdevice_handler.o(i.SWI2_IRQHandler)
    SystemInit                               0x000189a1   Thumb Code    38  system_nrf51.o(i.SystemInit)
    __ARM_common_switch8                     0x000189d9   Thumb Code    28  pstorage.o(i.__ARM_common_switch8)
    __scatterload_copy                       0x000189f5   Thumb Code    14  handlers.o(i.__scatterload_copy)
    __scatterload_null                       0x00018a03   Thumb Code     2  handlers.o(i.__scatterload_null)
    __scatterload_zeroinit                   0x00018a05   Thumb Code    14  handlers.o(i.__scatterload_zeroinit)
    app_error_handler                        0x00018c3d   Thumb Code    22  main.o(i.app_error_handler)
    app_timer_create                         0x00018c85   Thumb Code   108  app_timer.o(i.app_timer_create)
    app_timer_init                           0x00018cf9   Thumb Code   204  app_timer.o(i.app_timer_init)
    app_timer_start                          0x00018de9   Thumb Code    98  app_timer.o(i.app_timer_start)
    app_timer_stop                           0x00018e55   Thumb Code    60  app_timer.o(i.app_timer_stop)
    battery_start                            0x00018ee5   Thumb Code    96  main.o(i.battery_start)
    ble_advdata_set                          0x00018f55   Thumb Code   122  ble_advdata.o(i.ble_advdata_set)
    intern_softdevice_events_execute         0x000196b1   Thumb Code   168  softdevice_handler.o(i.intern_softdevice_events_execute)
    main                                     0x00019a15   Thumb Code   270  main.o(i.main)
    nrf_delay_ms                             0x00019c4d   Thumb Code    24  nrf_delay.o(i.nrf_delay_ms)
    pstorage_block_identifier_get            0x00019dcd   Thumb Code   136  pstorage.o(i.pstorage_block_identifier_get)
    pstorage_clear                           0x00019e5d   Thumb Code   166  pstorage.o(i.pstorage_clear)
    pstorage_init                            0x00019f41   Thumb Code   128  pstorage.o(i.pstorage_init)
    pstorage_load                            0x00019fdd   Thumb Code   226  pstorage.o(i.pstorage_load)
    pstorage_register                        0x0001a0c9   Thumb Code   306  pstorage.o(i.pstorage_register)
    pstorage_store                           0x0001a20d   Thumb Code   202  pstorage.o(i.pstorage_store)
    pstorage_sys_event_handler               0x0001a2e1   Thumb Code   436  pstorage.o(i.pstorage_sys_event_handler)
    simple_uart_config                       0x0001a669   Thumb Code    92  simple_uart.o(i.simple_uart_config)
    simple_uart_get_with_timeout             0x0001a6d1   Thumb Code    62  simple_uart.o(i.simple_uart_get_with_timeout)
    softdevice_assertion_handler             0x0001a719   Thumb Code    18  softdevice_handler.o(i.softdevice_assertion_handler)
    softdevice_ble_evt_handler_set           0x0001a72d   Thumb Code    18  softdevice_handler.o(i.softdevice_ble_evt_handler_set)
    softdevice_handler_init                  0x0001a745   Thumb Code    84  softdevice_handler.o(i.softdevice_handler_init)
    softdevice_sys_evt_handler_set           0x0001a7ad   Thumb Code    18  softdevice_handler.o(i.softdevice_sys_evt_handler_set)
    __ctype_categories                       0x0001b080   Data          64  ctype_c.o(.constdata)
    Region$$Table$$Base                      0x0001b0c0   Number         0  anon$$obj.o(Region$$Table)
    Region$$Table$$Limit                     0x0001b0e0   Number         0  anon$$obj.o(Region$$Table)
    device_name                              0x2000200d   Data          15  main.o(.data)
    baudrate_select                          0x2000201c   Data           4  main.o(.data)
    data_periodic                            0x20002020   Data           4  main.o(.data)
    SystemCoreClock                          0x2000205c   Data           4  system_nrf51.o(.data)
    __initial_sp                             0x20002d30   Data           0  arm_startup_nrf51.o(STACK)



==============================================================================

Memory Map of the image

  Image Entry point : 0x000180c1

  Load Region LR_IROM1 (Base: 0x00018000, Size: 0x0000319c, Max: 0x00028000, ABSOLUTE)

    Execution Region ER_IROM1 (Base: 0x00018000, Size: 0x000030e0, Max: 0x00028000, ABSOLUTE)

    Base Addr    Size         Type   Attr      Idx    E Section Name        Object

    0x00018000   0x000000c0   Data   RO          370    RESET               arm_startup_nrf51.o
    0x000180c0   0x00000000   Code   RO         1213  * .ARM.Collect$$$$00000000  mc_p.l(entry.o)
    0x000180c0   0x00000004   Code   RO         1232    .ARM.Collect$$$$00000001  mc_p.l(entry2.o)
    0x000180c4   0x00000004   Code   RO         1235    .ARM.Collect$$$$00000004  mc_p.l(entry5.o)
    0x000180c8   0x00000000   Code   RO         1237    .ARM.Collect$$$$00000008  mc_p.l(entry7b.o)
    0x000180c8   0x00000000   Code   RO         1239    .ARM.Collect$$$$0000000A  mc_p.l(entry8b.o)
    0x000180c8   0x00000008   Code   RO         1240    .ARM.Collect$$$$0000000B  mc_p.l(entry9a.o)
    0x000180d0   0x00000000   Code   RO         1242    .ARM.Collect$$$$0000000D  mc_p.l(entry10a.o)
    0x000180d0   0x00000000   Code   RO         1244    .ARM.Collect$$$$0000000F  mc_p.l(entry11a.o)
    0x000180d0   0x00000004   Code   RO         1233    .ARM.Collect$$$$00002712  mc_p.l(entry2.o)
    0x000180d4   0x0000001e   Code   RO          303    .emb_text           simple_uart.o
    0x000180f2   0x00000002   PAD
    0x000180f4   0x0000001e   Code   RO          657    .emb_text           nrf_delay.o
    0x00018112   0x00000002   PAD
    0x00018114   0x0000001e   Code   RO          922    .emb_text           app_timer.o
    0x00018132   0x00000002   PAD
    0x00018134   0x00000038   Code   RO          371    .text               arm_startup_nrf51.o
    0x0001816c   0x0000002c   Code   RO         1216    .text               mc_p.l(uidiv.o)
    0x00018198   0x00000028   Code   RO         1218    .text               mc_p.l(idiv.o)
    0x000181c0   0x00000024   Code   RO         1220    .text               mc_p.l(memcpya.o)
    0x000181e4   0x00000024   Code   RO         1222    .text               mc_p.l(memseta.o)
    0x00018208   0x0000003c   Code   RO         1228    .text               mc_p.l(__0sscanf.o)
    0x00018244   0x0000014a   Code   RO         1230    .text               mc_p.l(_scanf_int.o)
    0x0001838e   0x0000001e   Code   RO         1246    .text               mc_p.l(_chval.o)
    0x000183ac   0x0000002c   Code   RO         1248    .text               mc_p.l(scanf_char.o)
    0x000183d8   0x00000044   Code   RO         1250    .text               mc_p.l(_sgetc.o)
    0x0001841c   0x00000024   Code   RO         1252    .text               mc_p.l(init.o)
    0x00018440   0x0000000e   Code   RO         1254    .text               mc_p.l(isspace_c.o)
    0x0001844e   0x00000002   PAD
    0x00018450   0x00000334   Code   RO         1256    .text               mc_p.l(_scanf.o)
    0x00018784   0x00000024   Code   RO         1258    .text               mc_p.l(ctype_c.o)
    0x000187a8   0x000000dc   Code   RO          846    i.GPIOTE_IRQHandler  app_gpiote.o
    0x00018884   0x00000014   Code   RO          923    i.NVIC_ClearPendingIRQ  app_timer.o
    0x00018898   0x00000014   Code   RO          924    i.NVIC_EnableIRQ    app_timer.o
    0x000188ac   0x00000014   Code   RO          925    i.NVIC_SetPendingIRQ  app_timer.o
    0x000188c0   0x00000078   Code   RO          926    i.NVIC_SetPriority  app_timer.o
    0x00018938   0x00000028   Code   RO          927    i.RTC1_IRQHandler   app_timer.o
    0x00018960   0x00000008   Code   RO          928    i.SWI0_IRQHandler   app_timer.o
    0x00018968   0x00000038   Code   RO         1157    i.SWI2_IRQHandler   softdevice_handler.o
    0x000189a0   0x00000038   Code   RO          378    i.SystemInit        system_nrf51.o
    0x000189d8   0x0000001c   Code   RO          801    i.__ARM_common_switch8  pstorage.o
    0x000189f4   0x0000000e   Code   RO         1263    i.__scatterload_copy  mc_p.l(handlers.o)
    0x00018a02   0x00000002   Code   RO         1264    i.__scatterload_null  mc_p.l(handlers.o)
    0x00018a04   0x0000000e   Code   RO         1265    i.__scatterload_zeroinit  mc_p.l(handlers.o)
    0x00018a12   0x00000136   Code   RO          494    i.adv_data_encode   ble_advdata.o
    0x00018b48   0x00000014   Code   RO          495    i.advdata_check     ble_advdata.o
    0x00018b5c   0x0000009c   Code   RO            3    i.advertising_init  main.o
    0x00018bf8   0x00000042   Code   RO            4    i.advertising_start  main.o
    0x00018c3a   0x00000002   PAD
    0x00018c3c   0x00000020   Code   RO            5    i.app_error_handler  main.o
    0x00018c5c   0x00000028   Code   RO          685    i.app_notify        pstorage.o
    0x00018c84   0x00000074   Code   RO          931    i.app_timer_create  app_timer.o
    0x00018cf8   0x000000f0   Code   RO          932    i.app_timer_init    app_timer.o
    0x00018de8   0x0000006c   Code   RO          933    i.app_timer_start   app_timer.o
    0x00018e54   0x00000044   Code   RO          934    i.app_timer_stop    app_timer.o
    0x00018e98   0x0000004a   Code   RO          496    i.appearance_encode  ble_advdata.o
    0x00018ee2   0x00000002   PAD
    0x00018ee4   0x00000070   Code   RO            7    i.battery_start     main.o
    0x00018f54   0x0000007a   Code   RO          497    i.ble_advdata_set   ble_advdata.o
    0x00018fce   0x0000000c   Code   RO            8    i.ble_evt_dispatch  main.o
    0x00018fda   0x00000002   PAD
    0x00018fdc   0x000000bc   Code   RO            9    i.ble_stack_init    main.o
    0x00019098   0x00000168   Code   RO          686    i.cmd_process       pstorage.o
    0x00019200   0x0000002c   Code   RO          687    i.cmd_queue_dequeue  pstorage.o
    0x0001922c   0x0000003c   Code   RO          688    i.cmd_queue_element_init  pstorage.o
    0x00019268   0x00000098   Code   RO          689    i.cmd_queue_enqueue  pstorage.o
    0x00019300   0x00000034   Code   RO          690    i.cmd_queue_init    pstorage.o
    0x00019334   0x00000090   Code   RO          936    i.compare_reg_update  app_timer.o
    0x000193c4   0x0000005c   Code   RO          498    i.conn_int_check    ble_advdata.o
    0x00019420   0x0000005c   Code   RO          499    i.conn_int_encode   ble_advdata.o
    0x0001947c   0x0000005c   Code   RO          937    i.current_int_priority_get  app_timer.o
    0x000194d8   0x00000064   Code   RO          938    i.elapsed_ticks_acquire  app_timer.o
    0x0001953c   0x00000006   Code   RO           14    i.example_cb_handler  main.o
    0x00019542   0x00000002   PAD
    0x00019544   0x0000006c   Code   RO          939    i.expired_timers_handler  app_timer.o
    0x000195b0   0x00000100   Code   RO           16    i.get_data          main.o
    0x000196b0   0x000000bc   Code   RO         1158    i.intern_softdevice_events_execute  softdevice_handler.o
    0x0001976c   0x00000038   Code   RO          379    i.is_disabled_in_debug_needed  system_nrf51.o
    0x000197a4   0x0000006c   Code   RO          380    i.is_manual_peripheral_setup_needed  system_nrf51.o
    0x00019810   0x00000012   Code   RO          691    i.is_word_aligned   pstorage.o
    0x00019822   0x00000002   PAD
    0x00019824   0x000000c0   Code   RO          940    i.list_deletions_handler  app_timer.o
    0x000198e4   0x00000130   Code   RO          941    i.list_insertions_handler  app_timer.o
    0x00019a14   0x00000138   Code   RO           17    i.main              main.o
    0x00019b4c   0x0000006a   Code   RO          500    i.manuf_specific_data_encode  ble_advdata.o
    0x00019bb6   0x00000096   Code   RO          501    i.name_encode       ble_advdata.o
    0x00019c4c   0x0000001c   Code   RO          658    i.nrf_delay_ms      nrf_delay.o
    0x00019c68   0x00000014   Code   RO          304    i.nrf_gpio_cfg_input  simple_uart.o
    0x00019c7c   0x00000012   Code   RO          305    i.nrf_gpio_cfg_output  simple_uart.o
    0x00019c8e   0x00000002   PAD
    0x00019c90   0x00000010   Code   RO           18    i.nrf_gpio_pin_clear  main.o
    0x00019ca0   0x0000010c   Code   RO           19    i.on_ble_evt        main.o
    0x00019dac   0x0000001e   Code   RO           22    i.power_manage      main.o
    0x00019dca   0x00000002   PAD
    0x00019dcc   0x00000090   Code   RO          693    i.pstorage_block_identifier_get  pstorage.o
    0x00019e5c   0x000000b0   Code   RO          694    i.pstorage_clear    pstorage.o
    0x00019f0c   0x00000028   Code   RO          695    i.pstorage_flash_page_end  pstorage.o
    0x00019f34   0x0000000a   Code   RO          696    i.pstorage_flash_page_size  pstorage.o
    0x00019f3e   0x00000002   PAD
    0x00019f40   0x0000009c   Code   RO          697    i.pstorage_init     pstorage.o
    0x00019fdc   0x000000ec   Code   RO          698    i.pstorage_load     pstorage.o
    0x0001a0c8   0x00000144   Code   RO          699    i.pstorage_register  pstorage.o
    0x0001a20c   0x000000d4   Code   RO          700    i.pstorage_store    pstorage.o
    0x0001a2e0   0x000001c4   Code   RO          701    i.pstorage_sys_event_handler  pstorage.o
    0x0001a4a4   0x0000000c   Code   RO          942    i.rtc1_counter_get  app_timer.o
    0x0001a4b0   0x00000018   Code   RO          943    i.rtc1_init         app_timer.o
    0x0001a4c8   0x0000003c   Code   RO          944    i.rtc1_start        app_timer.o
    0x0001a504   0x00000058   Code   RO          945    i.rtc1_stop         app_timer.o
    0x0001a55c   0x00000080   Code   RO          854    i.sense_level_toggle  app_gpiote.o
    0x0001a5dc   0x0000008c   Code   RO          502    i.service_data_encode  ble_advdata.o
    0x0001a668   0x00000068   Code   RO          306    i.simple_uart_config  simple_uart.o
    0x0001a6d0   0x00000048   Code   RO          308    i.simple_uart_get_with_timeout  simple_uart.o
    0x0001a718   0x00000012   Code   RO         1159    i.softdevice_assertion_handler  softdevice_handler.o
    0x0001a72a   0x00000002   PAD
    0x0001a72c   0x00000018   Code   RO         1160    i.softdevice_ble_evt_handler_set  softdevice_handler.o
    0x0001a744   0x00000068   Code   RO         1161    i.softdevice_handler_init  softdevice_handler.o
    0x0001a7ac   0x00000018   Code   RO         1163    i.softdevice_sys_evt_handler_set  softdevice_handler.o
    0x0001a7c4   0x00000010   Code   RO          503    i.srdata_check      ble_advdata.o
    0x0001a7d4   0x000001b4   Code   RO          703    i.swap_state_process  pstorage.o
    0x0001a988   0x0000000c   Code   RO           25    i.sys_evt_dispatch  main.o
    0x0001a994   0x0000000a   Code   RO          946    i.ticks_diff_get    app_timer.o
    0x0001a99e   0x00000002   PAD
    0x0001a9a0   0x00000040   Code   RO          947    i.timeout_handler_exec  app_timer.o
    0x0001a9e0   0x00000058   Code   RO          948    i.timer_list_handler  app_timer.o
    0x0001aa38   0x0000000a   Code   RO          949    i.timer_list_handler_sched  app_timer.o
    0x0001aa42   0x00000002   PAD
    0x0001aa44   0x000000dc   Code   RO          950    i.timer_list_insert  app_timer.o
    0x0001ab20   0x000000cc   Code   RO          951    i.timer_list_remove  app_timer.o
    0x0001abec   0x00000054   Code   RO          952    i.timer_start_op_schedule  app_timer.o
    0x0001ac40   0x00000040   Code   RO          954    i.timer_stop_op_schedule  app_timer.o
    0x0001ac80   0x0000009c   Code   RO          955    i.timer_timeouts_check  app_timer.o
    0x0001ad1c   0x0000000a   Code   RO          956    i.timer_timeouts_check_sched  app_timer.o
    0x0001ad26   0x00000030   Code   RO          504    i.tx_power_level_encode  ble_advdata.o
    0x0001ad56   0x00000012   Code   RO          505    i.uint16_encode     ble_advdata.o
    0x0001ad68   0x00000022   Code   RO          957    i.user_id_get       app_timer.o
    0x0001ad8a   0x0000002c   Code   RO          958    i.user_op_alloc     app_timer.o
    0x0001adb6   0x00000004   Code   RO          959    i.user_op_enque     app_timer.o
    0x0001adba   0x00000040   Code   RO          506    i.uuid_list_encode  ble_advdata.o
    0x0001adfa   0x000000c4   Code   RO          507    i.uuid_list_sized_encode  ble_advdata.o
    0x0001aebe   0x00000002   PAD
    0x0001aec0   0x00000020   Code   RO           26    i.weakup_meantimeout_handler  main.o
    0x0001aee0   0x000001a0   Code   RO           27    i.weakup_timeout_handler  main.o
    0x0001b080   0x00000040   Data   RO         1259    .constdata          mc_p.l(ctype_c.o)
    0x0001b0c0   0x00000020   Data   RO         1261    Region$$Table       anon$$obj.o


    Execution Region RW_IRAM1 (Base: 0x20002000, Size: 0x00000d30, Max: 0x00002000, ABSOLUTE)

    Base Addr    Size         Type   Attr      Idx    E Section Name        Object

    0x20002000   0x0000005c   Data   RW           29    .data               main.o
    0x2000205c   0x00000004   Data   RW          381    .data               system_nrf51.o
    0x20002060   0x0000000c   Data   RW          705    .data               pstorage.o
    0x2000206c   0x0000000c   Data   RW          855    .data               app_gpiote.o
    0x20002078   0x0000002a   Data   RW          960    .data               app_timer.o
    0x200020a2   0x00000002   PAD
    0x200020a4   0x00000018   Data   RW         1164    .data               softdevice_handler.o
    0x200020bc   0x00000384   Zero   RW           28    .bss                main.o
    0x20002440   0x000000ec   Zero   RW          704    .bss                pstorage.o
    0x2000252c   0x00000004   PAD
    0x20002530   0x00000800   Zero   RW          368    STACK               arm_startup_nrf51.o


==============================================================================

Image component sizes


      Code (inc. data)   RO Data    RW Data    ZI Data      Debug   Object Name

       348         20          0         12          0       4048   app_gpiote.o
      2906        320          0         42          0      33635   app_timer.o
        56         18        192          0       2048        648   arm_startup_nrf51.o
      1448          4          0          0          0      13906   ble_advdata.o
      1914        238          0         92        900      88875   main.o
        58          4          0          0          0       1575   nrf_delay.o
      2940        166          0         12        236      18779   pstorage.o
       244         22          0          0          0       5384   simple_uart.o
       414         58          0         24          0       5728   softdevice_handler.o
       220         26          0          4          0       1791   system_nrf51.o

    ----------------------------------------------------------------------
     10578        876        224        188       3188     174369   Object Totals
         0          0         32          0          0          0   (incl. Generated)
        30          0          0          2          4          0   (incl. Padding)

    ----------------------------------------------------------------------

      Code (inc. data)   RO Data    RW Data    ZI Data      Debug   Library Member Name

        60         10          0          0          0         84   __0sscanf.o
        30          0          0          0          0         60   _chval.o
       820         14          0          0          0         84   _scanf.o
       330          0          0          0          0         84   _scanf_int.o
        68          0          0          0          0         76   _sgetc.o
        36          4         64          0          0         60   ctype_c.o
         0          0          0          0          0          0   entry.o
         0          0          0          0          0          0   entry10a.o
         0          0          0          0          0          0   entry11a.o
         8          4          0          0          0          0   entry2.o
         4          0          0          0          0          0   entry5.o
         0          0          0          0          0          0   entry7b.o
         0          0          0          0          0          0   entry8b.o
         8          4          0          0          0          0   entry9a.o
        30          0          0          0          0          0   handlers.o
        40          0          0          0          0         72   idiv.o
        36          8          0          0          0         68   init.o
        14          0          0          0          0         68   isspace_c.o
        36          0          0          0          0         60   memcpya.o
        36          0          0          0          0        100   memseta.o
        44          8          0          0          0         84   scanf_char.o
        44          0          0          0          0         72   uidiv.o

    ----------------------------------------------------------------------
      1646         52         64          0          0        972   Library Totals
         2          0          0          0          0          0   (incl. Padding)

    ----------------------------------------------------------------------

      Code (inc. data)   RO Data    RW Data    ZI Data      Debug   Library Name

      1644         52         64          0          0        972   mc_p.l

    ----------------------------------------------------------------------
      1646         52         64          0          0        972   Library Totals

    ----------------------------------------------------------------------

==============================================================================


      Code (inc. data)   RO Data    RW Data    ZI Data      Debug   

     12224        928        288        188       3188     170761   Grand Totals
     12224        928        288        188       3188     170761   ELF Image Totals
     12224        928        288        188          0          0   ROM Totals

==============================================================================

    Total RO  Size (Code + RO Data)                12512 (  12.22kB)
    Total RW  Size (RW Data + ZI Data)              3376 (   3.30kB)
    Total ROM Size (Code + RO Data + RW Data)      12700 (  12.40kB)

==============================================================================

