<html>
<body>
<pre>
<h1>µVision Build Log</h1>
<h2>Project:</h2>
C:\Users\l1117\Documents\GitHub\UARTLOGGER\pca10028\arm5\ble_app_uart_s110_pca10028.uvprojx
Project File Date:  08/20/2015

<h2>Output:</h2>
Build target 'nrf51822_xxac_s110'
compiling main.c...
..\..\main.c(299): warning:  #177-D: variable "adv_uuids" was declared but never referenced
      ble_uuid_t adv_uuids[] = {{BLE_UUID_NUS_SERVICE, m_nus.uuid_type}};
..\..\main.c(549): warning:  #177-D: variable "err_code" was declared but never referenced
      uint32_t err_code;
..\..\main.c(856): warning:  #223-D: function "nrf_delay_ms" declared implicitly
                nrf_delay_ms(200);
..\..\main.c(89): warning:  #177-D: variable "m_conn_int_timer_id" was declared but never referenced
  static app_timer_id_t            m_conn_int_timer_id;                                /**< Connection interval timer. */
..\..\main.c(90): warning:  #177-D: variable "m_notif_timer_id" was declared but never referenced
  static app_timer_id_t            m_notif_timer_id;                                   /**< Notification timer. */
..\..\main.c(108): warning:  #177-D: variable "data_index" was declared but never referenced
  static uint16_t data_index = 8;  //[0:3]time_counter
..\..\main.c(111): warning:  #550-D: variable "pstorage_wait_flag" was set but never used
  static uint8_t pstorage_wait_flag = 0;
..\..\main.c: 7 warnings, 0 errors
linking...
Program Size: Code=14864 RO-data=292 RW-data=228 ZI-data=5508  
FromELF: creating hex file...
".\_build\nrf51422_xxac_s110.axf" - 0 Error(s), 7 Warning(s).

<h2>Software Packages used:</h2>

Package Vendor: ARM
                http://www.keil.com/pack/ARM.CMSIS.3.20.4.pack
                ARM::CMSIS:CORE:3.20.0
                Cortex Microcontroller Software Interface Standard (CMSIS) CORE, DSP, RTOS, Driver
   * Component: CORE Version: 3.20.0

Package Vendor: NordicSemiconductor
                http://developer.nordicsemi.com/nRF51_SDK/pieces/nRF_BLE/NordicSemiconductor.nRF_BLE.2.0.0.pack
                NordicSemiconductor::nRF_BLE:BLE_Services:ble_nus:2.0.0
                Bluetooth Low Energy (Bluetooth Smart) services and software modules for Nordic Semiconductor nRF family.
   * Component: ble_nus Version: 2.0.0
   * Component: ble_conn_params Version: 2.0.0
   * Component: ble_service_common Version: 2.0.0
   * Component: ble_common Version: 2.0.0
   * Component: ble_advdata Version: 2.0.0

Package Vendor: NordicSemiconductor
                http://developer.nordicsemi.com/nRF51_SDK/pieces/nRF_DeviceFamilyPack/NordicSemiconductor.nRF_DeviceFamilyPack.7.2.1.pack
                NordicSemiconductor::Device:Startup:7.2.1
                Nordic Semiconductor nRF ARM devices Device Family Pack.
   * Component: Startup Version: 7.2.1

Package Vendor: NordicSemiconductor
                http://developer.nordicsemi.com/nRF51_SDK/pieces/nRF_Drivers/NordicSemiconductor.nRF_Drivers.2.0.0.pack
                NordicSemiconductor::nRF_Drivers:nrf_delay:2.0.0
                Drivers for Nordic Semiconductor nRF family.
   * Component: nrf_delay Version: 2.0.0
   * Component: nrf_gpio Version: 2.0.0
   * Component: nrf_error Variant: default Version: 2.0.0
   * Component: pstorage Variant: default Version: 2.0.0

Package Vendor: NordicSemiconductor
                http://developer.nordicsemi.com/nRF51_SDK/pieces/nRF_Libraries/NordicSemiconductor.nRF_Libraries.2.0.0.pack
                NordicSemiconductor::nRF_Libraries:nrf_assert:2.0.0
                Software modules for Nordic Semiconductor nRF family.
   * Component: nrf_assert Version: 2.0.0
   * Component: app_timer Variant: default Version: 2.0.0
   * Component: app_gpiote Variant: default Version: 2.0.0
   * Component: app_button Version: 2.0.0
   * Component: app_error Version: 2.0.0
   * Component: app_fifo Version: 2.0.0

Package Vendor: NordicSemiconductor
                http://developer.nordicsemi.com/nRF51_SDK/pieces/nRF_Examples/NordicSemiconductor.nRF_Examples.8.0.0.pack
                NordicSemiconductor::Board Support:bsp:default:8.0.0
                Examples and BSP for Nordic Semiconductor nRF family.
   * Component: bsp Variant: default Version: 8.0.0

Package Vendor: NordicSemiconductor
                http://developer.nordicsemi.com/nRF51_SDK/pieces/nRF_SoftDevice_Common/NordicSemiconductor.nRF_SoftDevice_Common.1.1.2.pack
                NordicSemiconductor::nRF_SoftDevice:Internal:sd_common:default:1.1.2
                Common components for Nordic Semiconductor nRF family SoftDevices.
   * Component: sd_common Variant: default Version: 1.1.2
   * Component: softdevice_present Version: 1.1.2
   * Component: softdevice_hex Variant: S110 Version: 1.1.2

Package Vendor: NordicSemiconductor
                http://developer.nordicsemi.com/nRF51_SDK/pieces/nRF_SoftDevice_S110/NordicSemiconductor.nRF_SoftDevice_S110.8.0.0.pack
                NordicSemiconductor::nRF_SoftDevice:s110:default:8.0.0
                Components for Bluetooth Low Energy (Bluetooth Smart) S110 SoftDevice for Nordic Semiconductor nRF family.
   * Component: s110 Variant: default Version: 8.0.0
   * Component: s110_hex Version: 8.0.0
   * Component: app_util Variant: default Version: 2.0.0

<h2>Collection of Component include folders:</h2>
  C:\Users\l1117\Documents\GitHub\UARTLOGGER\pca10028\arm5\RTE
  C:\Users\l1117\Documents\GitHub\UARTLOGGER\pca10028\arm5\RTE\nRF_BLE\nRF51822_xxAA
  C:\Users\l1117\Documents\GitHub\UARTLOGGER\pca10028\arm5\RTE\nRF_Drivers\nRF51822_xxAA
  C:\Users\l1117\Documents\GitHub\UARTLOGGER\pca10028\arm5\RTE\nRF_Libraries\nRF51822_xxAA
  C:\Keil_v5\ARM\PACK\ARM\CMSIS\3.20.4\CMSIS\Include
  C:\Keil_v5\ARM\PACK\NordicSemiconductor\nRF_BLE\2.0.0\ble_services\ble_nus
  C:\Keil_v5\ARM\PACK\NordicSemiconductor\nRF_BLE\2.0.0\common
  C:\Keil_v5\ARM\PACK\NordicSemiconductor\nRF_DeviceFamilyPack\7.2.1\Device\Include
  C:\Keil_v5\ARM\PACK\NordicSemiconductor\nRF_Drivers\2.0.0\hal
  C:\Keil_v5\ARM\PACK\NordicSemiconductor\nRF_Drivers\2.0.0\pstorage
  C:\Keil_v5\ARM\PACK\NordicSemiconductor\nRF_Examples\8.0.0\bsp
  C:\Keil_v5\ARM\PACK\NordicSemiconductor\nRF_Libraries\2.0.0\button
  C:\Keil_v5\ARM\PACK\NordicSemiconductor\nRF_Libraries\2.0.0\fifo
  C:\Keil_v5\ARM\PACK\NordicSemiconductor\nRF_Libraries\2.0.0\gpiote
  C:\Keil_v5\ARM\PACK\NordicSemiconductor\nRF_Libraries\2.0.0\timer
  C:\Keil_v5\ARM\PACK\NordicSemiconductor\nRF_Libraries\2.0.0\util
  C:\Keil_v5\ARM\PACK\NordicSemiconductor\nRF_SoftDevice_Common\1.1.2\softdevice_handler
  C:\Keil_v5\ARM\PACK\NordicSemiconductor\nRF_SoftDevice_S110\8.0.0\headers

<h2>Collection of Component Files used:</h2>

   * Component: ARM::CMSIS:CORE:3.20.0

   * Component: NordicSemiconductor::nRF_BLE:BLE_Services:ble_nus:2.0.0
      Source file:   ble_services\ble_nus\ble_nus.c
      Include file:  ble_services\ble_nus\ble_nus.h

   * Component: NordicSemiconductor::nRF_BLE:BLE_Modules:ble_conn_params:2.0.0
      Include file:  common\ble_conn_params.h
      Source file:   common\ble_conn_params.c

   * Component: NordicSemiconductor::nRF_BLE:BLE_Modules:ble_service_common:2.0.0
      Source file:   common\ble_srv_common.c
      Include file:  common\ble_srv_common.h

   * Component: NordicSemiconductor::nRF_BLE:BLE_Modules:ble_common:2.0.0

   * Component: NordicSemiconductor::nRF_BLE:BLE_Modules:ble_advdata:2.0.0
      Source file:   common\ble_advdata.c
      Include file:  common\ble_advdata.h

   * Component: NordicSemiconductor::Device:Startup:7.2.1
      Source file:   Device\Source\arm\arm_startup_nrf51.s
      Source file:   Device\Source\system_nrf51.c
      Include file:  Device\Include\system_nrf51.h

   * Component: NordicSemiconductor::nRF_Drivers:nrf_delay:2.0.0
      Source file:   hal\nrf_delay.c
      Include file:  hal\nrf_delay.h

   * Component: NordicSemiconductor::nRF_Drivers:nrf_gpio:2.0.0
      Include file:  hal\nrf_gpio.h

   * Component: NordicSemiconductor::nRF_Drivers:nrf_error:default:2.0.0

   * Component: NordicSemiconductor::nRF_Drivers:pstorage:default:2.0.0
      Source file:   pstorage\pstorage.c
      Include file:  pstorage\config\pstorage_platform.h
      Include file:  pstorage\pstorage.h

   * Component: NordicSemiconductor::nRF_Libraries:nrf_assert:2.0.0
      Source file:   util\nrf_assert.c
      Include file:  util\nrf_assert.h

   * Component: NordicSemiconductor::nRF_Libraries:app_timer:default:2.0.0
      Include file:  timer\app_timer.h
      Source file:   timer\app_timer.c

   * Component: NordicSemiconductor::nRF_Libraries:app_gpiote:default:2.0.0
      Source file:   gpiote\app_gpiote.c
      Include file:  gpiote\app_gpiote.h

   * Component: NordicSemiconductor::nRF_Libraries:app_button:2.0.0
      Include file:  button\app_button.h
      Source file:   button\app_button.c

   * Component: NordicSemiconductor::nRF_Libraries:app_error:2.0.0
      Include file:  util\app_error.h
      Source file:   util\app_error.c

   * Component: NordicSemiconductor::nRF_Libraries:app_fifo:2.0.0
      Include file:  fifo\app_fifo.h
      Source file:   fifo\app_fifo.c

   * Component: NordicSemiconductor::Board Support:bsp:default:8.0.0
      Source file:   bsp\bsp.c

   * Component: NordicSemiconductor::nRF_SoftDevice:Internal:sd_common:default:1.1.2
      Source file:   softdevice_handler\softdevice_handler.c

   * Component: NordicSemiconductor::nRF_SoftDevice:Internal:softdevice_present:1.1.2

   * Component: NordicSemiconductor::nRF_SoftDevice:softdevice_hex:S110:1.1.2

   * Component: NordicSemiconductor::nRF_SoftDevice:s110:default:8.0.0
      Include file:  headers\nrf_sdm.h
      Include file:  headers\ble_l2cap.h
      Include file:  headers\ble_gatt.h
      Include file:  headers\ble_gatts.h
      Include file:  headers\ble_hci.h
      Include file:  headers\ble_err.h
      Include file:  headers\nrf_svc.h
      Include file:  headers\softdevice_assert.h
      Include file:  headers\ble.h
      Include file:  headers\nrf_sd_def.h
      Include file:  headers\nrf_error_soc.h
      Include file:  headers\nrf_soc.h
      Include file:  headers\ble_types.h
      Include file:  headers\nrf_error.h
      Include file:  headers\nrf_mbr.h
      Include file:  headers\ble_gap.h
      Include file:  headers\ble_gattc.h
      Include file:  headers\ble_ranges.h
      Include file:  headers\nrf_error_sdm.h

   * Component: NordicSemiconductor::nRF_SoftDevice:s110_hex:8.0.0

   * Component: NordicSemiconductor::nRF_Libraries:app_util:default:2.0.0
