Product: MDK-ARM Standard 5.10
Component: ARM Compiler 5.04 update 1 (build 49)
Tool: armlink [5040049]

==============================================================================

Section Cross References

    main.o(i.advertising_init) refers to memseta.o(.text) for __aeabi_memclr4
    main.o(i.advertising_init) refers to uidiv.o(.text) for __aeabi_uidivmod
    main.o(i.advertising_init) refers to ble_advdata.o(i.ble_advdata_set) for ble_advdata_set
    main.o(i.advertising_init) refers to main.o(.bss) for .bss
    main.o(i.advertising_init) refers to main.o(.data) for .data
    main.o(i.advertising_start) refers to memseta.o(.text) for __aeabi_memclr4
    main.o(i.battery_start) refers to uidiv.o(.text) for __aeabi_uidivmod
    main.o(i.ble_evt_dispatch) refers to main.o(i.on_ble_evt) for on_ble_evt
    main.o(i.ble_on_radio_active_evt) refers to main.o(i.advertising_init) for advertising_init
    main.o(i.ble_on_radio_active_evt) refers to main.o(.data) for .data
    main.o(i.ble_stack_init) refers to softdevice_handler.o(i.softdevice_handler_init) for softdevice_handler_init
    main.o(i.ble_stack_init) refers to softdevice_handler.o(i.softdevice_ble_evt_handler_set) for softdevice_ble_evt_handler_set
    main.o(i.ble_stack_init) refers to softdevice_handler.o(i.softdevice_sys_evt_handler_set) for softdevice_sys_evt_handler_set
    main.o(i.ble_stack_init) refers to main.o(.bss) for .bss
    main.o(i.ble_stack_init) refers to main.o(i.ble_evt_dispatch) for ble_evt_dispatch
    main.o(i.ble_stack_init) refers to main.o(i.sys_evt_dispatch) for sys_evt_dispatch
    main.o(i.main) refers to app_timer.o(i.app_timer_init) for app_timer_init
    main.o(i.main) refers to app_timer.o(i.app_timer_create) for app_timer_create
    main.o(i.main) refers to main.o(i.ble_stack_init) for ble_stack_init
    main.o(i.main) refers to pstorage.o(i.pstorage_init) for pstorage_init
    main.o(i.main) refers to pstorage.o(i.pstorage_register) for pstorage_register
    main.o(i.main) refers to ble_radio_notification.o(i.ble_radio_notification_init) for ble_radio_notification_init
    main.o(i.main) refers to main.o(i.char_hex) for char_hex
    main.o(i.main) refers to main.o(i.advertising_init) for advertising_init
    main.o(i.main) refers to main.o(i.advertising_start) for advertising_start
    main.o(i.main) refers to main.o(.bss) for .bss
    main.o(i.main) refers to main.o(i.weakup_timeout_handler) for weakup_timeout_handler
    main.o(i.main) refers to main.o(.data) for .data
    main.o(i.main) refers to main.o(i.weakup_meantimeout_handler) for weakup_meantimeout_handler
    main.o(i.main) refers to main.o(i.example_cb_handler) for example_cb_handler
    main.o(i.main) refers to main.o(i.ble_on_radio_active_evt) for ble_on_radio_active_evt
    main.o(i.main) refers to main.o(.constdata) for .constdata
    main.o(i.on_ble_evt) refers to uidiv.o(.text) for __aeabi_uidivmod
    main.o(i.on_ble_evt) refers to pstorage.o(i.pstorage_block_identifier_get) for pstorage_block_identifier_get
    main.o(i.on_ble_evt) refers to pstorage.o(i.pstorage_load) for pstorage_load
    main.o(i.on_ble_evt) refers to pstorage.o(i.pstorage_clear) for pstorage_clear
    main.o(i.on_ble_evt) refers to uldiv.o(.text) for __aeabi_uldivmod
    main.o(i.on_ble_evt) refers to app_timer.o(i.app_timer_start) for app_timer_start
    main.o(i.on_ble_evt) refers to main.o(i.advertising_init) for advertising_init
    main.o(i.on_ble_evt) refers to app_timer.o(i.app_timer_stop) for app_timer_stop
    main.o(i.on_ble_evt) refers to main.o(i.advertising_start) for advertising_start
    main.o(i.on_ble_evt) refers to main.o(.data) for .data
    main.o(i.on_ble_evt) refers to main.o(.bss) for .bss
    main.o(i.sys_evt_dispatch) refers to pstorage.o(i.pstorage_sys_event_handler) for pstorage_sys_event_handler
    main.o(i.weakup_meantimeout_handler) refers to main.o(i.advertising_start) for advertising_start
    main.o(i.weakup_meantimeout_handler) refers to main.o(.data) for .data
    main.o(i.weakup_timeout_handler) refers to _scanf_int.o(.text) for _scanf_int
    main.o(i.weakup_timeout_handler) refers to simple_uart.o(i.simple_uart_config) for simple_uart_config
    main.o(i.weakup_timeout_handler) refers to simple_uart.o(i.simple_uart_get_with_timeout) for simple_uart_get_with_timeout
    main.o(i.weakup_timeout_handler) refers to __0sscanf.o(.text) for __0sscanf
    main.o(i.weakup_timeout_handler) refers to main.o(i.battery_start) for battery_start
    main.o(i.weakup_timeout_handler) refers to uidiv.o(.text) for __aeabi_uidivmod
    main.o(i.weakup_timeout_handler) refers to pstorage.o(i.pstorage_block_identifier_get) for pstorage_block_identifier_get
    main.o(i.weakup_timeout_handler) refers to pstorage.o(i.pstorage_clear) for pstorage_clear
    main.o(i.weakup_timeout_handler) refers to pstorage.o(i.pstorage_store) for pstorage_store
    main.o(i.weakup_timeout_handler) refers to main.o(i.advertising_start) for advertising_start
    main.o(i.weakup_timeout_handler) refers to main.o(.data) for .data
    main.o(i.weakup_timeout_handler) refers to main.o(.bss) for .bss
    simple_uart.o(i.simple_uart_get_with_timeout) refers to simple_uart.o(.emb_text) for __asm___13_simple_uart_c_5dda6715__nrf_delay_us
    simple_uart.o(i.simple_uart_putstring) refers to simple_uart.o(i.simple_uart_put) for simple_uart_put
    arm_startup_nrf51.o(RESET) refers to arm_startup_nrf51.o(STACK) for __initial_sp
    arm_startup_nrf51.o(RESET) refers to arm_startup_nrf51.o(.text) for Reset_Handler
    arm_startup_nrf51.o(RESET) refers to app_gpiote.o(i.GPIOTE_IRQHandler) for GPIOTE_IRQHandler
    arm_startup_nrf51.o(RESET) refers to app_timer.o(i.RTC1_IRQHandler) for RTC1_IRQHandler
    arm_startup_nrf51.o(RESET) refers to app_timer.o(i.SWI0_IRQHandler) for SWI0_IRQHandler
    arm_startup_nrf51.o(RESET) refers to ble_radio_notification.o(i.SWI1_IRQHandler) for SWI1_IRQHandler
    arm_startup_nrf51.o(RESET) refers to softdevice_handler.o(i.SWI2_IRQHandler) for SWI2_IRQHandler
    arm_startup_nrf51.o(.text) refers to system_nrf51.o(i.SystemInit) for SystemInit
    arm_startup_nrf51.o(.text) refers to entry.o(.ARM.Collect$$$$00000000) for __main
    system_nrf51.o(i.SystemCoreClockUpdate) refers to system_nrf51.o(.data) for .data
    system_nrf51.o(i.SystemInit) refers to system_nrf51.o(i.is_manual_peripheral_setup_needed) for is_manual_peripheral_setup_needed
    ble_nus.o(i.ble_nus_init) refers to ble_nus.o(i.rx_char_add) for rx_char_add
    ble_nus.o(i.ble_nus_init) refers to ble_nus.o(i.tx_char_add) for tx_char_add
    ble_nus.o(i.ble_nus_init) refers to ble_nus.o(.constdata) for .constdata
    ble_nus.o(i.rx_char_add) refers to memseta.o(.text) for __aeabi_memclr4
    ble_nus.o(i.tx_char_add) refers to memseta.o(.text) for __aeabi_memclr4
    ble_srv_common.o(i.ble_srv_ascii_to_utf8) refers to strlen.o(.text) for strlen
    ble_advdata.o(i.adv_data_encode) refers to ble_advdata.o(i.name_encode) for name_encode
    ble_advdata.o(i.adv_data_encode) refers to ble_advdata.o(i.uint16_encode) for uint16_encode
    ble_advdata.o(i.adv_data_encode) refers to ble_advdata.o(i.uuid_list_encode) for uuid_list_encode
    ble_advdata.o(i.adv_data_encode) refers to ble_advdata.o(i.conn_int_encode) for conn_int_encode
    ble_advdata.o(i.adv_data_encode) refers to ble_advdata.o(i.manuf_specific_data_encode) for manuf_specific_data_encode
    ble_advdata.o(i.adv_data_encode) refers to ble_advdata.o(i.service_data_encode) for service_data_encode
    ble_advdata.o(i.ble_advdata_set) refers to ble_advdata.o(i.adv_data_encode) for adv_data_encode
    ble_advdata.o(i.conn_int_encode) refers to ble_advdata.o(i.uint16_encode) for uint16_encode
    ble_advdata.o(i.manuf_specific_data_encode) refers to ble_advdata.o(i.uint16_encode) for uint16_encode
    ble_advdata.o(i.manuf_specific_data_encode) refers to memcpya.o(.text) for __aeabi_memcpy
    ble_advdata.o(i.service_data_encode) refers to ble_advdata.o(i.uint16_encode) for uint16_encode
    ble_advdata.o(i.service_data_encode) refers to memcpya.o(.text) for __aeabi_memcpy
    ble_advdata.o(i.uuid_list_encode) refers to ble_advdata.o(i.uuid_list_sized_encode) for uuid_list_sized_encode
    ble_conn_params.o(i.ble_conn_params_change_conn_params) refers to memcpya.o(.text) for __aeabi_memcpy
    ble_conn_params.o(i.ble_conn_params_change_conn_params) refers to ble_conn_params.o(i.is_conn_params_ok) for is_conn_params_ok
    ble_conn_params.o(i.ble_conn_params_change_conn_params) refers to ble_conn_params.o(.data) for .data
    ble_conn_params.o(i.ble_conn_params_change_conn_params) refers to ble_conn_params.o(.bss) for .bss
    ble_conn_params.o(i.ble_conn_params_init) refers to memcpya.o(.text) for __aeabi_memcpy4
    ble_conn_params.o(i.ble_conn_params_init) refers to app_timer.o(i.app_timer_create) for app_timer_create
    ble_conn_params.o(i.ble_conn_params_init) refers to ble_conn_params.o(.bss) for .bss
    ble_conn_params.o(i.ble_conn_params_init) refers to ble_conn_params.o(.data) for .data
    ble_conn_params.o(i.ble_conn_params_init) refers to ble_conn_params.o(i.update_timeout_handler) for update_timeout_handler
    ble_conn_params.o(i.ble_conn_params_on_ble_evt) refers to memcpya.o(.text) for __aeabi_memcpy
    ble_conn_params.o(i.ble_conn_params_on_ble_evt) refers to ble_conn_params.o(i.conn_params_negotiation) for conn_params_negotiation
    ble_conn_params.o(i.ble_conn_params_on_ble_evt) refers to app_timer.o(i.app_timer_stop) for app_timer_stop
    ble_conn_params.o(i.ble_conn_params_on_ble_evt) refers to ble_conn_params.o(.data) for .data
    ble_conn_params.o(i.ble_conn_params_on_ble_evt) refers to ble_conn_params.o(.bss) for .bss
    ble_conn_params.o(i.ble_conn_params_stop) refers to app_timer.o(i.app_timer_stop) for app_timer_stop
    ble_conn_params.o(i.ble_conn_params_stop) refers to ble_conn_params.o(.data) for .data
    ble_conn_params.o(i.conn_params_negotiation) refers to ble_conn_params.o(i.is_conn_params_ok) for is_conn_params_ok
    ble_conn_params.o(i.conn_params_negotiation) refers to app_timer.o(i.app_timer_start) for app_timer_start
    ble_conn_params.o(i.conn_params_negotiation) refers to ble_conn_params.o(.data) for .data
    ble_conn_params.o(i.conn_params_negotiation) refers to ble_conn_params.o(.bss) for .bss
    ble_conn_params.o(i.is_conn_params_ok) refers to ble_conn_params.o(.data) for .data
    ble_conn_params.o(i.update_timeout_handler) refers to ble_conn_params.o(.data) for .data
    ble_conn_params.o(i.update_timeout_handler) refers to ble_conn_params.o(.bss) for .bss
    ble_radio_notification.o(i.SWI1_IRQHandler) refers to ble_radio_notification.o(.data) for .data
    ble_radio_notification.o(i.ble_radio_notification_init) refers to ble_radio_notification.o(.data) for .data
    nrf_delay.o(i.nrf_delay_ms) refers to nrf_delay.o(.emb_text) for __asm___11_nrf_delay_c_532987f3__nrf_delay_us
    pstorage.o(i.app_notify) refers to pstorage.o(.bss) for .bss
    pstorage.o(i.cmd_process) refers to pstorage.o(i.pstorage_flash_page_size) for pstorage_flash_page_size
    pstorage.o(i.cmd_process) refers to uidiv.o(.text) for __aeabi_uidivmod
    pstorage.o(i.cmd_process) refers to pstorage.o(i.swap_state_process) for swap_state_process
    pstorage.o(i.cmd_process) refers to pstorage.o(.bss) for .bss
    pstorage.o(i.cmd_process) refers to pstorage.o(.data) for .data
    pstorage.o(i.cmd_queue_dequeue) refers to pstorage.o(i.cmd_process) for cmd_process
    pstorage.o(i.cmd_queue_dequeue) refers to pstorage.o(.bss) for .bss
    pstorage.o(i.cmd_queue_element_init) refers to pstorage.o(.bss) for .bss
    pstorage.o(i.cmd_queue_enqueue) refers to pstorage.o(i.cmd_process) for cmd_process
    pstorage.o(i.cmd_queue_enqueue) refers to pstorage.o(.bss) for .bss
    pstorage.o(i.pstorage_access_status_get) refers to pstorage.o(.data) for .data
    pstorage.o(i.pstorage_access_status_get) refers to pstorage.o(.bss) for .bss
    pstorage.o(i.pstorage_block_identifier_get) refers to pstorage.o(.data) for .data
    pstorage.o(i.pstorage_block_identifier_get) refers to pstorage.o(.bss) for .bss
    pstorage.o(i.pstorage_clear) refers to pstorage.o(i.is_word_aligned) for is_word_aligned
    pstorage.o(i.pstorage_clear) refers to uidiv.o(.text) for __aeabi_uidivmod
    pstorage.o(i.pstorage_clear) refers to pstorage.o(i.cmd_queue_enqueue) for cmd_queue_enqueue
    pstorage.o(i.pstorage_clear) refers to pstorage.o(.data) for .data
    pstorage.o(i.pstorage_clear) refers to pstorage.o(.bss) for .bss
    pstorage.o(i.pstorage_flash_page_end) refers to pstorage.o(i.pstorage_flash_page_size) for pstorage_flash_page_size
    pstorage.o(i.pstorage_flash_page_end) refers to uidiv.o(.text) for __aeabi_uidivmod
    pstorage.o(i.pstorage_init) refers to pstorage.o(i.cmd_queue_element_init) for cmd_queue_element_init
    pstorage.o(i.pstorage_init) refers to pstorage.o(i.pstorage_flash_page_end) for pstorage_flash_page_end
    pstorage.o(i.pstorage_init) refers to pstorage.o(i.pstorage_flash_page_size) for pstorage_flash_page_size
    pstorage.o(i.pstorage_init) refers to uidiv.o(.text) for __aeabi_uidivmod
    pstorage.o(i.pstorage_init) refers to pstorage.o(.data) for .data
    pstorage.o(i.pstorage_init) refers to pstorage.o(.bss) for .bss
    pstorage.o(i.pstorage_load) refers to pstorage.o(i.is_word_aligned) for is_word_aligned
    pstorage.o(i.pstorage_load) refers to memcpya.o(.text) for __aeabi_memcpy
    pstorage.o(i.pstorage_load) refers to pstorage.o(.data) for .data
    pstorage.o(i.pstorage_load) refers to pstorage.o(.bss) for .bss
    pstorage.o(i.pstorage_register) refers to pstorage.o(i.pstorage_flash_page_size) for pstorage_flash_page_size
    pstorage.o(i.pstorage_register) refers to pstorage.o(i.pstorage_flash_page_end) for pstorage_flash_page_end
    pstorage.o(i.pstorage_register) refers to uidiv.o(.text) for __aeabi_uidivmod
    pstorage.o(i.pstorage_register) refers to pstorage.o(.data) for .data
    pstorage.o(i.pstorage_register) refers to pstorage.o(.bss) for .bss
    pstorage.o(i.pstorage_store) refers to pstorage.o(i.is_word_aligned) for is_word_aligned
    pstorage.o(i.pstorage_store) refers to pstorage.o(i.cmd_queue_enqueue) for cmd_queue_enqueue
    pstorage.o(i.pstorage_store) refers to pstorage.o(.data) for .data
    pstorage.o(i.pstorage_store) refers to pstorage.o(.bss) for .bss
    pstorage.o(i.pstorage_sys_event_handler) refers to pstorage.o(i.cmd_process) for cmd_process
    pstorage.o(i.pstorage_sys_event_handler) refers to pstorage.o(i.app_notify) for app_notify
    pstorage.o(i.pstorage_sys_event_handler) refers to pstorage.o(i.cmd_queue_dequeue) for cmd_queue_dequeue
    pstorage.o(i.pstorage_sys_event_handler) refers to pstorage.o(i.cmd_queue_element_init) for cmd_queue_element_init
    pstorage.o(i.pstorage_sys_event_handler) refers to pstorage.o(.bss) for .bss
    pstorage.o(i.pstorage_sys_event_handler) refers to pstorage.o(.data) for .data
    pstorage.o(i.pstorage_update) refers to pstorage.o(i.is_word_aligned) for is_word_aligned
    pstorage.o(i.pstorage_update) refers to pstorage.o(i.cmd_queue_enqueue) for cmd_queue_enqueue
    pstorage.o(i.pstorage_update) refers to pstorage.o(.data) for .data
    pstorage.o(i.pstorage_update) refers to pstorage.o(.bss) for .bss
    pstorage.o(i.swap_state_process) refers to pstorage.o(i.__ARM_common_switch8) for __ARM_common_switch8
    pstorage.o(i.swap_state_process) refers to pstorage.o(i.pstorage_flash_page_size) for pstorage_flash_page_size
    pstorage.o(i.swap_state_process) refers to pstorage.o(i.pstorage_flash_page_end) for pstorage_flash_page_end
    pstorage.o(i.swap_state_process) refers to uidiv.o(.text) for __aeabi_uidivmod
    pstorage.o(i.swap_state_process) refers to pstorage.o(.data) for .data
    app_gpiote.o(i.GPIOTE_IRQHandler) refers to app_gpiote.o(i.sense_level_toggle) for sense_level_toggle
    app_gpiote.o(i.GPIOTE_IRQHandler) refers to app_gpiote.o(.data) for .data
    app_gpiote.o(i.app_gpiote_init) refers to memseta.o(.text) for __aeabi_memclr4
    app_gpiote.o(i.app_gpiote_init) refers to app_gpiote.o(.data) for .data
    app_gpiote.o(i.app_gpiote_pins_state_get) refers to app_gpiote.o(.data) for .data
    app_gpiote.o(i.app_gpiote_user_disable) refers to app_gpiote.o(i.pins_sense_disable) for pins_sense_disable
    app_gpiote.o(i.app_gpiote_user_disable) refers to app_gpiote.o(.data) for .data
    app_gpiote.o(i.app_gpiote_user_enable) refers to app_gpiote.o(.data) for .data
    app_gpiote.o(i.app_gpiote_user_register) refers to app_gpiote.o(i.pins_sense_disable) for pins_sense_disable
    app_gpiote.o(i.app_gpiote_user_register) refers to app_gpiote.o(.data) for .data
    app_gpiote.o(i.pins_sense_disable) refers to app_gpiote.o(.data) for .data
    app_timer.o(i.RTC1_IRQHandler) refers to app_timer.o(i.timer_timeouts_check) for timer_timeouts_check
    app_timer.o(i.SWI0_IRQHandler) refers to app_timer.o(i.elapsed_ticks_acquire) for elapsed_ticks_acquire
    app_timer.o(i.SWI0_IRQHandler) refers to app_timer.o(i.list_deletions_handler) for list_deletions_handler
    app_timer.o(i.SWI0_IRQHandler) refers to app_timer.o(i.expired_timers_handler) for expired_timers_handler
    app_timer.o(i.SWI0_IRQHandler) refers to app_timer.o(i.list_insertions_handler) for list_insertions_handler
    app_timer.o(i.SWI0_IRQHandler) refers to app_timer.o(i.compare_reg_update) for compare_reg_update
    app_timer.o(i.SWI0_IRQHandler) refers to app_timer.o(.data) for .data
    app_timer.o(i.app_timer_create) refers to app_timer.o(.data) for .data
    app_timer.o(i.app_timer_init) refers to app_timer.o(i.rtc1_stop) for rtc1_stop
    app_timer.o(i.app_timer_init) refers to app_timer.o(i.NVIC_SetPriority) for NVIC_SetPriority
    app_timer.o(i.app_timer_init) refers to app_timer.o(.data) for .data
    app_timer.o(i.app_timer_start) refers to app_timer.o(i.user_id_get) for user_id_get
    app_timer.o(i.app_timer_start) refers to app_timer.o(i.user_op_alloc) for user_op_alloc
    app_timer.o(i.app_timer_start) refers to app_timer.o(i.timer_list_handler_sched) for timer_list_handler_sched
    app_timer.o(i.app_timer_start) refers to app_timer.o(.data) for .data
    app_timer.o(i.app_timer_stop) refers to app_timer.o(i.user_id_get) for user_id_get
    app_timer.o(i.app_timer_stop) refers to app_timer.o(i.user_op_alloc) for user_op_alloc
    app_timer.o(i.app_timer_stop) refers to app_timer.o(i.timer_list_handler_sched) for timer_list_handler_sched
    app_timer.o(i.app_timer_stop) refers to app_timer.o(.data) for .data
    app_timer.o(i.app_timer_stop_all) refers to app_timer.o(i.user_id_get) for user_id_get
    app_timer.o(i.app_timer_stop_all) refers to app_timer.o(i.user_op_alloc) for user_op_alloc
    app_timer.o(i.app_timer_stop_all) refers to app_timer.o(i.timer_list_handler_sched) for timer_list_handler_sched
    app_timer.o(i.app_timer_stop_all) refers to app_timer.o(.data) for .data
    app_timer.o(i.compare_reg_update) refers to app_timer.o(.emb_text) for __asm___11_app_timer_c_cd27f9c3__nrf_delay_us
    app_timer.o(i.compare_reg_update) refers to app_timer.o(i.rtc1_stop) for rtc1_stop
    app_timer.o(i.compare_reg_update) refers to app_timer.o(.data) for .data
    app_timer.o(i.elapsed_ticks_acquire) refers to app_timer.o(.data) for .data
    app_timer.o(i.expired_timers_handler) refers to app_timer.o(.data) for .data
    app_timer.o(i.list_deletions_handler) refers to app_timer.o(i.timer_list_remove) for timer_list_remove
    app_timer.o(i.list_deletions_handler) refers to app_timer.o(.data) for .data
    app_timer.o(i.list_insertions_handler) refers to app_timer.o(i.timer_list_insert) for timer_list_insert
    app_timer.o(i.list_insertions_handler) refers to app_timer.o(.data) for .data
    app_timer.o(i.rtc1_stop) refers to app_timer.o(.emb_text) for __asm___11_app_timer_c_cd27f9c3__nrf_delay_us
    app_timer.o(i.rtc1_stop) refers to app_timer.o(.data) for .data
    app_timer.o(i.timer_list_insert) refers to app_timer.o(.data) for .data
    app_timer.o(i.timer_list_remove) refers to app_timer.o(.data) for .data
    app_timer.o(i.timer_timeouts_check) refers to main.o(i.app_error_handler) for app_error_handler
    app_timer.o(i.timer_timeouts_check) refers to app_timer.o(i.timer_list_handler_sched) for timer_list_handler_sched
    app_timer.o(i.timer_timeouts_check) refers to app_timer.o(.data) for .data
    softdevice_handler.o(i.SWI2_IRQHandler) refers to main.o(i.app_error_handler) for app_error_handler
    softdevice_handler.o(i.SWI2_IRQHandler) refers to softdevice_handler.o(i.intern_softdevice_events_execute) for intern_softdevice_events_execute
    softdevice_handler.o(i.SWI2_IRQHandler) refers to softdevice_handler.o(.data) for .data
    softdevice_handler.o(i.intern_softdevice_events_execute) refers to main.o(i.app_error_handler) for app_error_handler
    softdevice_handler.o(i.intern_softdevice_events_execute) refers to softdevice_handler.o(.data) for .data
    softdevice_handler.o(i.softdevice_assertion_handler) refers (Weak) to main.o(i.assert_nrf_callback) for assert_nrf_callback
    softdevice_handler.o(i.softdevice_ble_evt_handler_set) refers to softdevice_handler.o(.data) for .data
    softdevice_handler.o(i.softdevice_handler_init) refers to softdevice_handler.o(.data) for .data
    softdevice_handler.o(i.softdevice_handler_init) refers to softdevice_handler.o(i.softdevice_assertion_handler) for softdevice_assertion_handler
    softdevice_handler.o(i.softdevice_handler_sd_disable) refers to softdevice_handler.o(.data) for .data
    softdevice_handler.o(i.softdevice_sys_evt_handler_set) refers to softdevice_handler.o(.data) for .data
    entry.o(.ARM.Collect$$$$00000000) refers (Special) to entry10a.o(.ARM.Collect$$$$0000000D) for __rt_final_cpp
    entry.o(.ARM.Collect$$$$00000000) refers (Special) to entry11a.o(.ARM.Collect$$$$0000000F) for __rt_final_exit
    entry.o(.ARM.Collect$$$$00000000) refers (Special) to entry7b.o(.ARM.Collect$$$$00000008) for _main_clock
    entry.o(.ARM.Collect$$$$00000000) refers (Special) to entry8b.o(.ARM.Collect$$$$0000000A) for _main_cpp_init
    entry.o(.ARM.Collect$$$$00000000) refers (Special) to entry9a.o(.ARM.Collect$$$$0000000B) for _main_init
    entry.o(.ARM.Collect$$$$00000000) refers (Special) to entry5.o(.ARM.Collect$$$$00000004) for _main_scatterload
    entry.o(.ARM.Collect$$$$00000000) refers (Special) to entry2.o(.ARM.Collect$$$$00000001) for _main_stk
    uldiv.o(.text) refers to llushr.o(.text) for __aeabi_llsr
    uldiv.o(.text) refers to llshl.o(.text) for __aeabi_llsl
    __0sscanf.o(.text) refers to scanf_char.o(.text) for __vfscanf_char
    __0sscanf.o(.text) refers to _sgetc.o(.text) for _sgetc
    _scanf_int.o(.text) refers to _chval.o(.text) for _chval
    entry2.o(.ARM.Collect$$$$00000001) refers to entry2.o(.ARM.Collect$$$$00002712) for __lit__00000000
    entry2.o(.ARM.Collect$$$$00002712) refers to arm_startup_nrf51.o(STACK) for __initial_sp
    entry2.o(__vectab_stack_and_reset_area) refers to arm_startup_nrf51.o(STACK) for __initial_sp
    entry2.o(__vectab_stack_and_reset_area) refers to entry.o(.ARM.Collect$$$$00000000) for __main
    entry5.o(.ARM.Collect$$$$00000004) refers to init.o(.text) for __scatterload
    entry9a.o(.ARM.Collect$$$$0000000B) refers to main.o(i.main) for main
    entry9b.o(.ARM.Collect$$$$0000000C) refers to main.o(i.main) for main
    scanf_char.o(.text) refers to _scanf.o(.text) for __vfscanf
    scanf_char.o(.text) refers to isspace_c.o(.text) for isspace
    init.o(.text) refers to entry5.o(.ARM.Collect$$$$00000004) for __main_after_scatterload
    isspace_c.o(.text) refers to ctype_c.o(.text) for __ctype_lookup
    _scanf.o(.text) refers (Weak) to _scanf_int.o(.text) for _scanf_int
    ctype_c.o(.text) refers to ctype_c.o(.constdata) for .constdata


==============================================================================

Removing Unused input sections from the image.

    Removing main.o(.rev16_text), (4 bytes).
    Removing main.o(.revsh_text), (4 bytes).
    Removing main.o(i.assert_nrf_callback), (24 bytes).
    Removing main.o(.data), (4 bytes).
    Removing main.o(.data), (4 bytes).
    Removing simple_uart.o(.rev16_text), (4 bytes).
    Removing simple_uart.o(.revsh_text), (4 bytes).
    Removing simple_uart.o(i.simple_uart_get), (28 bytes).
    Removing simple_uart.o(i.simple_uart_put), (28 bytes).
    Removing simple_uart.o(i.simple_uart_putstring), (24 bytes).
    Removing arm_startup_nrf51.o(HEAP), (2048 bytes).
    Removing system_nrf51.o(.rev16_text), (4 bytes).
    Removing system_nrf51.o(.revsh_text), (4 bytes).
    Removing system_nrf51.o(i.SystemCoreClockUpdate), (16 bytes).
    Removing ble_nus.o(i.ble_nus_init), (104 bytes).
    Removing ble_nus.o(i.ble_nus_on_ble_evt), (88 bytes).
    Removing ble_nus.o(i.ble_nus_string_send), (84 bytes).
    Removing ble_nus.o(i.rx_char_add), (158 bytes).
    Removing ble_nus.o(i.tx_char_add), (128 bytes).
    Removing ble_nus.o(.constdata), (16 bytes).
    Removing ble_srv_common.o(i.ble_srv_ascii_to_utf8), (18 bytes).
    Removing ble_srv_common.o(i.ble_srv_report_ref_encode), (12 bytes).
    Removing ble_conn_params.o(i.ble_conn_params_change_conn_params), (80 bytes).
    Removing ble_conn_params.o(i.ble_conn_params_init), (84 bytes).
    Removing ble_conn_params.o(i.ble_conn_params_on_ble_evt), (144 bytes).
    Removing ble_conn_params.o(i.ble_conn_params_stop), (16 bytes).
    Removing ble_conn_params.o(i.conn_params_negotiation), (100 bytes).
    Removing ble_conn_params.o(i.is_conn_params_ok), (28 bytes).
    Removing ble_conn_params.o(i.update_timeout_handler), (100 bytes).
    Removing ble_conn_params.o(.bss), (28 bytes).
    Removing ble_conn_params.o(.data), (24 bytes).
    Removing ble_radio_notification.o(.rev16_text), (4 bytes).
    Removing ble_radio_notification.o(.revsh_text), (4 bytes).
    Removing nrf_delay.o(.rev16_text), (4 bytes).
    Removing nrf_delay.o(.revsh_text), (4 bytes).
    Removing nrf_delay.o(.emb_text), (30 bytes).
    Removing nrf_delay.o(i.nrf_delay_ms), (28 bytes).
    Removing pstorage.o(.rev16_text), (4 bytes).
    Removing pstorage.o(.revsh_text), (4 bytes).
    Removing pstorage.o(i.pstorage_access_status_get), (40 bytes).
    Removing pstorage.o(i.pstorage_update), (144 bytes).
    Removing app_error.o(.rev16_text), (4 bytes).
    Removing app_error.o(.revsh_text), (4 bytes).
    Removing app_error.o(i.app_error_handler), (24 bytes).
    Removing app_gpiote.o(.rev16_text), (4 bytes).
    Removing app_gpiote.o(.revsh_text), (4 bytes).
    Removing app_gpiote.o(i.app_gpiote_init), (100 bytes).
    Removing app_gpiote.o(i.app_gpiote_pins_state_get), (52 bytes).
    Removing app_gpiote.o(i.app_gpiote_user_disable), (64 bytes).
    Removing app_gpiote.o(i.app_gpiote_user_enable), (148 bytes).
    Removing app_gpiote.o(i.app_gpiote_user_register), (76 bytes).
    Removing app_gpiote.o(i.pins_sense_disable), (60 bytes).
    Removing app_timer.o(.rev16_text), (4 bytes).
    Removing app_timer.o(.revsh_text), (4 bytes).
    Removing app_timer.o(i.app_timer_cnt_diff_compute), (12 bytes).
    Removing app_timer.o(i.app_timer_cnt_get), (16 bytes).
    Removing app_timer.o(i.app_timer_stop_all), (68 bytes).
    Removing softdevice_handler.o(.rev16_text), (4 bytes).
    Removing softdevice_handler.o(.revsh_text), (4 bytes).
    Removing softdevice_handler.o(i.softdevice_handler_sd_disable), (24 bytes).

60 unused section(s) (total 4354 bytes) removed from the image.

==============================================================================

Image Symbol Table

    Local Symbols

    Symbol Name                              Value     Ov Type        Size  Object(Section)

    ../clib/microlib/ctype/ctype.c           0x00000000   Number         0  isspace_c.o ABSOLUTE
    ../clib/microlib/ctype/ctype.c           0x00000000   Number         0  ctype_c.o ABSOLUTE
    ../clib/microlib/division.c              0x00000000   Number         0  uidiv.o ABSOLUTE
    ../clib/microlib/division.c              0x00000000   Number         0  uldiv.o ABSOLUTE
    ../clib/microlib/init/entry.s            0x00000000   Number         0  entry8b.o ABSOLUTE
    ../clib/microlib/init/entry.s            0x00000000   Number         0  entry2.o ABSOLUTE
    ../clib/microlib/init/entry.s            0x00000000   Number         0  entry8a.o ABSOLUTE
    ../clib/microlib/init/entry.s            0x00000000   Number         0  entry5.o ABSOLUTE
    ../clib/microlib/init/entry.s            0x00000000   Number         0  entry9a.o ABSOLUTE
    ../clib/microlib/init/entry.s            0x00000000   Number         0  entry10b.o ABSOLUTE
    ../clib/microlib/init/entry.s            0x00000000   Number         0  entry10a.o ABSOLUTE
    ../clib/microlib/init/entry.s            0x00000000   Number         0  entry9b.o ABSOLUTE
    ../clib/microlib/init/entry.s            0x00000000   Number         0  entry.o ABSOLUTE
    ../clib/microlib/init/entry.s            0x00000000   Number         0  entry7a.o ABSOLUTE
    ../clib/microlib/init/entry.s            0x00000000   Number         0  entry7b.o ABSOLUTE
    ../clib/microlib/init/entry.s            0x00000000   Number         0  entry11a.o ABSOLUTE
    ../clib/microlib/init/entry.s            0x00000000   Number         0  entry11b.o ABSOLUTE
    ../clib/microlib/longlong.c              0x00000000   Number         0  llshl.o ABSOLUTE
    ../clib/microlib/longlong.c              0x00000000   Number         0  llushr.o ABSOLUTE
    ../clib/microlib/string/memcpy.c         0x00000000   Number         0  memcpyb.o ABSOLUTE
    ../clib/microlib/string/memcpy.c         0x00000000   Number         0  memcpya.o ABSOLUTE
    ../clib/microlib/string/memset.c         0x00000000   Number         0  memseta.o ABSOLUTE
    ../clib/microlib/string/strlen.c         0x00000000   Number         0  strlen.o ABSOLUTE
    ../clib/scanf.c                          0x00000000   Number         0  _scanf.o ABSOLUTE
    ../clib/scanf.c                          0x00000000   Number         0  _scanf_int.o ABSOLUTE
    ../clib/scanf.c                          0x00000000   Number         0  _chval.o ABSOLUTE
    ../clib/scanf.c                          0x00000000   Number         0  scanf_char.o ABSOLUTE
    ../clib/scanf.c                          0x00000000   Number         0  __0sscanf.o ABSOLUTE
    ../clib/scanf.c                          0x00000000   Number         0  _sgetc.o ABSOLUTE
    ..\..\main.c                             0x00000000   Number         0  main.o ABSOLUTE
    ..\..\simple_uart.c                      0x00000000   Number         0  simple_uart.o ABSOLUTE
    ..\\..\\main.c                           0x00000000   Number         0  main.o ABSOLUTE
    ..\\..\\simple_uart.c                    0x00000000   Number         0  simple_uart.o ABSOLUTE
    C:\Keil_v5\ARM\PACK\NordicSemiconductor\nRF_BLE\2.0.0\ble_services\ble_nus\ble_nus.c 0x00000000   Number         0  ble_nus.o ABSOLUTE
    C:\Keil_v5\ARM\PACK\NordicSemiconductor\nRF_BLE\2.0.0\common\ble_srv_common.c 0x00000000   Number         0  ble_srv_common.o ABSOLUTE
    C:\Keil_v5\ARM\PACK\NordicSemiconductor\nRF_Drivers\2.0.0\hal\nrf_delay.c 0x00000000   Number         0  nrf_delay.o ABSOLUTE
    C:\\Keil_v5\\ARM\\PACK\\NordicSemiconductor\\nRF_Drivers\\2.0.0\\hal\\nrf_delay.c 0x00000000   Number         0  nrf_delay.o ABSOLUTE
    RTE\Device\nRF51822_xxAA\arm_startup_nrf51.s 0x00000000   Number         0  arm_startup_nrf51.o ABSOLUTE
    RTE\Device\nRF51822_xxAA\system_nrf51.c  0x00000000   Number         0  system_nrf51.o ABSOLUTE
    RTE\\Device\\nRF51822_xxAA\\system_nrf51.c 0x00000000   Number         0  system_nrf51.o ABSOLUTE
    RTE\\nRF_BLE\\nRF51822_xxAA\\ble_radio_notification.c 0x00000000   Number         0  ble_radio_notification.o ABSOLUTE
    RTE\\nRF_Drivers\\nRF51822_xxAA\\pstorage.c 0x00000000   Number         0  pstorage.o ABSOLUTE
    RTE\\nRF_Libraries\\nRF51822_xxAA\\app_error.c 0x00000000   Number         0  app_error.o ABSOLUTE
    RTE\\nRF_Libraries\\nRF51822_xxAA\\app_gpiote.c 0x00000000   Number         0  app_gpiote.o ABSOLUTE
    RTE\\nRF_Libraries\\nRF51822_xxAA\\app_timer.c 0x00000000   Number         0  app_timer.o ABSOLUTE
    RTE\\nRF_SoftDevice\\nRF51822_xxAA\\softdevice_handler.c 0x00000000   Number         0  softdevice_handler.o ABSOLUTE
    RTE\nRF_BLE\nRF51822_xxAA\ble_advdata.c  0x00000000   Number         0  ble_advdata.o ABSOLUTE
    RTE\nRF_BLE\nRF51822_xxAA\ble_conn_params.c 0x00000000   Number         0  ble_conn_params.o ABSOLUTE
    RTE\nRF_BLE\nRF51822_xxAA\ble_radio_notification.c 0x00000000   Number         0  ble_radio_notification.o ABSOLUTE
    RTE\nRF_Drivers\nRF51822_xxAA\pstorage.c 0x00000000   Number         0  pstorage.o ABSOLUTE
    RTE\nRF_Libraries\nRF51822_xxAA\app_error.c 0x00000000   Number         0  app_error.o ABSOLUTE
    RTE\nRF_Libraries\nRF51822_xxAA\app_gpiote.c 0x00000000   Number         0  app_gpiote.o ABSOLUTE
    RTE\nRF_Libraries\nRF51822_xxAA\app_timer.c 0x00000000   Number         0  app_timer.o ABSOLUTE
    RTE\nRF_Libraries\nRF51822_xxAA\nrf_assert.c 0x00000000   Number         0  nrf_assert.o ABSOLUTE
    RTE\nRF_SoftDevice\nRF51822_xxAA\softdevice_handler.c 0x00000000   Number         0  softdevice_handler.o ABSOLUTE
    dc.s                                     0x00000000   Number         0  dc.o ABSOLUTE
    handlers.s                               0x00000000   Number         0  handlers.o ABSOLUTE
    init.s                                   0x00000000   Number         0  init.o ABSOLUTE
    RESET                                    0x00018000   Section      192  arm_startup_nrf51.o(RESET)
    .ARM.Collect$$$$00000000                 0x000180c0   Section        0  entry.o(.ARM.Collect$$$$00000000)
    .ARM.Collect$$$$00000001                 0x000180c0   Section        4  entry2.o(.ARM.Collect$$$$00000001)
    .ARM.Collect$$$$00000004                 0x000180c4   Section        4  entry5.o(.ARM.Collect$$$$00000004)
    .ARM.Collect$$$$00000008                 0x000180c8   Section        0  entry7b.o(.ARM.Collect$$$$00000008)
    .ARM.Collect$$$$0000000A                 0x000180c8   Section        0  entry8b.o(.ARM.Collect$$$$0000000A)
    .ARM.Collect$$$$0000000B                 0x000180c8   Section        8  entry9a.o(.ARM.Collect$$$$0000000B)
    .ARM.Collect$$$$0000000D                 0x000180d0   Section        0  entry10a.o(.ARM.Collect$$$$0000000D)
    .ARM.Collect$$$$0000000F                 0x000180d0   Section        0  entry11a.o(.ARM.Collect$$$$0000000F)
    .ARM.Collect$$$$00002712                 0x000180d0   Section        4  entry2.o(.ARM.Collect$$$$00002712)
    __lit__00000000                          0x000180d0   Data           4  entry2.o(.ARM.Collect$$$$00002712)
    .emb_text                                0x000180d4   Section       30  simple_uart.o(.emb_text)
    .emb_text                                0x000180f4   Section       30  app_timer.o(.emb_text)
    .text                                    0x00018114   Section       56  arm_startup_nrf51.o(.text)
    .text                                    0x0001814c   Section        0  uidiv.o(.text)
    .text                                    0x00018178   Section        0  uldiv.o(.text)
    .text                                    0x000181d8   Section        0  memcpya.o(.text)
    .text                                    0x000181fc   Section        0  memseta.o(.text)
    .text                                    0x00018220   Section        0  __0sscanf.o(.text)
    .text                                    0x0001825c   Section        0  _scanf_int.o(.text)
    .text                                    0x000183a6   Section        0  llshl.o(.text)
    .text                                    0x000183c6   Section        0  llushr.o(.text)
    .text                                    0x000183e8   Section        0  _chval.o(.text)
    .text                                    0x00018408   Section        0  scanf_char.o(.text)
    _scanf_char_input                        0x00018409   Thumb Code    12  scanf_char.o(.text)
    .text                                    0x00018434   Section        0  _sgetc.o(.text)
    .text                                    0x00018478   Section       36  init.o(.text)
    .text                                    0x0001849c   Section        0  isspace_c.o(.text)
    .text                                    0x000184ac   Section        0  _scanf.o(.text)
    .text                                    0x000187e0   Section        0  ctype_c.o(.text)
    i.GPIOTE_IRQHandler                      0x00018804   Section        0  app_gpiote.o(i.GPIOTE_IRQHandler)
    i.NVIC_SetPriority                       0x000188bc   Section        0  app_timer.o(i.NVIC_SetPriority)
    NVIC_SetPriority                         0x000188bd   Thumb Code    60  app_timer.o(i.NVIC_SetPriority)
    i.RTC1_IRQHandler                        0x00018900   Section        0  app_timer.o(i.RTC1_IRQHandler)
    i.SWI0_IRQHandler                        0x00018920   Section        0  app_timer.o(i.SWI0_IRQHandler)
    i.SWI1_IRQHandler                        0x00018974   Section        0  ble_radio_notification.o(i.SWI1_IRQHandler)
    i.SWI2_IRQHandler                        0x0001898c   Section        0  softdevice_handler.o(i.SWI2_IRQHandler)
    i.SystemInit                             0x000189b0   Section        0  system_nrf51.o(i.SystemInit)
    i.__ARM_common_switch8                   0x00018a04   Section        0  pstorage.o(i.__ARM_common_switch8)
    i.__scatterload_copy                     0x00018a1e   Section       14  handlers.o(i.__scatterload_copy)
    i.__scatterload_null                     0x00018a2c   Section        2  handlers.o(i.__scatterload_null)
    i.__scatterload_zeroinit                 0x00018a2e   Section       14  handlers.o(i.__scatterload_zeroinit)
    i.adv_data_encode                        0x00018a3c   Section        0  ble_advdata.o(i.adv_data_encode)
    adv_data_encode                          0x00018a3d   Thumb Code   330  ble_advdata.o(i.adv_data_encode)
    i.advertising_init                       0x00018b88   Section        0  main.o(i.advertising_init)
    advertising_init                         0x00018b89   Thumb Code   126  main.o(i.advertising_init)
    i.advertising_start                      0x00018c1c   Section        0  main.o(i.advertising_start)
    advertising_start                        0x00018c1d   Thumb Code    60  main.o(i.advertising_start)
    i.app_error_handler                      0x00018c60   Section        0  main.o(i.app_error_handler)
    i.app_notify                             0x00018c78   Section        0  pstorage.o(i.app_notify)
    app_notify                               0x00018c79   Thumb Code    30  pstorage.o(i.app_notify)
    i.app_timer_create                       0x00018c9c   Section        0  app_timer.o(i.app_timer_create)
    i.app_timer_init                         0x00018ce8   Section        0  app_timer.o(i.app_timer_init)
    i.app_timer_start                        0x00018d9c   Section        0  app_timer.o(i.app_timer_start)
    i.app_timer_stop                         0x00018e20   Section        0  app_timer.o(i.app_timer_stop)
    i.battery_start                          0x00018e78   Section        0  main.o(i.battery_start)
    i.ble_advdata_set                        0x00018ed8   Section        0  ble_advdata.o(i.ble_advdata_set)
    i.ble_evt_dispatch                       0x00018f32   Section        0  main.o(i.ble_evt_dispatch)
    ble_evt_dispatch                         0x00018f33   Thumb Code     8  main.o(i.ble_evt_dispatch)
    i.ble_on_radio_active_evt                0x00018f3c   Section        0  main.o(i.ble_on_radio_active_evt)
    i.ble_radio_notification_init            0x00018f5c   Section        0  ble_radio_notification.o(i.ble_radio_notification_init)
    i.ble_stack_init                         0x00018f8c   Section        0  main.o(i.ble_stack_init)
    ble_stack_init                           0x00018f8d   Thumb Code   138  main.o(i.ble_stack_init)
    i.char_hex                               0x0001902c   Section        0  main.o(i.char_hex)
    i.cmd_process                            0x0001903c   Section        0  pstorage.o(i.cmd_process)
    cmd_process                              0x0001903d   Thumb Code   236  pstorage.o(i.cmd_process)
    i.cmd_queue_dequeue                      0x00019134   Section        0  pstorage.o(i.cmd_queue_dequeue)
    cmd_queue_dequeue                        0x00019135   Thumb Code    34  pstorage.o(i.cmd_queue_dequeue)
    i.cmd_queue_element_init                 0x0001915c   Section        0  pstorage.o(i.cmd_queue_element_init)
    cmd_queue_element_init                   0x0001915d   Thumb Code    26  pstorage.o(i.cmd_queue_element_init)
    i.cmd_queue_enqueue                      0x0001917c   Section        0  pstorage.o(i.cmd_queue_enqueue)
    cmd_queue_enqueue                        0x0001917d   Thumb Code    80  pstorage.o(i.cmd_queue_enqueue)
    i.compare_reg_update                     0x000191d0   Section        0  app_timer.o(i.compare_reg_update)
    compare_reg_update                       0x000191d1   Thumb Code   140  app_timer.o(i.compare_reg_update)
    i.conn_int_encode                        0x00019274   Section        0  ble_advdata.o(i.conn_int_encode)
    conn_int_encode                          0x00019275   Thumb Code   126  ble_advdata.o(i.conn_int_encode)
    i.elapsed_ticks_acquire                  0x000192f8   Section        0  app_timer.o(i.elapsed_ticks_acquire)
    elapsed_ticks_acquire                    0x000192f9   Thumb Code    58  app_timer.o(i.elapsed_ticks_acquire)
    i.example_cb_handler                     0x00019338   Section        0  main.o(i.example_cb_handler)
    example_cb_handler                       0x00019339   Thumb Code     2  main.o(i.example_cb_handler)
    i.expired_timers_handler                 0x0001933c   Section        0  app_timer.o(i.expired_timers_handler)
    expired_timers_handler                   0x0001933d   Thumb Code    82  app_timer.o(i.expired_timers_handler)
    i.intern_softdevice_events_execute       0x00019394   Section        0  softdevice_handler.o(i.intern_softdevice_events_execute)
    i.is_manual_peripheral_setup_needed      0x00019414   Section        0  system_nrf51.o(i.is_manual_peripheral_setup_needed)
    is_manual_peripheral_setup_needed        0x00019415   Thumb Code    66  system_nrf51.o(i.is_manual_peripheral_setup_needed)
    i.is_word_aligned                        0x0001945c   Section        0  pstorage.o(i.is_word_aligned)
    is_word_aligned                          0x0001945d   Thumb Code    12  pstorage.o(i.is_word_aligned)
    i.list_deletions_handler                 0x00019468   Section        0  app_timer.o(i.list_deletions_handler)
    list_deletions_handler                   0x00019469   Thumb Code   144  app_timer.o(i.list_deletions_handler)
    i.list_insertions_handler                0x000194fc   Section        0  app_timer.o(i.list_insertions_handler)
    list_insertions_handler                  0x000194fd   Thumb Code   230  app_timer.o(i.list_insertions_handler)
    i.main                                   0x000195ec   Section        0  main.o(i.main)
    i.manuf_specific_data_encode             0x000197b4   Section        0  ble_advdata.o(i.manuf_specific_data_encode)
    manuf_specific_data_encode               0x000197b5   Thumb Code   100  ble_advdata.o(i.manuf_specific_data_encode)
    i.name_encode                            0x00019818   Section        0  ble_advdata.o(i.name_encode)
    name_encode                              0x00019819   Thumb Code   106  ble_advdata.o(i.name_encode)
    i.on_ble_evt                             0x00019884   Section        0  main.o(i.on_ble_evt)
    on_ble_evt                               0x00019885   Thumb Code   556  main.o(i.on_ble_evt)
    i.pstorage_block_identifier_get          0x00019ac4   Section        0  pstorage.o(i.pstorage_block_identifier_get)
    i.pstorage_clear                         0x00019b18   Section        0  pstorage.o(i.pstorage_clear)
    i.pstorage_flash_page_end                0x00019b94   Section        0  pstorage.o(i.pstorage_flash_page_end)
    pstorage_flash_page_end                  0x00019b95   Thumb Code    32  pstorage.o(i.pstorage_flash_page_end)
    i.pstorage_flash_page_size               0x00019bb8   Section        0  pstorage.o(i.pstorage_flash_page_size)
    pstorage_flash_page_size                 0x00019bb9   Thumb Code    10  pstorage.o(i.pstorage_flash_page_size)
    i.pstorage_init                          0x00019bc4   Section        0  pstorage.o(i.pstorage_init)
    i.pstorage_load                          0x00019c44   Section        0  pstorage.o(i.pstorage_load)
    i.pstorage_register                      0x00019cec   Section        0  pstorage.o(i.pstorage_register)
    i.pstorage_store                         0x00019dd4   Section        0  pstorage.o(i.pstorage_store)
    i.pstorage_sys_event_handler             0x00019e64   Section        0  pstorage.o(i.pstorage_sys_event_handler)
    i.rtc1_stop                              0x00019f8c   Section        0  app_timer.o(i.rtc1_stop)
    rtc1_stop                                0x00019f8d   Thumb Code    50  app_timer.o(i.rtc1_stop)
    i.sense_level_toggle                     0x00019fd0   Section        0  app_gpiote.o(i.sense_level_toggle)
    sense_level_toggle                       0x00019fd1   Thumb Code    64  app_gpiote.o(i.sense_level_toggle)
    i.service_data_encode                    0x0001a014   Section        0  ble_advdata.o(i.service_data_encode)
    service_data_encode                      0x0001a015   Thumb Code   124  ble_advdata.o(i.service_data_encode)
    i.simple_uart_config                     0x0001a090   Section        0  simple_uart.o(i.simple_uart_config)
    i.simple_uart_get_with_timeout           0x0001a0f0   Section        0  simple_uart.o(i.simple_uart_get_with_timeout)
    i.softdevice_assertion_handler           0x0001a130   Section        0  softdevice_handler.o(i.softdevice_assertion_handler)
    i.softdevice_ble_evt_handler_set         0x0001a13c   Section        0  softdevice_handler.o(i.softdevice_ble_evt_handler_set)
    i.softdevice_handler_init                0x0001a150   Section        0  softdevice_handler.o(i.softdevice_handler_init)
    i.softdevice_sys_evt_handler_set         0x0001a180   Section        0  softdevice_handler.o(i.softdevice_sys_evt_handler_set)
    i.swap_state_process                     0x0001a194   Section        0  pstorage.o(i.swap_state_process)
    swap_state_process                       0x0001a195   Thumb Code   296  pstorage.o(i.swap_state_process)
    i.sys_evt_dispatch                       0x0001a2c0   Section        0  main.o(i.sys_evt_dispatch)
    sys_evt_dispatch                         0x0001a2c1   Thumb Code     8  main.o(i.sys_evt_dispatch)
    i.timer_list_handler_sched               0x0001a2c8   Section        0  app_timer.o(i.timer_list_handler_sched)
    timer_list_handler_sched                 0x0001a2c9   Thumb Code    10  app_timer.o(i.timer_list_handler_sched)
    i.timer_list_insert                      0x0001a2d8   Section        0  app_timer.o(i.timer_list_insert)
    timer_list_insert                        0x0001a2d9   Thumb Code    94  app_timer.o(i.timer_list_insert)
    i.timer_list_remove                      0x0001a33c   Section        0  app_timer.o(i.timer_list_remove)
    timer_list_remove                        0x0001a33d   Thumb Code   104  app_timer.o(i.timer_list_remove)
    i.timer_timeouts_check                   0x0001a3ac   Section        0  app_timer.o(i.timer_timeouts_check)
    timer_timeouts_check                     0x0001a3ad   Thumb Code   120  app_timer.o(i.timer_timeouts_check)
    i.uint16_encode                          0x0001a42c   Section        0  ble_advdata.o(i.uint16_encode)
    uint16_encode                            0x0001a42d   Thumb Code    10  ble_advdata.o(i.uint16_encode)
    i.user_id_get                            0x0001a438   Section        0  app_timer.o(i.user_id_get)
    user_id_get                              0x0001a439   Thumb Code    74  app_timer.o(i.user_id_get)
    i.user_op_alloc                          0x0001a48c   Section        0  app_timer.o(i.user_op_alloc)
    user_op_alloc                            0x0001a48d   Thumb Code    36  app_timer.o(i.user_op_alloc)
    i.uuid_list_encode                       0x0001a4b0   Section        0  ble_advdata.o(i.uuid_list_encode)
    uuid_list_encode                         0x0001a4b1   Thumb Code    38  ble_advdata.o(i.uuid_list_encode)
    i.uuid_list_sized_encode                 0x0001a4d6   Section        0  ble_advdata.o(i.uuid_list_sized_encode)
    uuid_list_sized_encode                   0x0001a4d7   Thumb Code   162  ble_advdata.o(i.uuid_list_sized_encode)
    i.weakup_meantimeout_handler             0x0001a578   Section        0  main.o(i.weakup_meantimeout_handler)
    weakup_meantimeout_handler               0x0001a579   Thumb Code    20  main.o(i.weakup_meantimeout_handler)
    i.weakup_timeout_handler                 0x0001a590   Section        0  main.o(i.weakup_timeout_handler)
    weakup_timeout_handler                   0x0001a591   Thumb Code   378  main.o(i.weakup_timeout_handler)
    .constdata                               0x0001a738   Section       16  main.o(.constdata)
    .constdata                               0x0001a748   Section       64  ctype_c.o(.constdata)
    .data                                    0x20002000   Section       64  main.o(.data)
    flags                                    0x20002000   Data           1  main.o(.data)
    company_id                               0x20002002   Data           2  main.o(.data)
    adv_count                                0x20002004   Data           2  main.o(.data)
    adv_interval                             0x20002008   Data           4  main.o(.data)
    timer_adv_interval                       0x2000200c   Data           4  main.o(.data)
    timer_counter                            0x20002014   Data           4  main.o(.data)
    err_code                                 0x20002018   Data           4  main.o(.data)
    time_counter_5881                        0x2000201c   Data           4  main.o(.data)
    last_dtu_time                            0x20002020   Data           4  main.o(.data)
    pstorage_next_adv                        0x20002024   Data           4  main.o(.data)
    weakup_meantimer_id                      0x20002028   Data           4  main.o(.data)
    weakup_id                                0x2000202c   Data           4  main.o(.data)
    flash_base_handle                        0x20002030   Data           8  main.o(.data)
    flash_handle                             0x20002038   Data           8  main.o(.data)
    .data                                    0x20002040   Section        4  system_nrf51.o(.data)
    __tagsym$$used                           0x20002040   Number         0  system_nrf51.o(.data)
    .data                                    0x20002044   Section        8  ble_radio_notification.o(.data)
    m_radio_active                           0x20002044   Data           1  ble_radio_notification.o(.data)
    m_evt_handler                            0x20002048   Data           4  ble_radio_notification.o(.data)
    .data                                    0x2000204c   Section       12  pstorage.o(.data)
    m_module_initialized                     0x2000204c   Data           1  pstorage.o(.data)
    m_swap_state                             0x2000204d   Data           1  pstorage.o(.data)
    m_next_app_instance                      0x2000204e   Data           2  pstorage.o(.data)
    m_round_val                              0x20002050   Data           2  pstorage.o(.data)
    m_next_page_addr                         0x20002054   Data           4  pstorage.o(.data)
    .data                                    0x20002058   Section       12  app_gpiote.o(.data)
    m_user_array_size                        0x20002058   Data           1  app_gpiote.o(.data)
    m_user_count                             0x20002059   Data           1  app_gpiote.o(.data)
    mp_users                                 0x2000205c   Data           4  app_gpiote.o(.data)
    m_enabled_users_mask                     0x20002060   Data           4  app_gpiote.o(.data)
    .data                                    0x20002064   Section       36  app_timer.o(.data)
    m_node_array_size                        0x20002064   Data           1  app_timer.o(.data)
    m_user_array_size                        0x20002065   Data           1  app_timer.o(.data)
    m_ticks_elapsed_q_read_ind               0x20002066   Data           1  app_timer.o(.data)
    m_ticks_elapsed_q_write_ind              0x20002067   Data           1  app_timer.o(.data)
    m_rtc1_running                           0x20002068   Data           1  app_timer.o(.data)
    m_rtc1_reset                             0x20002069   Data           1  app_timer.o(.data)
    mp_nodes                                 0x2000206c   Data           4  app_timer.o(.data)
    mp_users                                 0x20002070   Data           4  app_timer.o(.data)
    m_timer_id_head                          0x20002074   Data           4  app_timer.o(.data)
    m_ticks_latest                           0x20002078   Data           4  app_timer.o(.data)
    m_evt_schedule_func                      0x2000207c   Data           4  app_timer.o(.data)
    m_ticks_elapsed                          0x20002080   Data           8  app_timer.o(.data)
    .data                                    0x20002088   Section       20  softdevice_handler.o(.data)
    m_softdevice_enabled                     0x20002088   Data           1  softdevice_handler.o(.data)
    m_ble_evt_buffer_size                    0x2000208a   Data           2  softdevice_handler.o(.data)
    m_evt_schedule_func                      0x2000208c   Data           4  softdevice_handler.o(.data)
    mp_ble_evt_buffer                        0x20002090   Data           4  softdevice_handler.o(.data)
    m_ble_evt_handler                        0x20002094   Data           4  softdevice_handler.o(.data)
    m_sys_evt_handler                        0x20002098   Data           4  softdevice_handler.o(.data)
    .bss                                     0x2000209c   Section      820  main.o(.bss)
    advdata                                  0x2000209c   Data          48  main.o(.bss)
    scanrsp                                  0x200020cc   Data          48  main.o(.bss)
    manuf_data                               0x200020fc   Data          12  main.o(.bss)
    BLE_EVT_BUFFER                           0x20002108   Data          72  main.o(.bss)
    uart_data                                0x20002150   Data          16  main.o(.bss)
    log_data                                 0x20002160   Data          16  main.o(.bss)
    APP_TIMER_BUF                            0x20002170   Data         576  main.o(.bss)
    data_array                               0x200023b0   Data          32  main.o(.bss)
    .bss                                     0x200023d0   Section     4244  pstorage.o(.bss)
    m_cmd_queue                              0x200023d0   Data        2004  pstorage.o(.bss)
    m_app_table                              0x20002ba4   Data        2240  pstorage.o(.bss)
    STACK                                    0x20003468   Section     2048  arm_startup_nrf51.o(STACK)

    Global Symbols

    Symbol Name                              Value     Ov Type        Size  Object(Section)

    BuildAttributes$$THM_ISAv3M$S$PE$A:L22$X:L11$S22$IEEE1$IW$USESV6$~STKCKD$USESV7$~SHL$OSPACE$EBA8$MICROLIB$REQ8$PRES8$EABIv2 0x00000000   Number         0  anon$$obj.o ABSOLUTE
    __ARM_use_no_argv                        0x00000000   Number         0  main.o ABSOLUTE
    __cpp_initialize__aeabi_                  - Undefined Weak Reference
    __cxa_finalize                            - Undefined Weak Reference
    __decompress                              - Undefined Weak Reference
    _clock_init                               - Undefined Weak Reference
    _microlib_exit                            - Undefined Weak Reference
    _scanf_longlong                           - Undefined Weak Reference
    _scanf_real                               - Undefined Weak Reference
    _scanf_string                             - Undefined Weak Reference
    __Vectors_Size                           0x000000c0   Number         0  arm_startup_nrf51.o ABSOLUTE
    __Vectors                                0x00018000   Data           4  arm_startup_nrf51.o(RESET)
    __Vectors_End                            0x000180c0   Data           0  arm_startup_nrf51.o(RESET)
    __main                                   0x000180c1   Thumb Code     0  entry.o(.ARM.Collect$$$$00000000)
    _main_stk                                0x000180c1   Thumb Code     0  entry2.o(.ARM.Collect$$$$00000001)
    _main_scatterload                        0x000180c5   Thumb Code     0  entry5.o(.ARM.Collect$$$$00000004)
    __main_after_scatterload                 0x000180c9   Thumb Code     0  entry5.o(.ARM.Collect$$$$00000004)
    _main_clock                              0x000180c9   Thumb Code     0  entry7b.o(.ARM.Collect$$$$00000008)
    _main_cpp_init                           0x000180c9   Thumb Code     0  entry8b.o(.ARM.Collect$$$$0000000A)
    _main_init                               0x000180c9   Thumb Code     0  entry9a.o(.ARM.Collect$$$$0000000B)
    __rt_final_cpp                           0x000180d1   Thumb Code     0  entry10a.o(.ARM.Collect$$$$0000000D)
    __rt_final_exit                          0x000180d1   Thumb Code     0  entry11a.o(.ARM.Collect$$$$0000000F)
    __asm___13_simple_uart_c_5dda6715__nrf_delay_us 0x000180d5   Thumb Code    30  simple_uart.o(.emb_text)
    __asm___11_app_timer_c_cd27f9c3__nrf_delay_us 0x000180f5   Thumb Code    30  app_timer.o(.emb_text)
    Reset_Handler                            0x00018115   Thumb Code    26  arm_startup_nrf51.o(.text)
    NMI_Handler                              0x0001812f   Thumb Code     2  arm_startup_nrf51.o(.text)
    HardFault_Handler                        0x00018131   Thumb Code     2  arm_startup_nrf51.o(.text)
    SVC_Handler                              0x00018133   Thumb Code     2  arm_startup_nrf51.o(.text)
    PendSV_Handler                           0x00018135   Thumb Code     2  arm_startup_nrf51.o(.text)
    SysTick_Handler                          0x00018137   Thumb Code     2  arm_startup_nrf51.o(.text)
    ADC_IRQHandler                           0x00018139   Thumb Code     0  arm_startup_nrf51.o(.text)
    CCM_AAR_IRQHandler                       0x00018139   Thumb Code     0  arm_startup_nrf51.o(.text)
    ECB_IRQHandler                           0x00018139   Thumb Code     0  arm_startup_nrf51.o(.text)
    LPCOMP_IRQHandler                        0x00018139   Thumb Code     0  arm_startup_nrf51.o(.text)
    POWER_CLOCK_IRQHandler                   0x00018139   Thumb Code     0  arm_startup_nrf51.o(.text)
    QDEC_IRQHandler                          0x00018139   Thumb Code     0  arm_startup_nrf51.o(.text)
    RADIO_IRQHandler                         0x00018139   Thumb Code     0  arm_startup_nrf51.o(.text)
    RNG_IRQHandler                           0x00018139   Thumb Code     0  arm_startup_nrf51.o(.text)
    RTC0_IRQHandler                          0x00018139   Thumb Code     0  arm_startup_nrf51.o(.text)
    SPI0_TWI0_IRQHandler                     0x00018139   Thumb Code     0  arm_startup_nrf51.o(.text)
    SPI1_TWI1_IRQHandler                     0x00018139   Thumb Code     0  arm_startup_nrf51.o(.text)
    SWI3_IRQHandler                          0x00018139   Thumb Code     0  arm_startup_nrf51.o(.text)
    SWI4_IRQHandler                          0x00018139   Thumb Code     0  arm_startup_nrf51.o(.text)
    SWI5_IRQHandler                          0x00018139   Thumb Code     0  arm_startup_nrf51.o(.text)
    TEMP_IRQHandler                          0x00018139   Thumb Code     0  arm_startup_nrf51.o(.text)
    TIMER0_IRQHandler                        0x00018139   Thumb Code     0  arm_startup_nrf51.o(.text)
    TIMER1_IRQHandler                        0x00018139   Thumb Code     0  arm_startup_nrf51.o(.text)
    TIMER2_IRQHandler                        0x00018139   Thumb Code     0  arm_startup_nrf51.o(.text)
    UART0_IRQHandler                         0x00018139   Thumb Code     0  arm_startup_nrf51.o(.text)
    WDT_IRQHandler                           0x00018139   Thumb Code     0  arm_startup_nrf51.o(.text)
    __aeabi_uidiv                            0x0001814d   Thumb Code     0  uidiv.o(.text)
    __aeabi_uidivmod                         0x0001814d   Thumb Code    44  uidiv.o(.text)
    __aeabi_uldivmod                         0x00018179   Thumb Code    96  uldiv.o(.text)
    __aeabi_memcpy                           0x000181d9   Thumb Code    36  memcpya.o(.text)
    __aeabi_memcpy4                          0x000181d9   Thumb Code     0  memcpya.o(.text)
    __aeabi_memcpy8                          0x000181d9   Thumb Code     0  memcpya.o(.text)
    __aeabi_memset                           0x000181fd   Thumb Code    14  memseta.o(.text)
    __aeabi_memset4                          0x000181fd   Thumb Code     0  memseta.o(.text)
    __aeabi_memset8                          0x000181fd   Thumb Code     0  memseta.o(.text)
    __aeabi_memclr                           0x0001820b   Thumb Code     4  memseta.o(.text)
    __aeabi_memclr4                          0x0001820b   Thumb Code     0  memseta.o(.text)
    __aeabi_memclr8                          0x0001820b   Thumb Code     0  memseta.o(.text)
    _memset$wrapper                          0x0001820f   Thumb Code    18  memseta.o(.text)
    __0sscanf                                0x00018221   Thumb Code    50  __0sscanf.o(.text)
    _scanf_int                               0x0001825d   Thumb Code   330  _scanf_int.o(.text)
    __aeabi_llsl                             0x000183a7   Thumb Code    32  llshl.o(.text)
    _ll_shift_l                              0x000183a7   Thumb Code     0  llshl.o(.text)
    __aeabi_llsr                             0x000183c7   Thumb Code    34  llushr.o(.text)
    _ll_ushift_r                             0x000183c7   Thumb Code     0  llushr.o(.text)
    _chval                                   0x000183e9   Thumb Code    30  _chval.o(.text)
    __vfscanf_char                           0x00018415   Thumb Code    24  scanf_char.o(.text)
    _sgetc                                   0x00018435   Thumb Code    32  _sgetc.o(.text)
    _sbackspace                              0x00018455   Thumb Code    36  _sgetc.o(.text)
    __scatterload                            0x00018479   Thumb Code    28  init.o(.text)
    __scatterload_rt2                        0x00018479   Thumb Code     0  init.o(.text)
    isspace                                  0x0001849d   Thumb Code    14  isspace_c.o(.text)
    __vfscanf                                0x000184ad   Thumb Code   806  _scanf.o(.text)
    __ctype_lookup                           0x000187e1   Thumb Code    32  ctype_c.o(.text)
    GPIOTE_IRQHandler                        0x00018805   Thumb Code   170  app_gpiote.o(i.GPIOTE_IRQHandler)
    RTC1_IRQHandler                          0x00018901   Thumb Code    28  app_timer.o(i.RTC1_IRQHandler)
    SWI0_IRQHandler                          0x00018921   Thumb Code    78  app_timer.o(i.SWI0_IRQHandler)
    SWI1_IRQHandler                          0x00018975   Thumb Code    20  ble_radio_notification.o(i.SWI1_IRQHandler)
    SWI2_IRQHandler                          0x0001898d   Thumb Code    32  softdevice_handler.o(i.SWI2_IRQHandler)
    SystemInit                               0x000189b1   Thumb Code    64  system_nrf51.o(i.SystemInit)
    __ARM_common_switch8                     0x00018a05   Thumb Code    26  pstorage.o(i.__ARM_common_switch8)
    __scatterload_copy                       0x00018a1f   Thumb Code    14  handlers.o(i.__scatterload_copy)
    __scatterload_null                       0x00018a2d   Thumb Code     2  handlers.o(i.__scatterload_null)
    __scatterload_zeroinit                   0x00018a2f   Thumb Code    14  handlers.o(i.__scatterload_zeroinit)
    app_error_handler                        0x00018c61   Thumb Code    16  main.o(i.app_error_handler)
    app_timer_create                         0x00018c9d   Thumb Code    72  app_timer.o(i.app_timer_create)
    app_timer_init                           0x00018ce9   Thumb Code   164  app_timer.o(i.app_timer_init)
    app_timer_start                          0x00018d9d   Thumb Code   122  app_timer.o(i.app_timer_start)
    app_timer_stop                           0x00018e21   Thumb Code    82  app_timer.o(i.app_timer_stop)
    battery_start                            0x00018e79   Thumb Code    80  main.o(i.battery_start)
    ble_advdata_set                          0x00018ed9   Thumb Code    90  ble_advdata.o(i.ble_advdata_set)
    ble_on_radio_active_evt                  0x00018f3d   Thumb Code    28  main.o(i.ble_on_radio_active_evt)
    ble_radio_notification_init              0x00018f5d   Thumb Code    44  ble_radio_notification.o(i.ble_radio_notification_init)
    char_hex                                 0x0001902d   Thumb Code    16  main.o(i.char_hex)
    intern_softdevice_events_execute         0x00019395   Thumb Code   124  softdevice_handler.o(i.intern_softdevice_events_execute)
    main                                     0x000195ed   Thumb Code   408  main.o(i.main)
    pstorage_block_identifier_get            0x00019ac5   Thumb Code    76  pstorage.o(i.pstorage_block_identifier_get)
    pstorage_clear                           0x00019b19   Thumb Code   116  pstorage.o(i.pstorage_clear)
    pstorage_init                            0x00019bc5   Thumb Code   116  pstorage.o(i.pstorage_init)
    pstorage_load                            0x00019c45   Thumb Code   158  pstorage.o(i.pstorage_load)
    pstorage_register                        0x00019ced   Thumb Code   224  pstorage.o(i.pstorage_register)
    pstorage_store                           0x00019dd5   Thumb Code   136  pstorage.o(i.pstorage_store)
    pstorage_sys_event_handler               0x00019e65   Thumb Code   288  pstorage.o(i.pstorage_sys_event_handler)
    simple_uart_config                       0x0001a091   Thumb Code    78  simple_uart.o(i.simple_uart_config)
    simple_uart_get_with_timeout             0x0001a0f1   Thumb Code    56  simple_uart.o(i.simple_uart_get_with_timeout)
    softdevice_assertion_handler             0x0001a131   Thumb Code    12  softdevice_handler.o(i.softdevice_assertion_handler)
    softdevice_ble_evt_handler_set           0x0001a13d   Thumb Code    16  softdevice_handler.o(i.softdevice_ble_evt_handler_set)
    softdevice_handler_init                  0x0001a151   Thumb Code    40  softdevice_handler.o(i.softdevice_handler_init)
    softdevice_sys_evt_handler_set           0x0001a181   Thumb Code    16  softdevice_handler.o(i.softdevice_sys_evt_handler_set)
    __ctype_categories                       0x0001a748   Data          64  ctype_c.o(.constdata)
    Region$$Table$$Base                      0x0001a788   Number         0  anon$$obj.o(Region$$Table)
    Region$$Table$$Limit                     0x0001a7a8   Number         0  anon$$obj.o(Region$$Table)
    data_periodic                            0x20002010   Data           4  main.o(.data)
    SystemCoreClock                          0x20002040   Data           4  system_nrf51.o(.data)
    __initial_sp                             0x20003c68   Data           0  arm_startup_nrf51.o(STACK)



==============================================================================

Memory Map of the image

  Image Entry point : 0x000180c1

  Load Region LR_IROM1 (Base: 0x00018000, Size: 0x00002844, Max: 0x00028000, ABSOLUTE)

    Execution Region ER_IROM1 (Base: 0x00018000, Size: 0x000027a8, Max: 0x00028000, ABSOLUTE)

    Base Addr    Size         Type   Attr      Idx    E Section Name        Object

    0x00018000   0x000000c0   Data   RO          313    RESET               arm_startup_nrf51.o
    0x000180c0   0x00000000   Code   RO         1034  * .ARM.Collect$$$$00000000  mc_p.l(entry.o)
    0x000180c0   0x00000004   Code   RO         1053    .ARM.Collect$$$$00000001  mc_p.l(entry2.o)
    0x000180c4   0x00000004   Code   RO         1056    .ARM.Collect$$$$00000004  mc_p.l(entry5.o)
    0x000180c8   0x00000000   Code   RO         1058    .ARM.Collect$$$$00000008  mc_p.l(entry7b.o)
    0x000180c8   0x00000000   Code   RO         1060    .ARM.Collect$$$$0000000A  mc_p.l(entry8b.o)
    0x000180c8   0x00000008   Code   RO         1061    .ARM.Collect$$$$0000000B  mc_p.l(entry9a.o)
    0x000180d0   0x00000000   Code   RO         1063    .ARM.Collect$$$$0000000D  mc_p.l(entry10a.o)
    0x000180d0   0x00000000   Code   RO         1065    .ARM.Collect$$$$0000000F  mc_p.l(entry11a.o)
    0x000180d0   0x00000004   Code   RO         1054    .ARM.Collect$$$$00002712  mc_p.l(entry2.o)
    0x000180d4   0x0000001e   Code   RO          256    .emb_text           simple_uart.o
    0x000180f2   0x00000002   PAD
    0x000180f4   0x0000001e   Code   RO          818    .emb_text           app_timer.o
    0x00018112   0x00000002   PAD
    0x00018114   0x00000038   Code   RO          314    .text               arm_startup_nrf51.o
    0x0001814c   0x0000002c   Code   RO         1037    .text               mc_p.l(uidiv.o)
    0x00018178   0x00000060   Code   RO         1039    .text               mc_p.l(uldiv.o)
    0x000181d8   0x00000024   Code   RO         1041    .text               mc_p.l(memcpya.o)
    0x000181fc   0x00000024   Code   RO         1043    .text               mc_p.l(memseta.o)
    0x00018220   0x0000003c   Code   RO         1049    .text               mc_p.l(__0sscanf.o)
    0x0001825c   0x0000014a   Code   RO         1051    .text               mc_p.l(_scanf_int.o)
    0x000183a6   0x00000020   Code   RO         1067    .text               mc_p.l(llshl.o)
    0x000183c6   0x00000022   Code   RO         1069    .text               mc_p.l(llushr.o)
    0x000183e8   0x0000001e   Code   RO         1071    .text               mc_p.l(_chval.o)
    0x00018406   0x00000002   PAD
    0x00018408   0x0000002c   Code   RO         1073    .text               mc_p.l(scanf_char.o)
    0x00018434   0x00000044   Code   RO         1075    .text               mc_p.l(_sgetc.o)
    0x00018478   0x00000024   Code   RO         1077    .text               mc_p.l(init.o)
    0x0001849c   0x0000000e   Code   RO         1079    .text               mc_p.l(isspace_c.o)
    0x000184aa   0x00000002   PAD
    0x000184ac   0x00000334   Code   RO         1081    .text               mc_p.l(_scanf.o)
    0x000187e0   0x00000024   Code   RO         1083    .text               mc_p.l(ctype_c.o)
    0x00018804   0x000000b8   Code   RO          747    i.GPIOTE_IRQHandler  app_gpiote.o
    0x000188bc   0x00000044   Code   RO          819    i.NVIC_SetPriority  app_timer.o
    0x00018900   0x00000020   Code   RO          820    i.RTC1_IRQHandler   app_timer.o
    0x00018920   0x00000054   Code   RO          821    i.SWI0_IRQHandler   app_timer.o
    0x00018974   0x00000018   Code   RO          532    i.SWI1_IRQHandler   ble_radio_notification.o
    0x0001898c   0x00000024   Code   RO          978    i.SWI2_IRQHandler   softdevice_handler.o
    0x000189b0   0x00000054   Code   RO          321    i.SystemInit        system_nrf51.o
    0x00018a04   0x0000001a   Code   RO          702    i.__ARM_common_switch8  pstorage.o
    0x00018a1e   0x0000000e   Code   RO         1088    i.__scatterload_copy  mc_p.l(handlers.o)
    0x00018a2c   0x00000002   Code   RO         1089    i.__scatterload_null  mc_p.l(handlers.o)
    0x00018a2e   0x0000000e   Code   RO         1090    i.__scatterload_zeroinit  mc_p.l(handlers.o)
    0x00018a3c   0x0000014a   Code   RO          414    i.adv_data_encode   ble_advdata.o
    0x00018b86   0x00000002   PAD
    0x00018b88   0x00000094   Code   RO            3    i.advertising_init  main.o
    0x00018c1c   0x00000044   Code   RO            4    i.advertising_start  main.o
    0x00018c60   0x00000018   Code   RO            5    i.app_error_handler  main.o
    0x00018c78   0x00000024   Code   RO          591    i.app_notify        pstorage.o
    0x00018c9c   0x0000004c   Code   RO          824    i.app_timer_create  app_timer.o
    0x00018ce8   0x000000b4   Code   RO          825    i.app_timer_init    app_timer.o
    0x00018d9c   0x00000084   Code   RO          826    i.app_timer_start   app_timer.o
    0x00018e20   0x00000058   Code   RO          827    i.app_timer_stop    app_timer.o
    0x00018e78   0x00000060   Code   RO            7    i.battery_start     main.o
    0x00018ed8   0x0000005a   Code   RO          415    i.ble_advdata_set   ble_advdata.o
    0x00018f32   0x00000008   Code   RO            8    i.ble_evt_dispatch  main.o
    0x00018f3a   0x00000002   PAD
    0x00018f3c   0x00000020   Code   RO            9    i.ble_on_radio_active_evt  main.o
    0x00018f5c   0x00000030   Code   RO          533    i.ble_radio_notification_init  ble_radio_notification.o
    0x00018f8c   0x000000a0   Code   RO           10    i.ble_stack_init    main.o
    0x0001902c   0x00000010   Code   RO           11    i.char_hex          main.o
    0x0001903c   0x000000f8   Code   RO          592    i.cmd_process       pstorage.o
    0x00019134   0x00000028   Code   RO          593    i.cmd_queue_dequeue  pstorage.o
    0x0001915c   0x00000020   Code   RO          594    i.cmd_queue_element_init  pstorage.o
    0x0001917c   0x00000054   Code   RO          595    i.cmd_queue_enqueue  pstorage.o
    0x000191d0   0x000000a4   Code   RO          829    i.compare_reg_update  app_timer.o
    0x00019274   0x00000084   Code   RO          416    i.conn_int_encode   ble_advdata.o
    0x000192f8   0x00000040   Code   RO          830    i.elapsed_ticks_acquire  app_timer.o
    0x00019338   0x00000002   Code   RO           12    i.example_cb_handler  main.o
    0x0001933a   0x00000002   PAD
    0x0001933c   0x00000058   Code   RO          831    i.expired_timers_handler  app_timer.o
    0x00019394   0x00000080   Code   RO          979    i.intern_softdevice_events_execute  softdevice_handler.o
    0x00019414   0x00000048   Code   RO          322    i.is_manual_peripheral_setup_needed  system_nrf51.o
    0x0001945c   0x0000000c   Code   RO          596    i.is_word_aligned   pstorage.o
    0x00019468   0x00000094   Code   RO          832    i.list_deletions_handler  app_timer.o
    0x000194fc   0x000000f0   Code   RO          833    i.list_insertions_handler  app_timer.o
    0x000195ec   0x000001c8   Code   RO           13    i.main              main.o
    0x000197b4   0x00000064   Code   RO          417    i.manuf_specific_data_encode  ble_advdata.o
    0x00019818   0x0000006a   Code   RO          418    i.name_encode       ble_advdata.o
    0x00019882   0x00000002   PAD
    0x00019884   0x00000240   Code   RO           14    i.on_ble_evt        main.o
    0x00019ac4   0x00000054   Code   RO          598    i.pstorage_block_identifier_get  pstorage.o
    0x00019b18   0x0000007c   Code   RO          599    i.pstorage_clear    pstorage.o
    0x00019b94   0x00000024   Code   RO          600    i.pstorage_flash_page_end  pstorage.o
    0x00019bb8   0x0000000a   Code   RO          601    i.pstorage_flash_page_size  pstorage.o
    0x00019bc2   0x00000002   PAD
    0x00019bc4   0x00000080   Code   RO          602    i.pstorage_init     pstorage.o
    0x00019c44   0x000000a8   Code   RO          603    i.pstorage_load     pstorage.o
    0x00019cec   0x000000e8   Code   RO          604    i.pstorage_register  pstorage.o
    0x00019dd4   0x00000090   Code   RO          605    i.pstorage_store    pstorage.o
    0x00019e64   0x00000128   Code   RO          606    i.pstorage_sys_event_handler  pstorage.o
    0x00019f8c   0x00000044   Code   RO          834    i.rtc1_stop         app_timer.o
    0x00019fd0   0x00000044   Code   RO          754    i.sense_level_toggle  app_gpiote.o
    0x0001a014   0x0000007c   Code   RO          419    i.service_data_encode  ble_advdata.o
    0x0001a090   0x00000060   Code   RO          257    i.simple_uart_config  simple_uart.o
    0x0001a0f0   0x00000040   Code   RO          259    i.simple_uart_get_with_timeout  simple_uart.o
    0x0001a130   0x0000000c   Code   RO          980    i.softdevice_assertion_handler  softdevice_handler.o
    0x0001a13c   0x00000014   Code   RO          981    i.softdevice_ble_evt_handler_set  softdevice_handler.o
    0x0001a150   0x00000030   Code   RO          982    i.softdevice_handler_init  softdevice_handler.o
    0x0001a180   0x00000014   Code   RO          984    i.softdevice_sys_evt_handler_set  softdevice_handler.o
    0x0001a194   0x0000012c   Code   RO          608    i.swap_state_process  pstorage.o
    0x0001a2c0   0x00000008   Code   RO           15    i.sys_evt_dispatch  main.o
    0x0001a2c8   0x00000010   Code   RO          835    i.timer_list_handler_sched  app_timer.o
    0x0001a2d8   0x00000064   Code   RO          836    i.timer_list_insert  app_timer.o
    0x0001a33c   0x00000070   Code   RO          837    i.timer_list_remove  app_timer.o
    0x0001a3ac   0x00000080   Code   RO          838    i.timer_timeouts_check  app_timer.o
    0x0001a42c   0x0000000a   Code   RO          420    i.uint16_encode     ble_advdata.o
    0x0001a436   0x00000002   PAD
    0x0001a438   0x00000054   Code   RO          839    i.user_id_get       app_timer.o
    0x0001a48c   0x00000024   Code   RO          840    i.user_op_alloc     app_timer.o
    0x0001a4b0   0x00000026   Code   RO          421    i.uuid_list_encode  ble_advdata.o
    0x0001a4d6   0x000000a2   Code   RO          422    i.uuid_list_sized_encode  ble_advdata.o
    0x0001a578   0x00000018   Code   RO           16    i.weakup_meantimeout_handler  main.o
    0x0001a590   0x000001a8   Code   RO           17    i.weakup_timeout_handler  main.o
    0x0001a738   0x00000010   Data   RO           19    .constdata          main.o
    0x0001a748   0x00000040   Data   RO         1084    .constdata          mc_p.l(ctype_c.o)
    0x0001a788   0x00000020   Data   RO         1086    Region$$Table       anon$$obj.o


    Execution Region RW_IRAM1 (Base: 0x20002000, Size: 0x00001c68, Max: 0x00002000, ABSOLUTE)

    Base Addr    Size         Type   Attr      Idx    E Section Name        Object

    0x20002000   0x00000040   Data   RW           20    .data               main.o
    0x20002040   0x00000004   Data   RW          323    .data               system_nrf51.o
    0x20002044   0x00000008   Data   RW          534    .data               ble_radio_notification.o
    0x2000204c   0x0000000c   Data   RW          610    .data               pstorage.o
    0x20002058   0x0000000c   Data   RW          755    .data               app_gpiote.o
    0x20002064   0x00000024   Data   RW          841    .data               app_timer.o
    0x20002088   0x00000014   Data   RW          985    .data               softdevice_handler.o
    0x2000209c   0x00000334   Zero   RW           18    .bss                main.o
    0x200023d0   0x00001094   Zero   RW          609    .bss                pstorage.o
    0x20003464   0x00000004   PAD
    0x20003468   0x00000800   Zero   RW          311    STACK               arm_startup_nrf51.o


==============================================================================

Image component sizes


      Code (inc. data)   RO Data    RW Data    ZI Data      Debug   Object Name

       252         18          0         12          0       3812   app_gpiote.o
      1938        160          0         36          0      27135   app_timer.o
        56         18        192          0       2048        648   arm_startup_nrf51.o
      1092          6          0          0          0      10906   ble_advdata.o
        72          8          0          8          0       1964   ble_radio_notification.o
      2042        198         16         64        820      82382   main.o
      2000        114          0         12       4244      17595   pstorage.o
       190         26          0          0          0       4638   simple_uart.o
       264         24          0         20          0       5348   softdevice_handler.o
       156         26          0          4          0       1911   system_nrf51.o

    ----------------------------------------------------------------------
      8078        598        240        156       7116     156339   Object Totals
         0          0         32          0          0          0   (incl. Generated)
        16          0          0          0          4          0   (incl. Padding)

    ----------------------------------------------------------------------

      Code (inc. data)   RO Data    RW Data    ZI Data      Debug   Library Member Name

        60         10          0          0          0         84   __0sscanf.o
        30          0          0          0          0         60   _chval.o
       820         14          0          0          0         84   _scanf.o
       330          0          0          0          0         84   _scanf_int.o
        68          0          0          0          0         76   _sgetc.o
        36          4         64          0          0         60   ctype_c.o
         0          0          0          0          0          0   entry.o
         0          0          0          0          0          0   entry10a.o
         0          0          0          0          0          0   entry11a.o
         8          4          0          0          0          0   entry2.o
         4          0          0          0          0          0   entry5.o
         0          0          0          0          0          0   entry7b.o
         0          0          0          0          0          0   entry8b.o
         8          4          0          0          0          0   entry9a.o
        30          0          0          0          0          0   handlers.o
        36          8          0          0          0         68   init.o
        14          0          0          0          0         68   isspace_c.o
        32          0          0          0          0         68   llshl.o
        34          0          0          0          0         68   llushr.o
        36          0          0          0          0         60   memcpya.o
        36          0          0          0          0        100   memseta.o
        44          8          0          0          0         84   scanf_char.o
        44          0          0          0          0         72   uidiv.o
        96          0          0          0          0         84   uldiv.o

    ----------------------------------------------------------------------
      1770         52         64          0          0       1120   Library Totals
         4          0          0          0          0          0   (incl. Padding)

    ----------------------------------------------------------------------

      Code (inc. data)   RO Data    RW Data    ZI Data      Debug   Library Name

      1766         52         64          0          0       1120   mc_p.l

    ----------------------------------------------------------------------
      1770         52         64          0          0       1120   Library Totals

    ----------------------------------------------------------------------

==============================================================================


      Code (inc. data)   RO Data    RW Data    ZI Data      Debug   

      9848        650        304        156       7116     153899   Grand Totals
      9848        650        304        156       7116     153899   ELF Image Totals
      9848        650        304        156          0          0   ROM Totals

==============================================================================

    Total RO  Size (Code + RO Data)                10152 (   9.91kB)
    Total RW  Size (RW Data + ZI Data)              7272 (   7.10kB)
    Total ROM Size (Code + RO Data + RW Data)      10308 (  10.07kB)

==============================================================================

